ARM GAS  C:\Users\ubald\AppData\Local\Temp\ccJ5TNL4.s 			page 1


   1              		.syntax unified
   2              		.cpu cortex-m0plus
   3              		.fpu softvfp
   4              		.eabi_attribute 20, 1
   5              		.eabi_attribute 21, 1
   6              		.eabi_attribute 23, 3
   7              		.eabi_attribute 24, 1
   8              		.eabi_attribute 25, 1
   9              		.eabi_attribute 26, 1
  10              		.eabi_attribute 30, 1
  11              		.eabi_attribute 34, 0
  12              		.eabi_attribute 18, 4
  13              		.thumb
  14              		.syntax unified
  15              		.file	"cyfitter_cfg.c"
  16              		.text
  17              	.Ltext0:
  18              		.cfi_sections	.debug_frame
  19              		.section	.psocinit,"ax",%progbits
  20              		.align	2
  21              		.code	16
  22              		.thumb_func
  23              		.type	ClockSetup, %function
  24              	ClockSetup:
  25              	.LFB4:
  26              		.file 1 "Generated_Source\\PSoC4\\cyfitter_cfg.c"
   1:Generated_Source\PSoC4/cyfitter_cfg.c **** 
   2:Generated_Source\PSoC4/cyfitter_cfg.c **** /*******************************************************************************
   3:Generated_Source\PSoC4/cyfitter_cfg.c **** * File Name: cyfitter_cfg.c
   4:Generated_Source\PSoC4/cyfitter_cfg.c **** * 
   5:Generated_Source\PSoC4/cyfitter_cfg.c **** * PSoC Creator  4.4
   6:Generated_Source\PSoC4/cyfitter_cfg.c **** *
   7:Generated_Source\PSoC4/cyfitter_cfg.c **** * Description:
   8:Generated_Source\PSoC4/cyfitter_cfg.c **** * This file contains device initialization code.
   9:Generated_Source\PSoC4/cyfitter_cfg.c **** * Except for the user defined sections in CyClockStartupError(), this file should not be modified.
  10:Generated_Source\PSoC4/cyfitter_cfg.c **** * This file is automatically generated by PSoC Creator.
  11:Generated_Source\PSoC4/cyfitter_cfg.c **** *
  12:Generated_Source\PSoC4/cyfitter_cfg.c **** ********************************************************************************
  13:Generated_Source\PSoC4/cyfitter_cfg.c **** * Copyright (c) 2007-2020 Cypress Semiconductor.  All rights reserved.
  14:Generated_Source\PSoC4/cyfitter_cfg.c **** * You may use this file only in accordance with the license, terms, conditions, 
  15:Generated_Source\PSoC4/cyfitter_cfg.c **** * disclaimers, and limitations in the end user license agreement accompanying 
  16:Generated_Source\PSoC4/cyfitter_cfg.c **** * the software package with which this file was provided.
  17:Generated_Source\PSoC4/cyfitter_cfg.c **** ********************************************************************************/
  18:Generated_Source\PSoC4/cyfitter_cfg.c **** 
  19:Generated_Source\PSoC4/cyfitter_cfg.c **** #include <string.h>
  20:Generated_Source\PSoC4/cyfitter_cfg.c **** #include "cytypes.h"
  21:Generated_Source\PSoC4/cyfitter_cfg.c **** #include "cydevice_trm.h"
  22:Generated_Source\PSoC4/cyfitter_cfg.c **** #include "cyfitter.h"
  23:Generated_Source\PSoC4/cyfitter_cfg.c **** #include "CyLib.h"
  24:Generated_Source\PSoC4/cyfitter_cfg.c **** #include "CyLFClk.h"
  25:Generated_Source\PSoC4/cyfitter_cfg.c **** #include "cyfitter_cfg.h"
  26:Generated_Source\PSoC4/cyfitter_cfg.c **** #include "cyapicallbacks.h"
  27:Generated_Source\PSoC4/cyfitter_cfg.c **** 
  28:Generated_Source\PSoC4/cyfitter_cfg.c **** 
  29:Generated_Source\PSoC4/cyfitter_cfg.c **** #if defined(__GNUC__) || defined(__ARMCC_VERSION)
  30:Generated_Source\PSoC4/cyfitter_cfg.c ****     #define CYPACKED 
  31:Generated_Source\PSoC4/cyfitter_cfg.c ****     #define CYPACKED_ATTR __attribute__ ((packed))
ARM GAS  C:\Users\ubald\AppData\Local\Temp\ccJ5TNL4.s 			page 2


  32:Generated_Source\PSoC4/cyfitter_cfg.c ****     #define CYALIGNED __attribute__ ((aligned))
  33:Generated_Source\PSoC4/cyfitter_cfg.c ****     #define CY_CFG_UNUSED __attribute__ ((unused))
  34:Generated_Source\PSoC4/cyfitter_cfg.c ****     #ifndef CY_CFG_SECTION
  35:Generated_Source\PSoC4/cyfitter_cfg.c ****         #define CY_CFG_SECTION __attribute__ ((section(".psocinit")))
  36:Generated_Source\PSoC4/cyfitter_cfg.c ****     #endif
  37:Generated_Source\PSoC4/cyfitter_cfg.c ****     
  38:Generated_Source\PSoC4/cyfitter_cfg.c ****     #if defined(__ARMCC_VERSION)
  39:Generated_Source\PSoC4/cyfitter_cfg.c ****         #define CY_CFG_MEMORY_BARRIER() __memory_changed()
  40:Generated_Source\PSoC4/cyfitter_cfg.c ****     #else
  41:Generated_Source\PSoC4/cyfitter_cfg.c ****         #define CY_CFG_MEMORY_BARRIER() __sync_synchronize()
  42:Generated_Source\PSoC4/cyfitter_cfg.c ****     #endif
  43:Generated_Source\PSoC4/cyfitter_cfg.c ****     
  44:Generated_Source\PSoC4/cyfitter_cfg.c **** #elif defined(__ICCARM__)
  45:Generated_Source\PSoC4/cyfitter_cfg.c ****     #include <intrinsics.h>
  46:Generated_Source\PSoC4/cyfitter_cfg.c **** 
  47:Generated_Source\PSoC4/cyfitter_cfg.c ****     #define CYPACKED __packed
  48:Generated_Source\PSoC4/cyfitter_cfg.c ****     #define CYPACKED_ATTR 
  49:Generated_Source\PSoC4/cyfitter_cfg.c ****     #define CYALIGNED _Pragma("data_alignment=4")
  50:Generated_Source\PSoC4/cyfitter_cfg.c ****     #define CY_CFG_UNUSED _Pragma("diag_suppress=Pe177")
  51:Generated_Source\PSoC4/cyfitter_cfg.c ****     #define CY_CFG_SECTION _Pragma("location=\".psocinit\"")
  52:Generated_Source\PSoC4/cyfitter_cfg.c ****     
  53:Generated_Source\PSoC4/cyfitter_cfg.c ****     #define CY_CFG_MEMORY_BARRIER() __DMB()
  54:Generated_Source\PSoC4/cyfitter_cfg.c ****     
  55:Generated_Source\PSoC4/cyfitter_cfg.c **** #else
  56:Generated_Source\PSoC4/cyfitter_cfg.c ****     #error Unsupported toolchain
  57:Generated_Source\PSoC4/cyfitter_cfg.c **** #endif
  58:Generated_Source\PSoC4/cyfitter_cfg.c **** 
  59:Generated_Source\PSoC4/cyfitter_cfg.c **** #ifndef CYCODE
  60:Generated_Source\PSoC4/cyfitter_cfg.c ****     #define CYCODE
  61:Generated_Source\PSoC4/cyfitter_cfg.c **** #endif
  62:Generated_Source\PSoC4/cyfitter_cfg.c **** #ifndef CYDATA
  63:Generated_Source\PSoC4/cyfitter_cfg.c ****     #define CYDATA
  64:Generated_Source\PSoC4/cyfitter_cfg.c **** #endif
  65:Generated_Source\PSoC4/cyfitter_cfg.c **** #ifndef CYFAR
  66:Generated_Source\PSoC4/cyfitter_cfg.c ****     #define CYFAR
  67:Generated_Source\PSoC4/cyfitter_cfg.c **** #endif
  68:Generated_Source\PSoC4/cyfitter_cfg.c **** #ifndef CYXDATA
  69:Generated_Source\PSoC4/cyfitter_cfg.c ****     #define CYXDATA
  70:Generated_Source\PSoC4/cyfitter_cfg.c **** #endif
  71:Generated_Source\PSoC4/cyfitter_cfg.c **** 
  72:Generated_Source\PSoC4/cyfitter_cfg.c **** 
  73:Generated_Source\PSoC4/cyfitter_cfg.c **** CY_CFG_UNUSED
  74:Generated_Source\PSoC4/cyfitter_cfg.c **** static void CYMEMZERO(void *s, size_t n);
  75:Generated_Source\PSoC4/cyfitter_cfg.c **** CY_CFG_UNUSED
  76:Generated_Source\PSoC4/cyfitter_cfg.c **** static void CYMEMZERO(void *s, size_t n)
  77:Generated_Source\PSoC4/cyfitter_cfg.c **** {
  78:Generated_Source\PSoC4/cyfitter_cfg.c **** 	(void)memset(s, 0, n);
  79:Generated_Source\PSoC4/cyfitter_cfg.c **** }
  80:Generated_Source\PSoC4/cyfitter_cfg.c **** CY_CFG_UNUSED
  81:Generated_Source\PSoC4/cyfitter_cfg.c **** static void CYCONFIGCPY(void *dest, const void *src, size_t n);
  82:Generated_Source\PSoC4/cyfitter_cfg.c **** CY_CFG_UNUSED
  83:Generated_Source\PSoC4/cyfitter_cfg.c **** static void CYCONFIGCPY(void *dest, const void *src, size_t n)
  84:Generated_Source\PSoC4/cyfitter_cfg.c **** {
  85:Generated_Source\PSoC4/cyfitter_cfg.c **** 	(void)memcpy(dest, src, n);
  86:Generated_Source\PSoC4/cyfitter_cfg.c **** }
  87:Generated_Source\PSoC4/cyfitter_cfg.c **** CY_CFG_UNUSED
  88:Generated_Source\PSoC4/cyfitter_cfg.c **** static void CYCONFIGCPYCODE(void *dest, const void *src, size_t n);
ARM GAS  C:\Users\ubald\AppData\Local\Temp\ccJ5TNL4.s 			page 3


  89:Generated_Source\PSoC4/cyfitter_cfg.c **** CY_CFG_UNUSED
  90:Generated_Source\PSoC4/cyfitter_cfg.c **** static void CYCONFIGCPYCODE(void *dest, const void *src, size_t n)
  91:Generated_Source\PSoC4/cyfitter_cfg.c **** {
  92:Generated_Source\PSoC4/cyfitter_cfg.c **** 	(void)memcpy(dest, src, n);
  93:Generated_Source\PSoC4/cyfitter_cfg.c **** }
  94:Generated_Source\PSoC4/cyfitter_cfg.c **** 
  95:Generated_Source\PSoC4/cyfitter_cfg.c **** 
  96:Generated_Source\PSoC4/cyfitter_cfg.c **** 
  97:Generated_Source\PSoC4/cyfitter_cfg.c **** 
  98:Generated_Source\PSoC4/cyfitter_cfg.c **** /* Clock startup error codes                                                   */
  99:Generated_Source\PSoC4/cyfitter_cfg.c **** #define CYCLOCKSTART_NO_ERROR    0u
 100:Generated_Source\PSoC4/cyfitter_cfg.c **** #define CYCLOCKSTART_XTAL_ERROR  1u
 101:Generated_Source\PSoC4/cyfitter_cfg.c **** #define CYCLOCKSTART_32KHZ_ERROR 2u
 102:Generated_Source\PSoC4/cyfitter_cfg.c **** #define CYCLOCKSTART_PLL_ERROR   3u
 103:Generated_Source\PSoC4/cyfitter_cfg.c **** #define CYCLOCKSTART_FLL_ERROR   4u
 104:Generated_Source\PSoC4/cyfitter_cfg.c **** #define CYCLOCKSTART_WCO_ERROR   5u
 105:Generated_Source\PSoC4/cyfitter_cfg.c **** 
 106:Generated_Source\PSoC4/cyfitter_cfg.c **** 
 107:Generated_Source\PSoC4/cyfitter_cfg.c **** #ifdef CY_NEED_CYCLOCKSTARTUPERROR
 108:Generated_Source\PSoC4/cyfitter_cfg.c **** /*******************************************************************************
 109:Generated_Source\PSoC4/cyfitter_cfg.c **** * Function Name: CyClockStartupError
 110:Generated_Source\PSoC4/cyfitter_cfg.c **** ********************************************************************************
 111:Generated_Source\PSoC4/cyfitter_cfg.c **** * Summary:
 112:Generated_Source\PSoC4/cyfitter_cfg.c **** *  If an error is encountered during clock configuration (crystal startup error,
 113:Generated_Source\PSoC4/cyfitter_cfg.c **** *  PLL lock error, etc.), the system will end up here.  Unless reimplemented by
 114:Generated_Source\PSoC4/cyfitter_cfg.c **** *  the customer, this function will stop in an infinite loop.
 115:Generated_Source\PSoC4/cyfitter_cfg.c **** *
 116:Generated_Source\PSoC4/cyfitter_cfg.c **** * Parameters:
 117:Generated_Source\PSoC4/cyfitter_cfg.c **** *   void
 118:Generated_Source\PSoC4/cyfitter_cfg.c **** *
 119:Generated_Source\PSoC4/cyfitter_cfg.c **** * Return:
 120:Generated_Source\PSoC4/cyfitter_cfg.c **** *   void
 121:Generated_Source\PSoC4/cyfitter_cfg.c **** *
 122:Generated_Source\PSoC4/cyfitter_cfg.c **** *******************************************************************************/
 123:Generated_Source\PSoC4/cyfitter_cfg.c **** CY_CFG_UNUSED
 124:Generated_Source\PSoC4/cyfitter_cfg.c **** static void CyClockStartupError(uint8 errorCode);
 125:Generated_Source\PSoC4/cyfitter_cfg.c **** CY_CFG_UNUSED
 126:Generated_Source\PSoC4/cyfitter_cfg.c **** static void CyClockStartupError(uint8 errorCode)
 127:Generated_Source\PSoC4/cyfitter_cfg.c **** {
 128:Generated_Source\PSoC4/cyfitter_cfg.c ****     /* To remove the compiler warning if errorCode not used.                */
 129:Generated_Source\PSoC4/cyfitter_cfg.c ****     errorCode = errorCode;
 130:Generated_Source\PSoC4/cyfitter_cfg.c **** 
 131:Generated_Source\PSoC4/cyfitter_cfg.c ****     /* If we have a clock startup error (bad MHz crystal, PLL lock, etc.),  */
 132:Generated_Source\PSoC4/cyfitter_cfg.c ****     /* we will end up here to allow the customer to implement something to  */
 133:Generated_Source\PSoC4/cyfitter_cfg.c ****     /* deal with the clock condition.                                       */
 134:Generated_Source\PSoC4/cyfitter_cfg.c **** 
 135:Generated_Source\PSoC4/cyfitter_cfg.c **** #ifdef CY_CFG_CLOCK_STARTUP_ERROR_CALLBACK
 136:Generated_Source\PSoC4/cyfitter_cfg.c ****     CY_CFG_Clock_Startup_ErrorCallback();
 137:Generated_Source\PSoC4/cyfitter_cfg.c **** #else
 138:Generated_Source\PSoC4/cyfitter_cfg.c ****     /*  If not using CY_CFG_CLOCK_STARTUP_ERROR_CALLBACK, place your clock startup code here. */
 139:Generated_Source\PSoC4/cyfitter_cfg.c ****     /* `#START CyClockStartupError` */
 140:Generated_Source\PSoC4/cyfitter_cfg.c **** 
 141:Generated_Source\PSoC4/cyfitter_cfg.c **** 
 142:Generated_Source\PSoC4/cyfitter_cfg.c **** 
 143:Generated_Source\PSoC4/cyfitter_cfg.c ****     /* `#END` */
 144:Generated_Source\PSoC4/cyfitter_cfg.c **** 
 145:Generated_Source\PSoC4/cyfitter_cfg.c ****     while(1) {}
ARM GAS  C:\Users\ubald\AppData\Local\Temp\ccJ5TNL4.s 			page 4


 146:Generated_Source\PSoC4/cyfitter_cfg.c **** #endif /* CY_CFG_CLOCK_STARTUP_ERROR_CALLBACK */
 147:Generated_Source\PSoC4/cyfitter_cfg.c **** }
 148:Generated_Source\PSoC4/cyfitter_cfg.c **** #endif
 149:Generated_Source\PSoC4/cyfitter_cfg.c **** 
 150:Generated_Source\PSoC4/cyfitter_cfg.c **** 
 151:Generated_Source\PSoC4/cyfitter_cfg.c **** 
 152:Generated_Source\PSoC4/cyfitter_cfg.c **** /*******************************************************************************
 153:Generated_Source\PSoC4/cyfitter_cfg.c **** * Function Name: ClockSetup
 154:Generated_Source\PSoC4/cyfitter_cfg.c **** ********************************************************************************
 155:Generated_Source\PSoC4/cyfitter_cfg.c **** *
 156:Generated_Source\PSoC4/cyfitter_cfg.c **** * Summary:
 157:Generated_Source\PSoC4/cyfitter_cfg.c **** *   Performs the initialization of all of the clocks in the device based on the
 158:Generated_Source\PSoC4/cyfitter_cfg.c **** *   settings in the Clock tab of the DWR.  This includes enabling the requested
 159:Generated_Source\PSoC4/cyfitter_cfg.c **** *   clocks and setting the necessary dividers to produce the desired frequency. 
 160:Generated_Source\PSoC4/cyfitter_cfg.c **** *
 161:Generated_Source\PSoC4/cyfitter_cfg.c **** * Parameters:
 162:Generated_Source\PSoC4/cyfitter_cfg.c **** *   void
 163:Generated_Source\PSoC4/cyfitter_cfg.c **** *
 164:Generated_Source\PSoC4/cyfitter_cfg.c **** * Return:
 165:Generated_Source\PSoC4/cyfitter_cfg.c **** *   void
 166:Generated_Source\PSoC4/cyfitter_cfg.c **** *
 167:Generated_Source\PSoC4/cyfitter_cfg.c **** *******************************************************************************/
 168:Generated_Source\PSoC4/cyfitter_cfg.c **** static void ClockSetup(void);
 169:Generated_Source\PSoC4/cyfitter_cfg.c **** CY_CFG_SECTION
 170:Generated_Source\PSoC4/cyfitter_cfg.c **** static void ClockSetup(void)
 171:Generated_Source\PSoC4/cyfitter_cfg.c **** {
  27              		.loc 1 171 0
  28              		.cfi_startproc
  29              		@ args = 0, pretend = 0, frame = 0
  30              		@ frame_needed = 0, uses_anonymous_args = 0
  31 0000 70B5     		push	{r4, r5, r6, lr}
  32              		.cfi_def_cfa_offset 16
  33              		.cfi_offset 4, -16
  34              		.cfi_offset 5, -12
  35              		.cfi_offset 6, -8
  36              		.cfi_offset 14, -4
 172:Generated_Source\PSoC4/cyfitter_cfg.c **** 
 173:Generated_Source\PSoC4/cyfitter_cfg.c **** 	/* Set Flash Cycles based on max possible frequency in case a glitch occurs during ClockSetup(). *
 174:Generated_Source\PSoC4/cyfitter_cfg.c **** 	CY_SET_REG32((void CYXDATA *)(CYREG_CPUSS_FLASH_CTL), (0x0012u));
  37              		.loc 1 174 0
  38 0002 1A4C     		ldr	r4, .L2
  39 0004 1223     		movs	r3, #18
  40 0006 2360     		str	r3, [r4]
 175:Generated_Source\PSoC4/cyfitter_cfg.c **** 	/* Update IMO to new clock speed. */
 176:Generated_Source\PSoC4/cyfitter_cfg.c **** 	CySysClkWriteImoFreq(24u);
  41              		.loc 1 176 0
  42 0008 1820     		movs	r0, #24
  43 000a FFF7FEFF 		bl	CySysClkWriteImoFreq
  44              	.LVL0:
 177:Generated_Source\PSoC4/cyfitter_cfg.c **** 
 178:Generated_Source\PSoC4/cyfitter_cfg.c **** 	/* Setup phase aligned clocks */
 179:Generated_Source\PSoC4/cyfitter_cfg.c **** 	CY_SET_REG32((void *)CYREG_PERI_DIV_16_CTL1, 0x00000B00u);
  45              		.loc 1 179 0
  46 000e B022     		movs	r2, #176
  47 0010 1201     		lsls	r2, r2, #4
  48 0012 174B     		ldr	r3, .L2+4
  49 0014 1A60     		str	r2, [r3]
ARM GAS  C:\Users\ubald\AppData\Local\Temp\ccJ5TNL4.s 			page 5


 180:Generated_Source\PSoC4/cyfitter_cfg.c **** 	CY_SET_REG32((void *)CYREG_PERI_DIV_CMD, 0x8000FF41u);
  50              		.loc 1 180 0
  51 0016 174B     		ldr	r3, .L2+8
  52 0018 174A     		ldr	r2, .L2+12
  53 001a 1A60     		str	r2, [r3]
 181:Generated_Source\PSoC4/cyfitter_cfg.c **** 	CY_SET_REG32((void *)CYREG_PERI_DIV_16_CTL0, 0x0000FE00u);
  54              		.loc 1 181 0
  55 001c FE21     		movs	r1, #254
  56 001e 0902     		lsls	r1, r1, #8
  57 0020 164A     		ldr	r2, .L2+16
  58 0022 1160     		str	r1, [r2]
 182:Generated_Source\PSoC4/cyfitter_cfg.c **** 	CY_SET_REG32((void *)CYREG_PERI_DIV_CMD, 0x8000FF40u);
  59              		.loc 1 182 0
  60 0024 164A     		ldr	r2, .L2+20
  61 0026 1A60     		str	r2, [r3]
 183:Generated_Source\PSoC4/cyfitter_cfg.c **** 	CY_SET_REG32((void *)CYREG_PERI_DIV_16_CTL2, 0x00001000u);
  62              		.loc 1 183 0
  63 0028 8021     		movs	r1, #128
  64 002a 4901     		lsls	r1, r1, #5
  65 002c 154A     		ldr	r2, .L2+24
  66 002e 1160     		str	r1, [r2]
 184:Generated_Source\PSoC4/cyfitter_cfg.c **** 	CY_SET_REG32((void *)CYREG_PERI_DIV_CMD, 0x8000FF42u);
  67              		.loc 1 184 0
  68 0030 154A     		ldr	r2, .L2+28
  69 0032 1A60     		str	r2, [r3]
 185:Generated_Source\PSoC4/cyfitter_cfg.c **** 
 186:Generated_Source\PSoC4/cyfitter_cfg.c **** 	/* CYDEV_CLK_SELECT Starting address: CYDEV_CLK_SELECT */
 187:Generated_Source\PSoC4/cyfitter_cfg.c **** 	CY_SET_REG32((void *)(CYREG_CLK_SELECT), 0x00000000u);
  70              		.loc 1 187 0
  71 0034 0025     		movs	r5, #0
  72 0036 154B     		ldr	r3, .L2+32
  73 0038 1D60     		str	r5, [r3]
 188:Generated_Source\PSoC4/cyfitter_cfg.c **** 
 189:Generated_Source\PSoC4/cyfitter_cfg.c **** 	/* CYDEV_PERI_PCLK_CTL11 Starting address: CYDEV_PERI_PCLK_CTL11 */
 190:Generated_Source\PSoC4/cyfitter_cfg.c **** 	CY_SET_REG32((void *)(CYREG_PERI_PCLK_CTL11), 0x00000041u);
  74              		.loc 1 190 0
  75 003a 4122     		movs	r2, #65
  76 003c 144B     		ldr	r3, .L2+36
  77 003e 1A60     		str	r2, [r3]
 191:Generated_Source\PSoC4/cyfitter_cfg.c **** 
 192:Generated_Source\PSoC4/cyfitter_cfg.c **** 	/* CYDEV_PERI_PCLK_CTL5 Starting address: CYDEV_PERI_PCLK_CTL5 */
 193:Generated_Source\PSoC4/cyfitter_cfg.c **** 	CY_SET_REG32((void *)(CYREG_PERI_PCLK_CTL5), 0x00000040u);
  78              		.loc 1 193 0
  79 0040 013A     		subs	r2, r2, #1
  80 0042 144B     		ldr	r3, .L2+40
  81 0044 1A60     		str	r2, [r3]
 194:Generated_Source\PSoC4/cyfitter_cfg.c **** 
 195:Generated_Source\PSoC4/cyfitter_cfg.c **** 	/* CYDEV_PERI_PCLK_CTL3 Starting address: CYDEV_PERI_PCLK_CTL3 */
 196:Generated_Source\PSoC4/cyfitter_cfg.c **** 	CY_SET_REG32((void *)(CYREG_PERI_PCLK_CTL3), 0x00000042u);
  82              		.loc 1 196 0
  83 0046 0232     		adds	r2, r2, #2
  84 0048 134B     		ldr	r3, .L2+44
  85 004a 1A60     		str	r2, [r3]
 197:Generated_Source\PSoC4/cyfitter_cfg.c **** 
 198:Generated_Source\PSoC4/cyfitter_cfg.c **** 	(void)CyIntSetVector(13u, &CySysTimerIsr);
  86              		.loc 1 198 0
  87 004c 1349     		ldr	r1, .L2+48
ARM GAS  C:\Users\ubald\AppData\Local\Temp\ccJ5TNL4.s 			page 6


  88 004e 0D20     		movs	r0, #13
  89 0050 FFF7FEFF 		bl	CyIntSetVector
  90              	.LVL1:
 199:Generated_Source\PSoC4/cyfitter_cfg.c **** 	CyIntEnable(13u);
  91              		.loc 1 199 0
  92 0054 0D20     		movs	r0, #13
  93 0056 FFF7FEFF 		bl	CyIntEnable
  94              	.LVL2:
 200:Generated_Source\PSoC4/cyfitter_cfg.c **** 	CY_SET_REG32((void *)(CYREG_WCO_WDT_CONFIG), 0x00000000u);
  95              		.loc 1 200 0
  96 005a 114B     		ldr	r3, .L2+52
  97 005c 1D60     		str	r5, [r3]
 201:Generated_Source\PSoC4/cyfitter_cfg.c **** 	CySysClkSetTimerSource(CY_SYS_CLK_TIMER_SRC_ILO);
  98              		.loc 1 201 0
  99 005e 0020     		movs	r0, #0
 100 0060 FFF7FEFF 		bl	CySysClkSetTimerSource
 101              	.LVL3:
 202:Generated_Source\PSoC4/cyfitter_cfg.c **** 	/* Set Flash Cycles based on newly configured 24.00MHz HFCLK. */
 203:Generated_Source\PSoC4/cyfitter_cfg.c **** 	CY_SET_REG32((void CYXDATA *)(CYREG_CPUSS_FLASH_CTL), (0x0011u));
 102              		.loc 1 203 0
 103 0064 1123     		movs	r3, #17
 104 0066 2360     		str	r3, [r4]
 204:Generated_Source\PSoC4/cyfitter_cfg.c **** }
 105              		.loc 1 204 0
 106              		@ sp needed
 107 0068 70BD     		pop	{r4, r5, r6, pc}
 108              	.L3:
 109 006a C046     		.align	2
 110              	.L2:
 111 006c 30001040 		.word	1074790448
 112 0070 04030140 		.word	1073808132
 113 0074 00000140 		.word	1073807360
 114 0078 41FF0080 		.word	-2147418303
 115 007c 00030140 		.word	1073808128
 116 0080 40FF0080 		.word	-2147418304
 117 0084 08030140 		.word	1073808136
 118 0088 42FF0080 		.word	-2147418302
 119 008c 28000340 		.word	1073938472
 120 0090 2C010140 		.word	1073807660
 121 0094 14010140 		.word	1073807636
 122 0098 0C010140 		.word	1073807628
 123 009c 00000000 		.word	CySysTimerIsr
 124 00a0 0C022240 		.word	1075970572
 125              		.cfi_endproc
 126              	.LFE4:
 127              		.size	ClockSetup, .-ClockSetup
 128              		.section	.text.SetAnalogRoutingPumps,"ax",%progbits
 129              		.align	2
 130              		.global	SetAnalogRoutingPumps
 131              		.code	16
 132              		.thumb_func
 133              		.type	SetAnalogRoutingPumps, %function
 134              	SetAnalogRoutingPumps:
 135              	.LFB6:
 205:Generated_Source\PSoC4/cyfitter_cfg.c **** 
 206:Generated_Source\PSoC4/cyfitter_cfg.c **** 
 207:Generated_Source\PSoC4/cyfitter_cfg.c **** /* Analog API Functions */
ARM GAS  C:\Users\ubald\AppData\Local\Temp\ccJ5TNL4.s 			page 7


 208:Generated_Source\PSoC4/cyfitter_cfg.c **** 
 209:Generated_Source\PSoC4/cyfitter_cfg.c **** 
 210:Generated_Source\PSoC4/cyfitter_cfg.c **** /*******************************************************************************
 211:Generated_Source\PSoC4/cyfitter_cfg.c **** * Function Name: AnalogSetDefault
 212:Generated_Source\PSoC4/cyfitter_cfg.c **** ********************************************************************************
 213:Generated_Source\PSoC4/cyfitter_cfg.c **** *
 214:Generated_Source\PSoC4/cyfitter_cfg.c **** * Summary:
 215:Generated_Source\PSoC4/cyfitter_cfg.c **** *  Sets up the analog portions of the chip to default values based on chip
 216:Generated_Source\PSoC4/cyfitter_cfg.c **** *  configuration options from the project.
 217:Generated_Source\PSoC4/cyfitter_cfg.c **** *
 218:Generated_Source\PSoC4/cyfitter_cfg.c **** * Parameters:
 219:Generated_Source\PSoC4/cyfitter_cfg.c **** *  void
 220:Generated_Source\PSoC4/cyfitter_cfg.c **** *
 221:Generated_Source\PSoC4/cyfitter_cfg.c **** * Return:
 222:Generated_Source\PSoC4/cyfitter_cfg.c **** *  void
 223:Generated_Source\PSoC4/cyfitter_cfg.c **** *
 224:Generated_Source\PSoC4/cyfitter_cfg.c **** *******************************************************************************/
 225:Generated_Source\PSoC4/cyfitter_cfg.c **** static void AnalogSetDefault(void);
 226:Generated_Source\PSoC4/cyfitter_cfg.c **** static void AnalogSetDefault(void)
 227:Generated_Source\PSoC4/cyfitter_cfg.c **** {
 228:Generated_Source\PSoC4/cyfitter_cfg.c **** 	CY_SET_XTND_REG32((void CYFAR *)CYREG_HSIOM_AMUX_SPLIT_CTL0, 0x00000003u);
 229:Generated_Source\PSoC4/cyfitter_cfg.c **** 	CY_SET_XTND_REG32((void CYFAR *)CYREG_CTBM0_DFT_CTRL, 0x00000003u);
 230:Generated_Source\PSoC4/cyfitter_cfg.c **** 	CY_SET_XTND_REG32((void CYFAR *)CYREG_PASS_DSAB_DSAB_CTRL, 0x00000020u);
 231:Generated_Source\PSoC4/cyfitter_cfg.c **** 	SetAnalogRoutingPumps(1);
 232:Generated_Source\PSoC4/cyfitter_cfg.c **** }
 233:Generated_Source\PSoC4/cyfitter_cfg.c **** 
 234:Generated_Source\PSoC4/cyfitter_cfg.c **** 
 235:Generated_Source\PSoC4/cyfitter_cfg.c **** /*******************************************************************************
 236:Generated_Source\PSoC4/cyfitter_cfg.c **** * Function Name: SetAnalogRoutingPumps
 237:Generated_Source\PSoC4/cyfitter_cfg.c **** ********************************************************************************
 238:Generated_Source\PSoC4/cyfitter_cfg.c **** *
 239:Generated_Source\PSoC4/cyfitter_cfg.c **** * Summary:
 240:Generated_Source\PSoC4/cyfitter_cfg.c **** * Enables or disables the analog pumps feeding analog routing switches.
 241:Generated_Source\PSoC4/cyfitter_cfg.c **** * Intended to be called at startup, based on the Vdda system configuration;
 242:Generated_Source\PSoC4/cyfitter_cfg.c **** * may be called during operation when the user informs us that the Vdda voltage crossed the pump th
 243:Generated_Source\PSoC4/cyfitter_cfg.c **** *
 244:Generated_Source\PSoC4/cyfitter_cfg.c **** * Parameters:
 245:Generated_Source\PSoC4/cyfitter_cfg.c **** *  enabled - 1 to enable the pumps, 0 to disable the pumps
 246:Generated_Source\PSoC4/cyfitter_cfg.c **** *
 247:Generated_Source\PSoC4/cyfitter_cfg.c **** * Return:
 248:Generated_Source\PSoC4/cyfitter_cfg.c **** *  void
 249:Generated_Source\PSoC4/cyfitter_cfg.c **** *
 250:Generated_Source\PSoC4/cyfitter_cfg.c **** *******************************************************************************/
 251:Generated_Source\PSoC4/cyfitter_cfg.c **** void SetAnalogRoutingPumps(uint8 enabled)
 252:Generated_Source\PSoC4/cyfitter_cfg.c **** {
 136              		.loc 1 252 0
 137              		.cfi_startproc
 138              		@ args = 0, pretend = 0, frame = 0
 139              		@ frame_needed = 0, uses_anonymous_args = 0
 140              		@ link register save eliminated.
 141              	.LVL4:
 253:Generated_Source\PSoC4/cyfitter_cfg.c **** 	uint32 regValue = CY_GET_XTND_REG32((void *)(CYREG_SAR_PUMP_CTRL));
 142              		.loc 1 253 0
 143 0000 0B4B     		ldr	r3, .L9
 144 0002 1B68     		ldr	r3, [r3]
 145              	.LVL5:
 254:Generated_Source\PSoC4/cyfitter_cfg.c **** 	if (enabled != 0u)
ARM GAS  C:\Users\ubald\AppData\Local\Temp\ccJ5TNL4.s 			page 8


 146              		.loc 1 254 0
 147 0004 0028     		cmp	r0, #0
 148 0006 03D0     		beq	.L5
 255:Generated_Source\PSoC4/cyfitter_cfg.c **** 	{
 256:Generated_Source\PSoC4/cyfitter_cfg.c **** 		regValue |= 0x80000000u;
 149              		.loc 1 256 0
 150 0008 8022     		movs	r2, #128
 151 000a 1206     		lsls	r2, r2, #24
 152 000c 1343     		orrs	r3, r2
 153              	.LVL6:
 154 000e 01E0     		b	.L6
 155              	.L5:
 257:Generated_Source\PSoC4/cyfitter_cfg.c **** 	}
 258:Generated_Source\PSoC4/cyfitter_cfg.c **** 	else
 259:Generated_Source\PSoC4/cyfitter_cfg.c **** 	{
 260:Generated_Source\PSoC4/cyfitter_cfg.c **** 		regValue &= ~0x80000000u;
 156              		.loc 1 260 0
 157 0010 5B00     		lsls	r3, r3, #1
 158              	.LVL7:
 159 0012 5B08     		lsrs	r3, r3, #1
 160              	.LVL8:
 161              	.L6:
 261:Generated_Source\PSoC4/cyfitter_cfg.c **** 	}
 262:Generated_Source\PSoC4/cyfitter_cfg.c **** 	CY_SET_XTND_REG32((void *)(CYREG_SAR_PUMP_CTRL), regValue);
 162              		.loc 1 262 0
 163 0014 064A     		ldr	r2, .L9
 164 0016 1360     		str	r3, [r2]
 263:Generated_Source\PSoC4/cyfitter_cfg.c **** 	regValue = CY_GET_XTND_REG32((void *)(CYREG_CLK_SELECT));
 165              		.loc 1 263 0
 166 0018 064B     		ldr	r3, .L9+4
 167              	.LVL9:
 168 001a 1B68     		ldr	r3, [r3]
 169              	.LVL10:
 264:Generated_Source\PSoC4/cyfitter_cfg.c **** 	if (enabled != 0u)
 170              		.loc 1 264 0
 171 001c 0028     		cmp	r0, #0
 172 001e 02D0     		beq	.L7
 265:Generated_Source\PSoC4/cyfitter_cfg.c **** 	{
 266:Generated_Source\PSoC4/cyfitter_cfg.c **** 		regValue |= 0x00000020u;
 173              		.loc 1 266 0
 174 0020 2022     		movs	r2, #32
 175 0022 1343     		orrs	r3, r2
 176              	.LVL11:
 177 0024 01E0     		b	.L8
 178              	.L7:
 267:Generated_Source\PSoC4/cyfitter_cfg.c **** 	}
 268:Generated_Source\PSoC4/cyfitter_cfg.c **** 	else
 269:Generated_Source\PSoC4/cyfitter_cfg.c **** 	{
 270:Generated_Source\PSoC4/cyfitter_cfg.c **** 		regValue &= ~0x00000020u;
 179              		.loc 1 270 0
 180 0026 2022     		movs	r2, #32
 181 0028 9343     		bics	r3, r2
 182              	.LVL12:
 183              	.L8:
 271:Generated_Source\PSoC4/cyfitter_cfg.c **** 	}
 272:Generated_Source\PSoC4/cyfitter_cfg.c **** 	CY_SET_XTND_REG32((void *)(CYREG_CLK_SELECT), regValue);
 184              		.loc 1 272 0
ARM GAS  C:\Users\ubald\AppData\Local\Temp\ccJ5TNL4.s 			page 9


 185 002a 024A     		ldr	r2, .L9+4
 186 002c 1360     		str	r3, [r2]
 273:Generated_Source\PSoC4/cyfitter_cfg.c **** }
 187              		.loc 1 273 0
 188              		@ sp needed
 189 002e 7047     		bx	lr
 190              	.L10:
 191              		.align	2
 192              	.L9:
 193 0030 80033A40 		.word	1077543808
 194 0034 28000340 		.word	1073938472
 195              		.cfi_endproc
 196              	.LFE6:
 197              		.size	SetAnalogRoutingPumps, .-SetAnalogRoutingPumps
 198              		.section	.text.AnalogSetDefault,"ax",%progbits
 199              		.align	2
 200              		.code	16
 201              		.thumb_func
 202              		.type	AnalogSetDefault, %function
 203              	AnalogSetDefault:
 204              	.LFB5:
 227:Generated_Source\PSoC4/cyfitter_cfg.c **** 	CY_SET_XTND_REG32((void CYFAR *)CYREG_HSIOM_AMUX_SPLIT_CTL0, 0x00000003u);
 205              		.loc 1 227 0
 206              		.cfi_startproc
 207              		@ args = 0, pretend = 0, frame = 0
 208              		@ frame_needed = 0, uses_anonymous_args = 0
 209 0000 10B5     		push	{r4, lr}
 210              		.cfi_def_cfa_offset 8
 211              		.cfi_offset 4, -8
 212              		.cfi_offset 14, -4
 228:Generated_Source\PSoC4/cyfitter_cfg.c **** 	CY_SET_XTND_REG32((void CYFAR *)CYREG_CTBM0_DFT_CTRL, 0x00000003u);
 213              		.loc 1 228 0
 214 0002 0323     		movs	r3, #3
 215 0004 054A     		ldr	r2, .L12
 216 0006 1360     		str	r3, [r2]
 229:Generated_Source\PSoC4/cyfitter_cfg.c **** 	CY_SET_XTND_REG32((void CYFAR *)CYREG_PASS_DSAB_DSAB_CTRL, 0x00000020u);
 217              		.loc 1 229 0
 218 0008 054A     		ldr	r2, .L12+4
 219 000a 1360     		str	r3, [r2]
 230:Generated_Source\PSoC4/cyfitter_cfg.c **** 	SetAnalogRoutingPumps(1);
 220              		.loc 1 230 0
 221 000c 2022     		movs	r2, #32
 222 000e 054B     		ldr	r3, .L12+8
 223 0010 1A60     		str	r2, [r3]
 231:Generated_Source\PSoC4/cyfitter_cfg.c **** }
 224              		.loc 1 231 0
 225 0012 0120     		movs	r0, #1
 226 0014 FFF7FEFF 		bl	SetAnalogRoutingPumps
 227              	.LVL13:
 232:Generated_Source\PSoC4/cyfitter_cfg.c **** 
 228              		.loc 1 232 0
 229              		@ sp needed
 230 0018 10BD     		pop	{r4, pc}
 231              	.L13:
 232 001a C046     		.align	2
 233              	.L12:
 234 001c 00210240 		.word	1073881344
ARM GAS  C:\Users\ubald\AppData\Local\Temp\ccJ5TNL4.s 			page 10


 235 0020 30003040 		.word	1076887600
 236 0024 000E3F40 		.word	1077874176
 237              		.cfi_endproc
 238              	.LFE5:
 239              		.size	AnalogSetDefault, .-AnalogSetDefault
 240              		.section	.psocinit
 241              		.align	2
 242              		.global	cyfitter_cfg
 243              		.code	16
 244              		.thumb_func
 245              		.type	cyfitter_cfg, %function
 246              	cyfitter_cfg:
 247              	.LFB7:
 274:Generated_Source\PSoC4/cyfitter_cfg.c **** 
 275:Generated_Source\PSoC4/cyfitter_cfg.c **** 
 276:Generated_Source\PSoC4/cyfitter_cfg.c **** 
 277:Generated_Source\PSoC4/cyfitter_cfg.c **** 
 278:Generated_Source\PSoC4/cyfitter_cfg.c **** /*******************************************************************************
 279:Generated_Source\PSoC4/cyfitter_cfg.c **** * Function Name: cyfitter_cfg
 280:Generated_Source\PSoC4/cyfitter_cfg.c **** ********************************************************************************
 281:Generated_Source\PSoC4/cyfitter_cfg.c **** * Summary:
 282:Generated_Source\PSoC4/cyfitter_cfg.c **** *  This function is called by the start-up code for the selected device. It
 283:Generated_Source\PSoC4/cyfitter_cfg.c **** *  performs all of the necessary device configuration based on the design
 284:Generated_Source\PSoC4/cyfitter_cfg.c **** *  settings.  This includes settings from the Design Wide Resources (DWR) such
 285:Generated_Source\PSoC4/cyfitter_cfg.c **** *  as Clocks and Pins as well as any component configuration that is necessary.
 286:Generated_Source\PSoC4/cyfitter_cfg.c **** *
 287:Generated_Source\PSoC4/cyfitter_cfg.c **** * Parameters:
 288:Generated_Source\PSoC4/cyfitter_cfg.c **** *   void
 289:Generated_Source\PSoC4/cyfitter_cfg.c **** *
 290:Generated_Source\PSoC4/cyfitter_cfg.c **** * Return:
 291:Generated_Source\PSoC4/cyfitter_cfg.c **** *   void
 292:Generated_Source\PSoC4/cyfitter_cfg.c **** *
 293:Generated_Source\PSoC4/cyfitter_cfg.c **** *******************************************************************************/
 294:Generated_Source\PSoC4/cyfitter_cfg.c **** CY_CFG_SECTION
 295:Generated_Source\PSoC4/cyfitter_cfg.c **** void cyfitter_cfg(void)
 296:Generated_Source\PSoC4/cyfitter_cfg.c **** {
 248              		.loc 1 296 0
 249              		.cfi_startproc
 250              		@ args = 0, pretend = 0, frame = 0
 251              		@ frame_needed = 0, uses_anonymous_args = 0
 252 00a4 10B5     		push	{r4, lr}
 253              		.cfi_def_cfa_offset 8
 254              		.cfi_offset 4, -8
 255              		.cfi_offset 14, -4
 297:Generated_Source\PSoC4/cyfitter_cfg.c **** 	/* Disable interrupts by default. Let user enable if/when they want. */
 298:Generated_Source\PSoC4/cyfitter_cfg.c **** 	CyGlobalIntDisable;
 256              		.loc 1 298 0
 257              		.syntax divided
 258              	@ 298 "Generated_Source\PSoC4\cyfitter_cfg.c" 1
 259 00a6 72B6     		CPSID   i
 260              	@ 0 "" 2
 299:Generated_Source\PSoC4/cyfitter_cfg.c **** 
 300:Generated_Source\PSoC4/cyfitter_cfg.c **** 	{
 301:Generated_Source\PSoC4/cyfitter_cfg.c **** 		/* HSIOM Starting address: CYDEV_HSIOM_BASE */
 302:Generated_Source\PSoC4/cyfitter_cfg.c **** 		CY_SET_REG32((void *)(CYREG_HSIOM_PORT_SEL3), 0x0000EE00u);
 261              		.loc 1 302 0
 262              		.thumb
ARM GAS  C:\Users\ubald\AppData\Local\Temp\ccJ5TNL4.s 			page 11


 263              		.syntax unified
 264 00a8 EE22     		movs	r2, #238
 265 00aa 1202     		lsls	r2, r2, #8
 266 00ac 154B     		ldr	r3, .L15
 267 00ae 1A60     		str	r2, [r3]
 303:Generated_Source\PSoC4/cyfitter_cfg.c **** 		CY_SET_REG32((void *)(CYREG_HSIOM_PORT_SEL5), 0x00000800u);
 268              		.loc 1 303 0
 269 00b0 8022     		movs	r2, #128
 270 00b2 1201     		lsls	r2, r2, #4
 271 00b4 144B     		ldr	r3, .L15+4
 272 00b6 1A60     		str	r2, [r3]
 304:Generated_Source\PSoC4/cyfitter_cfg.c **** 		CY_SET_REG32((void *)(CYREG_HSIOM_PORT_SEL7), 0x00000090u);
 273              		.loc 1 304 0
 274 00b8 9022     		movs	r2, #144
 275 00ba 144B     		ldr	r3, .L15+8
 276 00bc 1A60     		str	r2, [r3]
 305:Generated_Source\PSoC4/cyfitter_cfg.c **** 
 306:Generated_Source\PSoC4/cyfitter_cfg.c **** 	}
 307:Generated_Source\PSoC4/cyfitter_cfg.c **** 
 308:Generated_Source\PSoC4/cyfitter_cfg.c **** 	/* Perform second pass device configuration. These items must be configured in specific order afte
 309:Generated_Source\PSoC4/cyfitter_cfg.c **** 	/* IOPINS0_2 Starting address: CYDEV_GPIO_PRT2_BASE */
 310:Generated_Source\PSoC4/cyfitter_cfg.c **** 	CY_SET_REG32((void *)(CYREG_GPIO_PRT2_PC2), 0x00000080u);
 277              		.loc 1 310 0
 278 00be 103A     		subs	r2, r2, #16
 279 00c0 134B     		ldr	r3, .L15+12
 280 00c2 1A60     		str	r2, [r3]
 311:Generated_Source\PSoC4/cyfitter_cfg.c **** 
 312:Generated_Source\PSoC4/cyfitter_cfg.c **** 	/* IOPINS0_3 Starting address: CYDEV_GPIO_PRT3_BASE */
 313:Generated_Source\PSoC4/cyfitter_cfg.c **** 	CY_SET_REG32((void *)(CYREG_GPIO_PRT3_PC), 0x00000D80u);
 281              		.loc 1 313 0
 282 00c4 D822     		movs	r2, #216
 283 00c6 1201     		lsls	r2, r2, #4
 284 00c8 124B     		ldr	r3, .L15+16
 285 00ca 1A60     		str	r2, [r3]
 314:Generated_Source\PSoC4/cyfitter_cfg.c **** 
 315:Generated_Source\PSoC4/cyfitter_cfg.c **** 	/* IOPINS0_4 Starting address: CYDEV_GPIO_PRT4_BASE */
 316:Generated_Source\PSoC4/cyfitter_cfg.c **** 	CY_SET_REG32((void *)(CYREG_GPIO_PRT4_PC2), 0x00000002u);
 286              		.loc 1 316 0
 287 00cc 0223     		movs	r3, #2
 288 00ce 124A     		ldr	r2, .L15+20
 289 00d0 1360     		str	r3, [r2]
 317:Generated_Source\PSoC4/cyfitter_cfg.c **** 
 318:Generated_Source\PSoC4/cyfitter_cfg.c **** 	/* IOPINS0_5 Starting address: CYDEV_GPIO_PRT5_BASE */
 319:Generated_Source\PSoC4/cyfitter_cfg.c **** 	CY_SET_REG32((void *)(CYDEV_GPIO_PRT5_BASE), 0x00000004u);
 290              		.loc 1 319 0
 291 00d2 0421     		movs	r1, #4
 292 00d4 114A     		ldr	r2, .L15+24
 293 00d6 1160     		str	r1, [r2]
 320:Generated_Source\PSoC4/cyfitter_cfg.c **** 	CY_SET_REG32((void *)(CYREG_GPIO_PRT5_PC), 0x00000180u);
 294              		.loc 1 320 0
 295 00d8 7D31     		adds	r1, r1, #125
 296 00da FF31     		adds	r1, r1, #255
 297 00dc 104A     		ldr	r2, .L15+28
 298 00de 1160     		str	r1, [r2]
 321:Generated_Source\PSoC4/cyfitter_cfg.c **** 
 322:Generated_Source\PSoC4/cyfitter_cfg.c **** 	/* IOPINS0_6 Starting address: CYDEV_GPIO_PRT6_BASE */
 323:Generated_Source\PSoC4/cyfitter_cfg.c **** 	CY_SET_REG32((void *)(CYDEV_GPIO_PRT6_BASE), 0x00000037u);
ARM GAS  C:\Users\ubald\AppData\Local\Temp\ccJ5TNL4.s 			page 12


 299              		.loc 1 323 0
 300 00e0 3722     		movs	r2, #55
 301 00e2 1049     		ldr	r1, .L15+32
 302 00e4 0A60     		str	r2, [r1]
 324:Generated_Source\PSoC4/cyfitter_cfg.c **** 	CY_SET_REG32((void *)(CYREG_GPIO_PRT6_PC2), 0x00000037u);
 303              		.loc 1 324 0
 304 00e6 1049     		ldr	r1, .L15+36
 305 00e8 0A60     		str	r2, [r1]
 325:Generated_Source\PSoC4/cyfitter_cfg.c **** 
 326:Generated_Source\PSoC4/cyfitter_cfg.c **** 	/* IOPINS0_7 Starting address: CYDEV_GPIO_PRT7_BASE */
 327:Generated_Source\PSoC4/cyfitter_cfg.c **** 	CY_SET_REG32((void *)(CYDEV_GPIO_PRT7_BASE), 0x00000002u);
 306              		.loc 1 327 0
 307 00ea 104A     		ldr	r2, .L15+40
 308 00ec 1360     		str	r3, [r2]
 328:Generated_Source\PSoC4/cyfitter_cfg.c **** 	CY_SET_REG32((void *)(CYREG_GPIO_PRT7_PC), 0x00000030u);
 309              		.loc 1 328 0
 310 00ee 3021     		movs	r1, #48
 311 00f0 0F4A     		ldr	r2, .L15+44
 312 00f2 1160     		str	r1, [r2]
 329:Generated_Source\PSoC4/cyfitter_cfg.c **** 	CY_SET_REG32((void *)(CYREG_GPIO_PRT7_PC2), 0x00000002u);
 313              		.loc 1 329 0
 314 00f4 0F4A     		ldr	r2, .L15+48
 315 00f6 1360     		str	r3, [r2]
 330:Generated_Source\PSoC4/cyfitter_cfg.c **** 
 331:Generated_Source\PSoC4/cyfitter_cfg.c **** 
 332:Generated_Source\PSoC4/cyfitter_cfg.c **** 	/* Setup clocks based on selections from Clock DWR */
 333:Generated_Source\PSoC4/cyfitter_cfg.c **** 	ClockSetup();
 316              		.loc 1 333 0
 317 00f8 FFF782FF 		bl	ClockSetup
 318              	.LVL14:
 334:Generated_Source\PSoC4/cyfitter_cfg.c **** 
 335:Generated_Source\PSoC4/cyfitter_cfg.c **** 	/* Perform basic analog initialization to defaults */
 336:Generated_Source\PSoC4/cyfitter_cfg.c **** 	AnalogSetDefault();
 319              		.loc 1 336 0
 320 00fc FFF7FEFF 		bl	AnalogSetDefault
 321              	.LVL15:
 337:Generated_Source\PSoC4/cyfitter_cfg.c **** 
 338:Generated_Source\PSoC4/cyfitter_cfg.c **** }
 322              		.loc 1 338 0
 323              		@ sp needed
 324 0100 10BD     		pop	{r4, pc}
 325              	.L16:
 326 0102 C046     		.align	2
 327              	.L15:
 328 0104 00030240 		.word	1073873664
 329 0108 00050240 		.word	1073874176
 330 010c 00070240 		.word	1073874688
 331 0110 18020440 		.word	1074004504
 332 0114 08030440 		.word	1074004744
 333 0118 18040440 		.word	1074005016
 334 011c 00050440 		.word	1074005248
 335 0120 08050440 		.word	1074005256
 336 0124 00060440 		.word	1074005504
 337 0128 18060440 		.word	1074005528
 338 012c 00070440 		.word	1074005760
 339 0130 08070440 		.word	1074005768
 340 0134 18070440 		.word	1074005784
ARM GAS  C:\Users\ubald\AppData\Local\Temp\ccJ5TNL4.s 			page 13


 341              		.cfi_endproc
 342              	.LFE7:
 343              		.size	cyfitter_cfg, .-cyfitter_cfg
 344              		.text
 345              	.Letext0:
 346              		.file 2 "Generated_Source\\PSoC4\\cytypes.h"
 347              		.file 3 "Generated_Source\\PSoC4\\CyLib.h"
 348              		.file 4 "Generated_Source\\PSoC4\\CyLFClk.h"
 349              		.section	.debug_info,"",%progbits
 350              	.Ldebug_info0:
 351 0000 BF010000 		.4byte	0x1bf
 352 0004 0400     		.2byte	0x4
 353 0006 00000000 		.4byte	.Ldebug_abbrev0
 354 000a 04       		.byte	0x4
 355 000b 01       		.uleb128 0x1
 356 000c 40010000 		.4byte	.LASF25
 357 0010 0C       		.byte	0xc
 358 0011 DE010000 		.4byte	.LASF26
 359 0015 0D020000 		.4byte	.LASF27
 360 0019 00000000 		.4byte	.Ldebug_ranges0+0
 361 001d 00000000 		.4byte	0
 362 0021 00000000 		.4byte	.Ldebug_line0
 363 0025 02       		.uleb128 0x2
 364 0026 04       		.byte	0x4
 365 0027 05       		.byte	0x5
 366 0028 696E7400 		.ascii	"int\000"
 367 002c 03       		.uleb128 0x3
 368 002d 04       		.byte	0x4
 369 002e 07       		.byte	0x7
 370 002f C4000000 		.4byte	.LASF0
 371 0033 03       		.uleb128 0x3
 372 0034 08       		.byte	0x8
 373 0035 05       		.byte	0x5
 374 0036 F1000000 		.4byte	.LASF1
 375 003a 03       		.uleb128 0x3
 376 003b 08       		.byte	0x8
 377 003c 04       		.byte	0x4
 378 003d 34010000 		.4byte	.LASF2
 379 0041 03       		.uleb128 0x3
 380 0042 01       		.byte	0x1
 381 0043 06       		.byte	0x6
 382 0044 D2010000 		.4byte	.LASF3
 383 0048 03       		.uleb128 0x3
 384 0049 01       		.byte	0x1
 385 004a 08       		.byte	0x8
 386 004b 61000000 		.4byte	.LASF4
 387 004f 03       		.uleb128 0x3
 388 0050 02       		.byte	0x2
 389 0051 05       		.byte	0x5
 390 0052 0C010000 		.4byte	.LASF5
 391 0056 03       		.uleb128 0x3
 392 0057 02       		.byte	0x2
 393 0058 07       		.byte	0x7
 394 0059 48000000 		.4byte	.LASF6
 395 005d 03       		.uleb128 0x3
 396 005e 04       		.byte	0x4
 397 005f 05       		.byte	0x5
ARM GAS  C:\Users\ubald\AppData\Local\Temp\ccJ5TNL4.s 			page 14


 398 0060 2B010000 		.4byte	.LASF7
 399 0064 03       		.uleb128 0x3
 400 0065 04       		.byte	0x4
 401 0066 07       		.byte	0x7
 402 0067 6F000000 		.4byte	.LASF8
 403 006b 03       		.uleb128 0x3
 404 006c 08       		.byte	0x8
 405 006d 07       		.byte	0x7
 406 006e D1000000 		.4byte	.LASF9
 407 0072 03       		.uleb128 0x3
 408 0073 04       		.byte	0x4
 409 0074 07       		.byte	0x7
 410 0075 E8000000 		.4byte	.LASF10
 411 0079 03       		.uleb128 0x3
 412 007a 01       		.byte	0x1
 413 007b 08       		.byte	0x8
 414 007c FF000000 		.4byte	.LASF11
 415 0080 04       		.uleb128 0x4
 416 0081 81000000 		.4byte	.LASF12
 417 0085 02       		.byte	0x2
 418 0086 FB01     		.2byte	0x1fb
 419 0088 48000000 		.4byte	0x48
 420 008c 04       		.uleb128 0x4
 421 008d BD000000 		.4byte	.LASF13
 422 0091 02       		.byte	0x2
 423 0092 FD01     		.2byte	0x1fd
 424 0094 64000000 		.4byte	0x64
 425 0098 03       		.uleb128 0x3
 426 0099 04       		.byte	0x4
 427 009a 04       		.byte	0x4
 428 009b 5B000000 		.4byte	.LASF14
 429 009f 03       		.uleb128 0x3
 430 00a0 08       		.byte	0x8
 431 00a1 04       		.byte	0x4
 432 00a2 AA000000 		.4byte	.LASF15
 433 00a6 04       		.uleb128 0x4
 434 00a7 00000000 		.4byte	.LASF16
 435 00ab 02       		.byte	0x2
 436 00ac A702     		.2byte	0x2a7
 437 00ae B2000000 		.4byte	0xb2
 438 00b2 05       		.uleb128 0x5
 439 00b3 8C000000 		.4byte	0x8c
 440 00b7 06       		.uleb128 0x6
 441 00b8 3D000000 		.4byte	.LASF17
 442 00bc 01       		.byte	0x1
 443 00bd AA       		.byte	0xaa
 444 00be 00000000 		.4byte	.LFB4
 445 00c2 A4000000 		.4byte	.LFE4-.LFB4
 446 00c6 01       		.uleb128 0x1
 447 00c7 9C       		.byte	0x9c
 448 00c8 16010000 		.4byte	0x116
 449 00cc 07       		.uleb128 0x7
 450 00cd 0E000000 		.4byte	.LVL0
 451 00d1 96010000 		.4byte	0x196
 452 00d5 DF000000 		.4byte	0xdf
 453 00d9 08       		.uleb128 0x8
 454 00da 01       		.uleb128 0x1
ARM GAS  C:\Users\ubald\AppData\Local\Temp\ccJ5TNL4.s 			page 15


 455 00db 50       		.byte	0x50
 456 00dc 01       		.uleb128 0x1
 457 00dd 48       		.byte	0x48
 458 00de 00       		.byte	0
 459 00df 07       		.uleb128 0x7
 460 00e0 54000000 		.4byte	.LVL1
 461 00e4 A1010000 		.4byte	0x1a1
 462 00e8 F2000000 		.4byte	0xf2
 463 00ec 08       		.uleb128 0x8
 464 00ed 01       		.uleb128 0x1
 465 00ee 50       		.byte	0x50
 466 00ef 01       		.uleb128 0x1
 467 00f0 3D       		.byte	0x3d
 468 00f1 00       		.byte	0
 469 00f2 07       		.uleb128 0x7
 470 00f3 5A000000 		.4byte	.LVL2
 471 00f7 AC010000 		.4byte	0x1ac
 472 00fb 05010000 		.4byte	0x105
 473 00ff 08       		.uleb128 0x8
 474 0100 01       		.uleb128 0x1
 475 0101 50       		.byte	0x50
 476 0102 01       		.uleb128 0x1
 477 0103 3D       		.byte	0x3d
 478 0104 00       		.byte	0
 479 0105 09       		.uleb128 0x9
 480 0106 64000000 		.4byte	.LVL3
 481 010a B7010000 		.4byte	0x1b7
 482 010e 08       		.uleb128 0x8
 483 010f 01       		.uleb128 0x1
 484 0110 50       		.byte	0x50
 485 0111 02       		.uleb128 0x2
 486 0112 75       		.byte	0x75
 487 0113 00       		.sleb128 0
 488 0114 00       		.byte	0
 489 0115 00       		.byte	0
 490 0116 0A       		.uleb128 0xa
 491 0117 94000000 		.4byte	.LASF19
 492 011b 01       		.byte	0x1
 493 011c FB       		.byte	0xfb
 494 011d 00000000 		.4byte	.LFB6
 495 0121 38000000 		.4byte	.LFE6-.LFB6
 496 0125 01       		.uleb128 0x1
 497 0126 9C       		.byte	0x9c
 498 0127 48010000 		.4byte	0x148
 499 012b 0B       		.uleb128 0xb
 500 012c 04010000 		.4byte	.LASF28
 501 0130 01       		.byte	0x1
 502 0131 FB       		.byte	0xfb
 503 0132 80000000 		.4byte	0x80
 504 0136 01       		.uleb128 0x1
 505 0137 50       		.byte	0x50
 506 0138 0C       		.uleb128 0xc
 507 0139 04020000 		.4byte	.LASF29
 508 013d 01       		.byte	0x1
 509 013e FD       		.byte	0xfd
 510 013f 8C000000 		.4byte	0x8c
 511 0143 00000000 		.4byte	.LLST0
ARM GAS  C:\Users\ubald\AppData\Local\Temp\ccJ5TNL4.s 			page 16


 512 0147 00       		.byte	0
 513 0148 06       		.uleb128 0x6
 514 0149 06000000 		.4byte	.LASF18
 515 014d 01       		.byte	0x1
 516 014e E2       		.byte	0xe2
 517 014f 00000000 		.4byte	.LFB5
 518 0153 28000000 		.4byte	.LFE5-.LFB5
 519 0157 01       		.uleb128 0x1
 520 0158 9C       		.byte	0x9c
 521 0159 6D010000 		.4byte	0x16d
 522 015d 09       		.uleb128 0x9
 523 015e 18000000 		.4byte	.LVL13
 524 0162 16010000 		.4byte	0x116
 525 0166 08       		.uleb128 0x8
 526 0167 01       		.uleb128 0x1
 527 0168 50       		.byte	0x50
 528 0169 01       		.uleb128 0x1
 529 016a 31       		.byte	0x31
 530 016b 00       		.byte	0
 531 016c 00       		.byte	0
 532 016d 0D       		.uleb128 0xd
 533 016e 87000000 		.4byte	.LASF20
 534 0172 01       		.byte	0x1
 535 0173 2701     		.2byte	0x127
 536 0175 A4000000 		.4byte	.LFB7
 537 0179 94000000 		.4byte	.LFE7-.LFB7
 538 017d 01       		.uleb128 0x1
 539 017e 9C       		.byte	0x9c
 540 017f 96010000 		.4byte	0x196
 541 0183 0E       		.uleb128 0xe
 542 0184 FC000000 		.4byte	.LVL14
 543 0188 B7000000 		.4byte	0xb7
 544 018c 0E       		.uleb128 0xe
 545 018d 00010000 		.4byte	.LVL15
 546 0191 48010000 		.4byte	0x148
 547 0195 00       		.byte	0
 548 0196 0F       		.uleb128 0xf
 549 0197 16010000 		.4byte	.LASF21
 550 019b 16010000 		.4byte	.LASF21
 551 019f 03       		.byte	0x3
 552 01a0 6C       		.byte	0x6c
 553 01a1 0F       		.uleb128 0xf
 554 01a2 2E000000 		.4byte	.LASF22
 555 01a6 2E000000 		.4byte	.LASF22
 556 01aa 03       		.byte	0x3
 557 01ab D0       		.byte	0xd0
 558 01ac 0F       		.uleb128 0xf
 559 01ad B1000000 		.4byte	.LASF23
 560 01b1 B1000000 		.4byte	.LASF23
 561 01b5 03       		.byte	0x3
 562 01b6 D6       		.byte	0xd6
 563 01b7 0F       		.uleb128 0xf
 564 01b8 17000000 		.4byte	.LASF24
 565 01bc 17000000 		.4byte	.LASF24
 566 01c0 04       		.byte	0x4
 567 01c1 9F       		.byte	0x9f
 568 01c2 00       		.byte	0
ARM GAS  C:\Users\ubald\AppData\Local\Temp\ccJ5TNL4.s 			page 17


 569              		.section	.debug_abbrev,"",%progbits
 570              	.Ldebug_abbrev0:
 571 0000 01       		.uleb128 0x1
 572 0001 11       		.uleb128 0x11
 573 0002 01       		.byte	0x1
 574 0003 25       		.uleb128 0x25
 575 0004 0E       		.uleb128 0xe
 576 0005 13       		.uleb128 0x13
 577 0006 0B       		.uleb128 0xb
 578 0007 03       		.uleb128 0x3
 579 0008 0E       		.uleb128 0xe
 580 0009 1B       		.uleb128 0x1b
 581 000a 0E       		.uleb128 0xe
 582 000b 55       		.uleb128 0x55
 583 000c 17       		.uleb128 0x17
 584 000d 11       		.uleb128 0x11
 585 000e 01       		.uleb128 0x1
 586 000f 10       		.uleb128 0x10
 587 0010 17       		.uleb128 0x17
 588 0011 00       		.byte	0
 589 0012 00       		.byte	0
 590 0013 02       		.uleb128 0x2
 591 0014 24       		.uleb128 0x24
 592 0015 00       		.byte	0
 593 0016 0B       		.uleb128 0xb
 594 0017 0B       		.uleb128 0xb
 595 0018 3E       		.uleb128 0x3e
 596 0019 0B       		.uleb128 0xb
 597 001a 03       		.uleb128 0x3
 598 001b 08       		.uleb128 0x8
 599 001c 00       		.byte	0
 600 001d 00       		.byte	0
 601 001e 03       		.uleb128 0x3
 602 001f 24       		.uleb128 0x24
 603 0020 00       		.byte	0
 604 0021 0B       		.uleb128 0xb
 605 0022 0B       		.uleb128 0xb
 606 0023 3E       		.uleb128 0x3e
 607 0024 0B       		.uleb128 0xb
 608 0025 03       		.uleb128 0x3
 609 0026 0E       		.uleb128 0xe
 610 0027 00       		.byte	0
 611 0028 00       		.byte	0
 612 0029 04       		.uleb128 0x4
 613 002a 16       		.uleb128 0x16
 614 002b 00       		.byte	0
 615 002c 03       		.uleb128 0x3
 616 002d 0E       		.uleb128 0xe
 617 002e 3A       		.uleb128 0x3a
 618 002f 0B       		.uleb128 0xb
 619 0030 3B       		.uleb128 0x3b
 620 0031 05       		.uleb128 0x5
 621 0032 49       		.uleb128 0x49
 622 0033 13       		.uleb128 0x13
 623 0034 00       		.byte	0
 624 0035 00       		.byte	0
 625 0036 05       		.uleb128 0x5
ARM GAS  C:\Users\ubald\AppData\Local\Temp\ccJ5TNL4.s 			page 18


 626 0037 35       		.uleb128 0x35
 627 0038 00       		.byte	0
 628 0039 49       		.uleb128 0x49
 629 003a 13       		.uleb128 0x13
 630 003b 00       		.byte	0
 631 003c 00       		.byte	0
 632 003d 06       		.uleb128 0x6
 633 003e 2E       		.uleb128 0x2e
 634 003f 01       		.byte	0x1
 635 0040 03       		.uleb128 0x3
 636 0041 0E       		.uleb128 0xe
 637 0042 3A       		.uleb128 0x3a
 638 0043 0B       		.uleb128 0xb
 639 0044 3B       		.uleb128 0x3b
 640 0045 0B       		.uleb128 0xb
 641 0046 27       		.uleb128 0x27
 642 0047 19       		.uleb128 0x19
 643 0048 11       		.uleb128 0x11
 644 0049 01       		.uleb128 0x1
 645 004a 12       		.uleb128 0x12
 646 004b 06       		.uleb128 0x6
 647 004c 40       		.uleb128 0x40
 648 004d 18       		.uleb128 0x18
 649 004e 9742     		.uleb128 0x2117
 650 0050 19       		.uleb128 0x19
 651 0051 01       		.uleb128 0x1
 652 0052 13       		.uleb128 0x13
 653 0053 00       		.byte	0
 654 0054 00       		.byte	0
 655 0055 07       		.uleb128 0x7
 656 0056 898201   		.uleb128 0x4109
 657 0059 01       		.byte	0x1
 658 005a 11       		.uleb128 0x11
 659 005b 01       		.uleb128 0x1
 660 005c 31       		.uleb128 0x31
 661 005d 13       		.uleb128 0x13
 662 005e 01       		.uleb128 0x1
 663 005f 13       		.uleb128 0x13
 664 0060 00       		.byte	0
 665 0061 00       		.byte	0
 666 0062 08       		.uleb128 0x8
 667 0063 8A8201   		.uleb128 0x410a
 668 0066 00       		.byte	0
 669 0067 02       		.uleb128 0x2
 670 0068 18       		.uleb128 0x18
 671 0069 9142     		.uleb128 0x2111
 672 006b 18       		.uleb128 0x18
 673 006c 00       		.byte	0
 674 006d 00       		.byte	0
 675 006e 09       		.uleb128 0x9
 676 006f 898201   		.uleb128 0x4109
 677 0072 01       		.byte	0x1
 678 0073 11       		.uleb128 0x11
 679 0074 01       		.uleb128 0x1
 680 0075 31       		.uleb128 0x31
 681 0076 13       		.uleb128 0x13
 682 0077 00       		.byte	0
ARM GAS  C:\Users\ubald\AppData\Local\Temp\ccJ5TNL4.s 			page 19


 683 0078 00       		.byte	0
 684 0079 0A       		.uleb128 0xa
 685 007a 2E       		.uleb128 0x2e
 686 007b 01       		.byte	0x1
 687 007c 3F       		.uleb128 0x3f
 688 007d 19       		.uleb128 0x19
 689 007e 03       		.uleb128 0x3
 690 007f 0E       		.uleb128 0xe
 691 0080 3A       		.uleb128 0x3a
 692 0081 0B       		.uleb128 0xb
 693 0082 3B       		.uleb128 0x3b
 694 0083 0B       		.uleb128 0xb
 695 0084 27       		.uleb128 0x27
 696 0085 19       		.uleb128 0x19
 697 0086 11       		.uleb128 0x11
 698 0087 01       		.uleb128 0x1
 699 0088 12       		.uleb128 0x12
 700 0089 06       		.uleb128 0x6
 701 008a 40       		.uleb128 0x40
 702 008b 18       		.uleb128 0x18
 703 008c 9742     		.uleb128 0x2117
 704 008e 19       		.uleb128 0x19
 705 008f 01       		.uleb128 0x1
 706 0090 13       		.uleb128 0x13
 707 0091 00       		.byte	0
 708 0092 00       		.byte	0
 709 0093 0B       		.uleb128 0xb
 710 0094 05       		.uleb128 0x5
 711 0095 00       		.byte	0
 712 0096 03       		.uleb128 0x3
 713 0097 0E       		.uleb128 0xe
 714 0098 3A       		.uleb128 0x3a
 715 0099 0B       		.uleb128 0xb
 716 009a 3B       		.uleb128 0x3b
 717 009b 0B       		.uleb128 0xb
 718 009c 49       		.uleb128 0x49
 719 009d 13       		.uleb128 0x13
 720 009e 02       		.uleb128 0x2
 721 009f 18       		.uleb128 0x18
 722 00a0 00       		.byte	0
 723 00a1 00       		.byte	0
 724 00a2 0C       		.uleb128 0xc
 725 00a3 34       		.uleb128 0x34
 726 00a4 00       		.byte	0
 727 00a5 03       		.uleb128 0x3
 728 00a6 0E       		.uleb128 0xe
 729 00a7 3A       		.uleb128 0x3a
 730 00a8 0B       		.uleb128 0xb
 731 00a9 3B       		.uleb128 0x3b
 732 00aa 0B       		.uleb128 0xb
 733 00ab 49       		.uleb128 0x49
 734 00ac 13       		.uleb128 0x13
 735 00ad 02       		.uleb128 0x2
 736 00ae 17       		.uleb128 0x17
 737 00af 00       		.byte	0
 738 00b0 00       		.byte	0
 739 00b1 0D       		.uleb128 0xd
ARM GAS  C:\Users\ubald\AppData\Local\Temp\ccJ5TNL4.s 			page 20


 740 00b2 2E       		.uleb128 0x2e
 741 00b3 01       		.byte	0x1
 742 00b4 3F       		.uleb128 0x3f
 743 00b5 19       		.uleb128 0x19
 744 00b6 03       		.uleb128 0x3
 745 00b7 0E       		.uleb128 0xe
 746 00b8 3A       		.uleb128 0x3a
 747 00b9 0B       		.uleb128 0xb
 748 00ba 3B       		.uleb128 0x3b
 749 00bb 05       		.uleb128 0x5
 750 00bc 27       		.uleb128 0x27
 751 00bd 19       		.uleb128 0x19
 752 00be 11       		.uleb128 0x11
 753 00bf 01       		.uleb128 0x1
 754 00c0 12       		.uleb128 0x12
 755 00c1 06       		.uleb128 0x6
 756 00c2 40       		.uleb128 0x40
 757 00c3 18       		.uleb128 0x18
 758 00c4 9742     		.uleb128 0x2117
 759 00c6 19       		.uleb128 0x19
 760 00c7 01       		.uleb128 0x1
 761 00c8 13       		.uleb128 0x13
 762 00c9 00       		.byte	0
 763 00ca 00       		.byte	0
 764 00cb 0E       		.uleb128 0xe
 765 00cc 898201   		.uleb128 0x4109
 766 00cf 00       		.byte	0
 767 00d0 11       		.uleb128 0x11
 768 00d1 01       		.uleb128 0x1
 769 00d2 31       		.uleb128 0x31
 770 00d3 13       		.uleb128 0x13
 771 00d4 00       		.byte	0
 772 00d5 00       		.byte	0
 773 00d6 0F       		.uleb128 0xf
 774 00d7 2E       		.uleb128 0x2e
 775 00d8 00       		.byte	0
 776 00d9 3F       		.uleb128 0x3f
 777 00da 19       		.uleb128 0x19
 778 00db 3C       		.uleb128 0x3c
 779 00dc 19       		.uleb128 0x19
 780 00dd 6E       		.uleb128 0x6e
 781 00de 0E       		.uleb128 0xe
 782 00df 03       		.uleb128 0x3
 783 00e0 0E       		.uleb128 0xe
 784 00e1 3A       		.uleb128 0x3a
 785 00e2 0B       		.uleb128 0xb
 786 00e3 3B       		.uleb128 0x3b
 787 00e4 0B       		.uleb128 0xb
 788 00e5 00       		.byte	0
 789 00e6 00       		.byte	0
 790 00e7 00       		.byte	0
 791              		.section	.debug_loc,"",%progbits
 792              	.Ldebug_loc0:
 793              	.LLST0:
 794 0000 04000000 		.4byte	.LVL5
 795 0004 12000000 		.4byte	.LVL7
 796 0008 0100     		.2byte	0x1
ARM GAS  C:\Users\ubald\AppData\Local\Temp\ccJ5TNL4.s 			page 21


 797 000a 53       		.byte	0x53
 798 000b 14000000 		.4byte	.LVL8
 799 000f 1A000000 		.4byte	.LVL9
 800 0013 0100     		.2byte	0x1
 801 0015 53       		.byte	0x53
 802 0016 1A000000 		.4byte	.LVL9
 803 001a 1C000000 		.4byte	.LVL10
 804 001e 0200     		.2byte	0x2
 805 0020 72       		.byte	0x72
 806 0021 00       		.sleb128 0
 807 0022 1C000000 		.4byte	.LVL10
 808 0026 38000000 		.4byte	.LFE6
 809 002a 0100     		.2byte	0x1
 810 002c 53       		.byte	0x53
 811 002d 00000000 		.4byte	0
 812 0031 00000000 		.4byte	0
 813              		.section	.debug_aranges,"",%progbits
 814 0000 34000000 		.4byte	0x34
 815 0004 0200     		.2byte	0x2
 816 0006 00000000 		.4byte	.Ldebug_info0
 817 000a 04       		.byte	0x4
 818 000b 00       		.byte	0
 819 000c 0000     		.2byte	0
 820 000e 0000     		.2byte	0
 821 0010 00000000 		.4byte	.LFB4
 822 0014 A4000000 		.4byte	.LFE4-.LFB4
 823 0018 00000000 		.4byte	.LFB6
 824 001c 38000000 		.4byte	.LFE6-.LFB6
 825 0020 00000000 		.4byte	.LFB5
 826 0024 28000000 		.4byte	.LFE5-.LFB5
 827 0028 A4000000 		.4byte	.LFB7
 828 002c 94000000 		.4byte	.LFE7-.LFB7
 829 0030 00000000 		.4byte	0
 830 0034 00000000 		.4byte	0
 831              		.section	.debug_ranges,"",%progbits
 832              	.Ldebug_ranges0:
 833 0000 00000000 		.4byte	.LFB4
 834 0004 A4000000 		.4byte	.LFE4
 835 0008 00000000 		.4byte	.LFB6
 836 000c 38000000 		.4byte	.LFE6
 837 0010 00000000 		.4byte	.LFB5
 838 0014 28000000 		.4byte	.LFE5
 839 0018 A4000000 		.4byte	.LFB7
 840 001c 38010000 		.4byte	.LFE7
 841 0020 00000000 		.4byte	0
 842 0024 00000000 		.4byte	0
 843              		.section	.debug_line,"",%progbits
 844              	.Ldebug_line0:
 845 0000 CF000000 		.section	.debug_str,"MS",%progbits,1
 845      02006100 
 845      00000201 
 845      FB0E0D00 
 845      01010101 
 846              	.LASF16:
 847 0000 72656733 		.ascii	"reg32\000"
 847      3200
 848              	.LASF18:
ARM GAS  C:\Users\ubald\AppData\Local\Temp\ccJ5TNL4.s 			page 22


 849 0006 416E616C 		.ascii	"AnalogSetDefault\000"
 849      6F675365 
 849      74446566 
 849      61756C74 
 849      00
 850              	.LASF24:
 851 0017 43795379 		.ascii	"CySysClkSetTimerSource\000"
 851      73436C6B 
 851      53657454 
 851      696D6572 
 851      536F7572 
 852              	.LASF22:
 853 002e 4379496E 		.ascii	"CyIntSetVector\000"
 853      74536574 
 853      56656374 
 853      6F7200
 854              	.LASF17:
 855 003d 436C6F63 		.ascii	"ClockSetup\000"
 855      6B536574 
 855      757000
 856              	.LASF6:
 857 0048 73686F72 		.ascii	"short unsigned int\000"
 857      7420756E 
 857      7369676E 
 857      65642069 
 857      6E7400
 858              	.LASF14:
 859 005b 666C6F61 		.ascii	"float\000"
 859      7400
 860              	.LASF4:
 861 0061 756E7369 		.ascii	"unsigned char\000"
 861      676E6564 
 861      20636861 
 861      7200
 862              	.LASF8:
 863 006f 6C6F6E67 		.ascii	"long unsigned int\000"
 863      20756E73 
 863      69676E65 
 863      6420696E 
 863      7400
 864              	.LASF12:
 865 0081 75696E74 		.ascii	"uint8\000"
 865      3800
 866              	.LASF20:
 867 0087 63796669 		.ascii	"cyfitter_cfg\000"
 867      74746572 
 867      5F636667 
 867      00
 868              	.LASF19:
 869 0094 53657441 		.ascii	"SetAnalogRoutingPumps\000"
 869      6E616C6F 
 869      67526F75 
 869      74696E67 
 869      50756D70 
 870              	.LASF15:
 871 00aa 646F7562 		.ascii	"double\000"
 871      6C6500
ARM GAS  C:\Users\ubald\AppData\Local\Temp\ccJ5TNL4.s 			page 23


 872              	.LASF23:
 873 00b1 4379496E 		.ascii	"CyIntEnable\000"
 873      74456E61 
 873      626C6500 
 874              	.LASF13:
 875 00bd 75696E74 		.ascii	"uint32\000"
 875      333200
 876              	.LASF0:
 877 00c4 756E7369 		.ascii	"unsigned int\000"
 877      676E6564 
 877      20696E74 
 877      00
 878              	.LASF9:
 879 00d1 6C6F6E67 		.ascii	"long long unsigned int\000"
 879      206C6F6E 
 879      6720756E 
 879      7369676E 
 879      65642069 
 880              	.LASF10:
 881 00e8 73697A65 		.ascii	"sizetype\000"
 881      74797065 
 881      00
 882              	.LASF1:
 883 00f1 6C6F6E67 		.ascii	"long long int\000"
 883      206C6F6E 
 883      6720696E 
 883      7400
 884              	.LASF11:
 885 00ff 63686172 		.ascii	"char\000"
 885      00
 886              	.LASF28:
 887 0104 656E6162 		.ascii	"enabled\000"
 887      6C656400 
 888              	.LASF5:
 889 010c 73686F72 		.ascii	"short int\000"
 889      7420696E 
 889      7400
 890              	.LASF21:
 891 0116 43795379 		.ascii	"CySysClkWriteImoFreq\000"
 891      73436C6B 
 891      57726974 
 891      65496D6F 
 891      46726571 
 892              	.LASF7:
 893 012b 6C6F6E67 		.ascii	"long int\000"
 893      20696E74 
 893      00
 894              	.LASF2:
 895 0134 6C6F6E67 		.ascii	"long double\000"
 895      20646F75 
 895      626C6500 
 896              	.LASF25:
 897 0140 474E5520 		.ascii	"GNU C11 5.4.1 20160609 (release) [ARM/embedded-5-br"
 897      43313120 
 897      352E342E 
 897      31203230 
 897      31363036 
ARM GAS  C:\Users\ubald\AppData\Local\Temp\ccJ5TNL4.s 			page 24


 898 0173 616E6368 		.ascii	"anch revision 237715] -mcpu=cortex-m0plus -mthumb -"
 898      20726576 
 898      6973696F 
 898      6E203233 
 898      37373135 
 899 01a6 67202D4F 		.ascii	"g -Og -ffunction-sections -ffat-lto-objects\000"
 899      67202D66 
 899      66756E63 
 899      74696F6E 
 899      2D736563 
 900              	.LASF3:
 901 01d2 7369676E 		.ascii	"signed char\000"
 901      65642063 
 901      68617200 
 902              	.LASF26:
 903 01de 47656E65 		.ascii	"Generated_Source\\PSoC4\\cyfitter_cfg.c\000"
 903      72617465 
 903      645F536F 
 903      75726365 
 903      5C50536F 
 904              	.LASF29:
 905 0204 72656756 		.ascii	"regValue\000"
 905      616C7565 
 905      00
 906              	.LASF27:
 907 020d 433A5C55 		.ascii	"C:\\Users\\ubald\\Documents\\PSoC Creator\\Ejercici"
 907      73657273 
 907      5C756261 
 907      6C645C44 
 907      6F63756D 
 908 023b 6F345C53 		.ascii	"o4\\Servo.cydsn\000"
 908      6572766F 
 908      2E637964 
 908      736E00
 909              		.ident	"GCC: (GNU Tools for ARM Embedded Processors) 5.4.1 20160609 (release) [ARM/embedded-5-bran
