ARM GAS  C:\Users\ubald\AppData\Local\Temp\ccBRGH4b.s 			page 1


   1              		.syntax unified
   2              		.cpu cortex-m0plus
   3              		.fpu softvfp
   4              		.eabi_attribute 20, 1
   5              		.eabi_attribute 21, 1
   6              		.eabi_attribute 23, 3
   7              		.eabi_attribute 24, 1
   8              		.eabi_attribute 25, 1
   9              		.eabi_attribute 26, 1
  10              		.eabi_attribute 30, 1
  11              		.eabi_attribute 34, 0
  12              		.eabi_attribute 18, 4
  13              		.thumb
  14              		.syntax unified
  15              		.file	"cyfitter_cfg.c"
  16              		.text
  17              	.Ltext0:
  18              		.cfi_sections	.debug_frame
  19              		.section	.psocinit,"ax",%progbits
  20              		.align	2
  21              		.code	16
  22              		.thumb_func
  23              		.type	ClockSetup, %function
  24              	ClockSetup:
  25              	.LFB4:
  26              		.file 1 "Generated_Source\\PSoC4\\cyfitter_cfg.c"
   1:Generated_Source\PSoC4/cyfitter_cfg.c **** 
   2:Generated_Source\PSoC4/cyfitter_cfg.c **** /*******************************************************************************
   3:Generated_Source\PSoC4/cyfitter_cfg.c **** * File Name: cyfitter_cfg.c
   4:Generated_Source\PSoC4/cyfitter_cfg.c **** * 
   5:Generated_Source\PSoC4/cyfitter_cfg.c **** * PSoC Creator  4.4
   6:Generated_Source\PSoC4/cyfitter_cfg.c **** *
   7:Generated_Source\PSoC4/cyfitter_cfg.c **** * Description:
   8:Generated_Source\PSoC4/cyfitter_cfg.c **** * This file contains device initialization code.
   9:Generated_Source\PSoC4/cyfitter_cfg.c **** * Except for the user defined sections in CyClockStartupError(), this file should not be modified.
  10:Generated_Source\PSoC4/cyfitter_cfg.c **** * This file is automatically generated by PSoC Creator.
  11:Generated_Source\PSoC4/cyfitter_cfg.c **** *
  12:Generated_Source\PSoC4/cyfitter_cfg.c **** ********************************************************************************
  13:Generated_Source\PSoC4/cyfitter_cfg.c **** * Copyright (c) 2007-2020 Cypress Semiconductor.  All rights reserved.
  14:Generated_Source\PSoC4/cyfitter_cfg.c **** * You may use this file only in accordance with the license, terms, conditions, 
  15:Generated_Source\PSoC4/cyfitter_cfg.c **** * disclaimers, and limitations in the end user license agreement accompanying 
  16:Generated_Source\PSoC4/cyfitter_cfg.c **** * the software package with which this file was provided.
  17:Generated_Source\PSoC4/cyfitter_cfg.c **** ********************************************************************************/
  18:Generated_Source\PSoC4/cyfitter_cfg.c **** 
  19:Generated_Source\PSoC4/cyfitter_cfg.c **** #include <string.h>
  20:Generated_Source\PSoC4/cyfitter_cfg.c **** #include "cytypes.h"
  21:Generated_Source\PSoC4/cyfitter_cfg.c **** #include "cydevice_trm.h"
  22:Generated_Source\PSoC4/cyfitter_cfg.c **** #include "cyfitter.h"
  23:Generated_Source\PSoC4/cyfitter_cfg.c **** #include "CyLib.h"
  24:Generated_Source\PSoC4/cyfitter_cfg.c **** #include "CyLFClk.h"
  25:Generated_Source\PSoC4/cyfitter_cfg.c **** #include "cyfitter_cfg.h"
  26:Generated_Source\PSoC4/cyfitter_cfg.c **** #include "cyapicallbacks.h"
  27:Generated_Source\PSoC4/cyfitter_cfg.c **** 
  28:Generated_Source\PSoC4/cyfitter_cfg.c **** 
  29:Generated_Source\PSoC4/cyfitter_cfg.c **** #if defined(__GNUC__) || defined(__ARMCC_VERSION)
  30:Generated_Source\PSoC4/cyfitter_cfg.c ****     #define CYPACKED 
  31:Generated_Source\PSoC4/cyfitter_cfg.c ****     #define CYPACKED_ATTR __attribute__ ((packed))
ARM GAS  C:\Users\ubald\AppData\Local\Temp\ccBRGH4b.s 			page 2


  32:Generated_Source\PSoC4/cyfitter_cfg.c ****     #define CYALIGNED __attribute__ ((aligned))
  33:Generated_Source\PSoC4/cyfitter_cfg.c ****     #define CY_CFG_UNUSED __attribute__ ((unused))
  34:Generated_Source\PSoC4/cyfitter_cfg.c ****     #ifndef CY_CFG_SECTION
  35:Generated_Source\PSoC4/cyfitter_cfg.c ****         #define CY_CFG_SECTION __attribute__ ((section(".psocinit")))
  36:Generated_Source\PSoC4/cyfitter_cfg.c ****     #endif
  37:Generated_Source\PSoC4/cyfitter_cfg.c ****     
  38:Generated_Source\PSoC4/cyfitter_cfg.c ****     #if defined(__ARMCC_VERSION)
  39:Generated_Source\PSoC4/cyfitter_cfg.c ****         #define CY_CFG_MEMORY_BARRIER() __memory_changed()
  40:Generated_Source\PSoC4/cyfitter_cfg.c ****     #else
  41:Generated_Source\PSoC4/cyfitter_cfg.c ****         #define CY_CFG_MEMORY_BARRIER() __sync_synchronize()
  42:Generated_Source\PSoC4/cyfitter_cfg.c ****     #endif
  43:Generated_Source\PSoC4/cyfitter_cfg.c ****     
  44:Generated_Source\PSoC4/cyfitter_cfg.c **** #elif defined(__ICCARM__)
  45:Generated_Source\PSoC4/cyfitter_cfg.c ****     #include <intrinsics.h>
  46:Generated_Source\PSoC4/cyfitter_cfg.c **** 
  47:Generated_Source\PSoC4/cyfitter_cfg.c ****     #define CYPACKED __packed
  48:Generated_Source\PSoC4/cyfitter_cfg.c ****     #define CYPACKED_ATTR 
  49:Generated_Source\PSoC4/cyfitter_cfg.c ****     #define CYALIGNED _Pragma("data_alignment=4")
  50:Generated_Source\PSoC4/cyfitter_cfg.c ****     #define CY_CFG_UNUSED _Pragma("diag_suppress=Pe177")
  51:Generated_Source\PSoC4/cyfitter_cfg.c ****     #define CY_CFG_SECTION _Pragma("location=\".psocinit\"")
  52:Generated_Source\PSoC4/cyfitter_cfg.c ****     
  53:Generated_Source\PSoC4/cyfitter_cfg.c ****     #define CY_CFG_MEMORY_BARRIER() __DMB()
  54:Generated_Source\PSoC4/cyfitter_cfg.c ****     
  55:Generated_Source\PSoC4/cyfitter_cfg.c **** #else
  56:Generated_Source\PSoC4/cyfitter_cfg.c ****     #error Unsupported toolchain
  57:Generated_Source\PSoC4/cyfitter_cfg.c **** #endif
  58:Generated_Source\PSoC4/cyfitter_cfg.c **** 
  59:Generated_Source\PSoC4/cyfitter_cfg.c **** #ifndef CYCODE
  60:Generated_Source\PSoC4/cyfitter_cfg.c ****     #define CYCODE
  61:Generated_Source\PSoC4/cyfitter_cfg.c **** #endif
  62:Generated_Source\PSoC4/cyfitter_cfg.c **** #ifndef CYDATA
  63:Generated_Source\PSoC4/cyfitter_cfg.c ****     #define CYDATA
  64:Generated_Source\PSoC4/cyfitter_cfg.c **** #endif
  65:Generated_Source\PSoC4/cyfitter_cfg.c **** #ifndef CYFAR
  66:Generated_Source\PSoC4/cyfitter_cfg.c ****     #define CYFAR
  67:Generated_Source\PSoC4/cyfitter_cfg.c **** #endif
  68:Generated_Source\PSoC4/cyfitter_cfg.c **** #ifndef CYXDATA
  69:Generated_Source\PSoC4/cyfitter_cfg.c ****     #define CYXDATA
  70:Generated_Source\PSoC4/cyfitter_cfg.c **** #endif
  71:Generated_Source\PSoC4/cyfitter_cfg.c **** 
  72:Generated_Source\PSoC4/cyfitter_cfg.c **** 
  73:Generated_Source\PSoC4/cyfitter_cfg.c **** CY_CFG_UNUSED
  74:Generated_Source\PSoC4/cyfitter_cfg.c **** static void CYMEMZERO(void *s, size_t n);
  75:Generated_Source\PSoC4/cyfitter_cfg.c **** CY_CFG_UNUSED
  76:Generated_Source\PSoC4/cyfitter_cfg.c **** static void CYMEMZERO(void *s, size_t n)
  77:Generated_Source\PSoC4/cyfitter_cfg.c **** {
  78:Generated_Source\PSoC4/cyfitter_cfg.c **** 	(void)memset(s, 0, n);
  79:Generated_Source\PSoC4/cyfitter_cfg.c **** }
  80:Generated_Source\PSoC4/cyfitter_cfg.c **** CY_CFG_UNUSED
  81:Generated_Source\PSoC4/cyfitter_cfg.c **** static void CYCONFIGCPY(void *dest, const void *src, size_t n);
  82:Generated_Source\PSoC4/cyfitter_cfg.c **** CY_CFG_UNUSED
  83:Generated_Source\PSoC4/cyfitter_cfg.c **** static void CYCONFIGCPY(void *dest, const void *src, size_t n)
  84:Generated_Source\PSoC4/cyfitter_cfg.c **** {
  85:Generated_Source\PSoC4/cyfitter_cfg.c **** 	(void)memcpy(dest, src, n);
  86:Generated_Source\PSoC4/cyfitter_cfg.c **** }
  87:Generated_Source\PSoC4/cyfitter_cfg.c **** CY_CFG_UNUSED
  88:Generated_Source\PSoC4/cyfitter_cfg.c **** static void CYCONFIGCPYCODE(void *dest, const void *src, size_t n);
ARM GAS  C:\Users\ubald\AppData\Local\Temp\ccBRGH4b.s 			page 3


  89:Generated_Source\PSoC4/cyfitter_cfg.c **** CY_CFG_UNUSED
  90:Generated_Source\PSoC4/cyfitter_cfg.c **** static void CYCONFIGCPYCODE(void *dest, const void *src, size_t n)
  91:Generated_Source\PSoC4/cyfitter_cfg.c **** {
  92:Generated_Source\PSoC4/cyfitter_cfg.c **** 	(void)memcpy(dest, src, n);
  93:Generated_Source\PSoC4/cyfitter_cfg.c **** }
  94:Generated_Source\PSoC4/cyfitter_cfg.c **** 
  95:Generated_Source\PSoC4/cyfitter_cfg.c **** 
  96:Generated_Source\PSoC4/cyfitter_cfg.c **** 
  97:Generated_Source\PSoC4/cyfitter_cfg.c **** 
  98:Generated_Source\PSoC4/cyfitter_cfg.c **** /* Clock startup error codes                                                   */
  99:Generated_Source\PSoC4/cyfitter_cfg.c **** #define CYCLOCKSTART_NO_ERROR    0u
 100:Generated_Source\PSoC4/cyfitter_cfg.c **** #define CYCLOCKSTART_XTAL_ERROR  1u
 101:Generated_Source\PSoC4/cyfitter_cfg.c **** #define CYCLOCKSTART_32KHZ_ERROR 2u
 102:Generated_Source\PSoC4/cyfitter_cfg.c **** #define CYCLOCKSTART_PLL_ERROR   3u
 103:Generated_Source\PSoC4/cyfitter_cfg.c **** #define CYCLOCKSTART_FLL_ERROR   4u
 104:Generated_Source\PSoC4/cyfitter_cfg.c **** #define CYCLOCKSTART_WCO_ERROR   5u
 105:Generated_Source\PSoC4/cyfitter_cfg.c **** 
 106:Generated_Source\PSoC4/cyfitter_cfg.c **** 
 107:Generated_Source\PSoC4/cyfitter_cfg.c **** #ifdef CY_NEED_CYCLOCKSTARTUPERROR
 108:Generated_Source\PSoC4/cyfitter_cfg.c **** /*******************************************************************************
 109:Generated_Source\PSoC4/cyfitter_cfg.c **** * Function Name: CyClockStartupError
 110:Generated_Source\PSoC4/cyfitter_cfg.c **** ********************************************************************************
 111:Generated_Source\PSoC4/cyfitter_cfg.c **** * Summary:
 112:Generated_Source\PSoC4/cyfitter_cfg.c **** *  If an error is encountered during clock configuration (crystal startup error,
 113:Generated_Source\PSoC4/cyfitter_cfg.c **** *  PLL lock error, etc.), the system will end up here.  Unless reimplemented by
 114:Generated_Source\PSoC4/cyfitter_cfg.c **** *  the customer, this function will stop in an infinite loop.
 115:Generated_Source\PSoC4/cyfitter_cfg.c **** *
 116:Generated_Source\PSoC4/cyfitter_cfg.c **** * Parameters:
 117:Generated_Source\PSoC4/cyfitter_cfg.c **** *   void
 118:Generated_Source\PSoC4/cyfitter_cfg.c **** *
 119:Generated_Source\PSoC4/cyfitter_cfg.c **** * Return:
 120:Generated_Source\PSoC4/cyfitter_cfg.c **** *   void
 121:Generated_Source\PSoC4/cyfitter_cfg.c **** *
 122:Generated_Source\PSoC4/cyfitter_cfg.c **** *******************************************************************************/
 123:Generated_Source\PSoC4/cyfitter_cfg.c **** CY_CFG_UNUSED
 124:Generated_Source\PSoC4/cyfitter_cfg.c **** static void CyClockStartupError(uint8 errorCode);
 125:Generated_Source\PSoC4/cyfitter_cfg.c **** CY_CFG_UNUSED
 126:Generated_Source\PSoC4/cyfitter_cfg.c **** static void CyClockStartupError(uint8 errorCode)
 127:Generated_Source\PSoC4/cyfitter_cfg.c **** {
 128:Generated_Source\PSoC4/cyfitter_cfg.c ****     /* To remove the compiler warning if errorCode not used.                */
 129:Generated_Source\PSoC4/cyfitter_cfg.c ****     errorCode = errorCode;
 130:Generated_Source\PSoC4/cyfitter_cfg.c **** 
 131:Generated_Source\PSoC4/cyfitter_cfg.c ****     /* If we have a clock startup error (bad MHz crystal, PLL lock, etc.),  */
 132:Generated_Source\PSoC4/cyfitter_cfg.c ****     /* we will end up here to allow the customer to implement something to  */
 133:Generated_Source\PSoC4/cyfitter_cfg.c ****     /* deal with the clock condition.                                       */
 134:Generated_Source\PSoC4/cyfitter_cfg.c **** 
 135:Generated_Source\PSoC4/cyfitter_cfg.c **** #ifdef CY_CFG_CLOCK_STARTUP_ERROR_CALLBACK
 136:Generated_Source\PSoC4/cyfitter_cfg.c ****     CY_CFG_Clock_Startup_ErrorCallback();
 137:Generated_Source\PSoC4/cyfitter_cfg.c **** #else
 138:Generated_Source\PSoC4/cyfitter_cfg.c ****     /*  If not using CY_CFG_CLOCK_STARTUP_ERROR_CALLBACK, place your clock startup code here. */
 139:Generated_Source\PSoC4/cyfitter_cfg.c ****     /* `#START CyClockStartupError` */
 140:Generated_Source\PSoC4/cyfitter_cfg.c **** 
 141:Generated_Source\PSoC4/cyfitter_cfg.c **** 
 142:Generated_Source\PSoC4/cyfitter_cfg.c **** 
 143:Generated_Source\PSoC4/cyfitter_cfg.c ****     /* `#END` */
 144:Generated_Source\PSoC4/cyfitter_cfg.c **** 
 145:Generated_Source\PSoC4/cyfitter_cfg.c ****     while(1) {}
ARM GAS  C:\Users\ubald\AppData\Local\Temp\ccBRGH4b.s 			page 4


 146:Generated_Source\PSoC4/cyfitter_cfg.c **** #endif /* CY_CFG_CLOCK_STARTUP_ERROR_CALLBACK */
 147:Generated_Source\PSoC4/cyfitter_cfg.c **** }
 148:Generated_Source\PSoC4/cyfitter_cfg.c **** #endif
 149:Generated_Source\PSoC4/cyfitter_cfg.c **** 
 150:Generated_Source\PSoC4/cyfitter_cfg.c **** 
 151:Generated_Source\PSoC4/cyfitter_cfg.c **** 
 152:Generated_Source\PSoC4/cyfitter_cfg.c **** /*******************************************************************************
 153:Generated_Source\PSoC4/cyfitter_cfg.c **** * Function Name: ClockSetup
 154:Generated_Source\PSoC4/cyfitter_cfg.c **** ********************************************************************************
 155:Generated_Source\PSoC4/cyfitter_cfg.c **** *
 156:Generated_Source\PSoC4/cyfitter_cfg.c **** * Summary:
 157:Generated_Source\PSoC4/cyfitter_cfg.c **** *   Performs the initialization of all of the clocks in the device based on the
 158:Generated_Source\PSoC4/cyfitter_cfg.c **** *   settings in the Clock tab of the DWR.  This includes enabling the requested
 159:Generated_Source\PSoC4/cyfitter_cfg.c **** *   clocks and setting the necessary dividers to produce the desired frequency. 
 160:Generated_Source\PSoC4/cyfitter_cfg.c **** *
 161:Generated_Source\PSoC4/cyfitter_cfg.c **** * Parameters:
 162:Generated_Source\PSoC4/cyfitter_cfg.c **** *   void
 163:Generated_Source\PSoC4/cyfitter_cfg.c **** *
 164:Generated_Source\PSoC4/cyfitter_cfg.c **** * Return:
 165:Generated_Source\PSoC4/cyfitter_cfg.c **** *   void
 166:Generated_Source\PSoC4/cyfitter_cfg.c **** *
 167:Generated_Source\PSoC4/cyfitter_cfg.c **** *******************************************************************************/
 168:Generated_Source\PSoC4/cyfitter_cfg.c **** static void ClockSetup(void);
 169:Generated_Source\PSoC4/cyfitter_cfg.c **** CY_CFG_SECTION
 170:Generated_Source\PSoC4/cyfitter_cfg.c **** static void ClockSetup(void)
 171:Generated_Source\PSoC4/cyfitter_cfg.c **** {
  27              		.loc 1 171 0
  28              		.cfi_startproc
  29              		@ args = 0, pretend = 0, frame = 0
  30              		@ frame_needed = 0, uses_anonymous_args = 0
  31 0000 70B5     		push	{r4, r5, r6, lr}
  32              		.cfi_def_cfa_offset 16
  33              		.cfi_offset 4, -16
  34              		.cfi_offset 5, -12
  35              		.cfi_offset 6, -8
  36              		.cfi_offset 14, -4
 172:Generated_Source\PSoC4/cyfitter_cfg.c **** 
 173:Generated_Source\PSoC4/cyfitter_cfg.c **** 	/* Set Flash Cycles based on max possible frequency in case a glitch occurs during ClockSetup(). *
 174:Generated_Source\PSoC4/cyfitter_cfg.c **** 	CY_SET_REG32((void CYXDATA *)(CYREG_CPUSS_FLASH_CTL), (0x0012u));
  37              		.loc 1 174 0
  38 0002 154C     		ldr	r4, .L2
  39 0004 1223     		movs	r3, #18
  40 0006 2360     		str	r3, [r4]
 175:Generated_Source\PSoC4/cyfitter_cfg.c **** 	/* Update IMO to new clock speed. */
 176:Generated_Source\PSoC4/cyfitter_cfg.c **** 	CySysClkWriteImoFreq(24u);
  41              		.loc 1 176 0
  42 0008 1820     		movs	r0, #24
  43 000a FFF7FEFF 		bl	CySysClkWriteImoFreq
  44              	.LVL0:
 177:Generated_Source\PSoC4/cyfitter_cfg.c **** 
 178:Generated_Source\PSoC4/cyfitter_cfg.c **** 	/* Setup phase aligned clocks */
 179:Generated_Source\PSoC4/cyfitter_cfg.c **** 	CY_SET_REG32((void *)CYREG_PERI_DIV_16_CTL0, 0x0000FE00u);
  45              		.loc 1 179 0
  46 000e FE22     		movs	r2, #254
  47 0010 1202     		lsls	r2, r2, #8
  48 0012 124B     		ldr	r3, .L2+4
  49 0014 1A60     		str	r2, [r3]
ARM GAS  C:\Users\ubald\AppData\Local\Temp\ccBRGH4b.s 			page 5


 180:Generated_Source\PSoC4/cyfitter_cfg.c **** 	CY_SET_REG32((void *)CYREG_PERI_DIV_CMD, 0x8000FF40u);
  50              		.loc 1 180 0
  51 0016 124B     		ldr	r3, .L2+8
  52 0018 124A     		ldr	r2, .L2+12
  53 001a 1A60     		str	r2, [r3]
 181:Generated_Source\PSoC4/cyfitter_cfg.c **** 	CY_SET_REG32((void *)CYREG_PERI_DIV_16_CTL1, 0x00001000u);
  54              		.loc 1 181 0
  55 001c 8021     		movs	r1, #128
  56 001e 4901     		lsls	r1, r1, #5
  57 0020 114A     		ldr	r2, .L2+16
  58 0022 1160     		str	r1, [r2]
 182:Generated_Source\PSoC4/cyfitter_cfg.c **** 	CY_SET_REG32((void *)CYREG_PERI_DIV_CMD, 0x8000FF41u);
  59              		.loc 1 182 0
  60 0024 114A     		ldr	r2, .L2+20
  61 0026 1A60     		str	r2, [r3]
 183:Generated_Source\PSoC4/cyfitter_cfg.c **** 
 184:Generated_Source\PSoC4/cyfitter_cfg.c **** 	/* CYDEV_CLK_SELECT Starting address: CYDEV_CLK_SELECT */
 185:Generated_Source\PSoC4/cyfitter_cfg.c **** 	CY_SET_REG32((void *)(CYREG_CLK_SELECT), 0x00000000u);
  62              		.loc 1 185 0
  63 0028 0025     		movs	r5, #0
  64 002a 114B     		ldr	r3, .L2+24
  65 002c 1D60     		str	r5, [r3]
 186:Generated_Source\PSoC4/cyfitter_cfg.c **** 
 187:Generated_Source\PSoC4/cyfitter_cfg.c **** 	/* CYDEV_PERI_PCLK_CTL5 Starting address: CYDEV_PERI_PCLK_CTL5 */
 188:Generated_Source\PSoC4/cyfitter_cfg.c **** 	CY_SET_REG32((void *)(CYREG_PERI_PCLK_CTL5), 0x00000040u);
  66              		.loc 1 188 0
  67 002e 4022     		movs	r2, #64
  68 0030 104B     		ldr	r3, .L2+28
  69 0032 1A60     		str	r2, [r3]
 189:Generated_Source\PSoC4/cyfitter_cfg.c **** 
 190:Generated_Source\PSoC4/cyfitter_cfg.c **** 	/* CYDEV_PERI_PCLK_CTL3 Starting address: CYDEV_PERI_PCLK_CTL3 */
 191:Generated_Source\PSoC4/cyfitter_cfg.c **** 	CY_SET_REG32((void *)(CYREG_PERI_PCLK_CTL3), 0x00000041u);
  70              		.loc 1 191 0
  71 0034 0132     		adds	r2, r2, #1
  72 0036 104B     		ldr	r3, .L2+32
  73 0038 1A60     		str	r2, [r3]
 192:Generated_Source\PSoC4/cyfitter_cfg.c **** 
 193:Generated_Source\PSoC4/cyfitter_cfg.c **** 	(void)CyIntSetVector(13u, &CySysTimerIsr);
  74              		.loc 1 193 0
  75 003a 1049     		ldr	r1, .L2+36
  76 003c 0D20     		movs	r0, #13
  77 003e FFF7FEFF 		bl	CyIntSetVector
  78              	.LVL1:
 194:Generated_Source\PSoC4/cyfitter_cfg.c **** 	CyIntEnable(13u);
  79              		.loc 1 194 0
  80 0042 0D20     		movs	r0, #13
  81 0044 FFF7FEFF 		bl	CyIntEnable
  82              	.LVL2:
 195:Generated_Source\PSoC4/cyfitter_cfg.c **** 	CY_SET_REG32((void *)(CYREG_WCO_WDT_CONFIG), 0x00000000u);
  83              		.loc 1 195 0
  84 0048 0D4B     		ldr	r3, .L2+40
  85 004a 1D60     		str	r5, [r3]
 196:Generated_Source\PSoC4/cyfitter_cfg.c **** 	CySysClkSetTimerSource(CY_SYS_CLK_TIMER_SRC_ILO);
  86              		.loc 1 196 0
  87 004c 0020     		movs	r0, #0
  88 004e FFF7FEFF 		bl	CySysClkSetTimerSource
  89              	.LVL3:
ARM GAS  C:\Users\ubald\AppData\Local\Temp\ccBRGH4b.s 			page 6


 197:Generated_Source\PSoC4/cyfitter_cfg.c **** 	/* Set Flash Cycles based on newly configured 24.00MHz HFCLK. */
 198:Generated_Source\PSoC4/cyfitter_cfg.c **** 	CY_SET_REG32((void CYXDATA *)(CYREG_CPUSS_FLASH_CTL), (0x0011u));
  90              		.loc 1 198 0
  91 0052 1123     		movs	r3, #17
  92 0054 2360     		str	r3, [r4]
 199:Generated_Source\PSoC4/cyfitter_cfg.c **** }
  93              		.loc 1 199 0
  94              		@ sp needed
  95 0056 70BD     		pop	{r4, r5, r6, pc}
  96              	.L3:
  97              		.align	2
  98              	.L2:
  99 0058 30001040 		.word	1074790448
 100 005c 00030140 		.word	1073808128
 101 0060 00000140 		.word	1073807360
 102 0064 40FF0080 		.word	-2147418304
 103 0068 04030140 		.word	1073808132
 104 006c 41FF0080 		.word	-2147418303
 105 0070 28000340 		.word	1073938472
 106 0074 14010140 		.word	1073807636
 107 0078 0C010140 		.word	1073807628
 108 007c 00000000 		.word	CySysTimerIsr
 109 0080 0C022240 		.word	1075970572
 110              		.cfi_endproc
 111              	.LFE4:
 112              		.size	ClockSetup, .-ClockSetup
 113              		.section	.text.SetAnalogRoutingPumps,"ax",%progbits
 114              		.align	2
 115              		.global	SetAnalogRoutingPumps
 116              		.code	16
 117              		.thumb_func
 118              		.type	SetAnalogRoutingPumps, %function
 119              	SetAnalogRoutingPumps:
 120              	.LFB6:
 200:Generated_Source\PSoC4/cyfitter_cfg.c **** 
 201:Generated_Source\PSoC4/cyfitter_cfg.c **** 
 202:Generated_Source\PSoC4/cyfitter_cfg.c **** /* Analog API Functions */
 203:Generated_Source\PSoC4/cyfitter_cfg.c **** 
 204:Generated_Source\PSoC4/cyfitter_cfg.c **** 
 205:Generated_Source\PSoC4/cyfitter_cfg.c **** /*******************************************************************************
 206:Generated_Source\PSoC4/cyfitter_cfg.c **** * Function Name: AnalogSetDefault
 207:Generated_Source\PSoC4/cyfitter_cfg.c **** ********************************************************************************
 208:Generated_Source\PSoC4/cyfitter_cfg.c **** *
 209:Generated_Source\PSoC4/cyfitter_cfg.c **** * Summary:
 210:Generated_Source\PSoC4/cyfitter_cfg.c **** *  Sets up the analog portions of the chip to default values based on chip
 211:Generated_Source\PSoC4/cyfitter_cfg.c **** *  configuration options from the project.
 212:Generated_Source\PSoC4/cyfitter_cfg.c **** *
 213:Generated_Source\PSoC4/cyfitter_cfg.c **** * Parameters:
 214:Generated_Source\PSoC4/cyfitter_cfg.c **** *  void
 215:Generated_Source\PSoC4/cyfitter_cfg.c **** *
 216:Generated_Source\PSoC4/cyfitter_cfg.c **** * Return:
 217:Generated_Source\PSoC4/cyfitter_cfg.c **** *  void
 218:Generated_Source\PSoC4/cyfitter_cfg.c **** *
 219:Generated_Source\PSoC4/cyfitter_cfg.c **** *******************************************************************************/
 220:Generated_Source\PSoC4/cyfitter_cfg.c **** static void AnalogSetDefault(void);
 221:Generated_Source\PSoC4/cyfitter_cfg.c **** static void AnalogSetDefault(void)
 222:Generated_Source\PSoC4/cyfitter_cfg.c **** {
ARM GAS  C:\Users\ubald\AppData\Local\Temp\ccBRGH4b.s 			page 7


 223:Generated_Source\PSoC4/cyfitter_cfg.c **** 	CY_SET_XTND_REG32((void CYFAR *)CYREG_HSIOM_AMUX_SPLIT_CTL0, 0x00000003u);
 224:Generated_Source\PSoC4/cyfitter_cfg.c **** 	CY_SET_XTND_REG32((void CYFAR *)CYREG_CTBM0_DFT_CTRL, 0x00000003u);
 225:Generated_Source\PSoC4/cyfitter_cfg.c **** 	CY_SET_XTND_REG32((void CYFAR *)CYREG_PASS_DSAB_DSAB_CTRL, 0x00000020u);
 226:Generated_Source\PSoC4/cyfitter_cfg.c **** 	SetAnalogRoutingPumps(1);
 227:Generated_Source\PSoC4/cyfitter_cfg.c **** }
 228:Generated_Source\PSoC4/cyfitter_cfg.c **** 
 229:Generated_Source\PSoC4/cyfitter_cfg.c **** 
 230:Generated_Source\PSoC4/cyfitter_cfg.c **** /*******************************************************************************
 231:Generated_Source\PSoC4/cyfitter_cfg.c **** * Function Name: SetAnalogRoutingPumps
 232:Generated_Source\PSoC4/cyfitter_cfg.c **** ********************************************************************************
 233:Generated_Source\PSoC4/cyfitter_cfg.c **** *
 234:Generated_Source\PSoC4/cyfitter_cfg.c **** * Summary:
 235:Generated_Source\PSoC4/cyfitter_cfg.c **** * Enables or disables the analog pumps feeding analog routing switches.
 236:Generated_Source\PSoC4/cyfitter_cfg.c **** * Intended to be called at startup, based on the Vdda system configuration;
 237:Generated_Source\PSoC4/cyfitter_cfg.c **** * may be called during operation when the user informs us that the Vdda voltage crossed the pump th
 238:Generated_Source\PSoC4/cyfitter_cfg.c **** *
 239:Generated_Source\PSoC4/cyfitter_cfg.c **** * Parameters:
 240:Generated_Source\PSoC4/cyfitter_cfg.c **** *  enabled - 1 to enable the pumps, 0 to disable the pumps
 241:Generated_Source\PSoC4/cyfitter_cfg.c **** *
 242:Generated_Source\PSoC4/cyfitter_cfg.c **** * Return:
 243:Generated_Source\PSoC4/cyfitter_cfg.c **** *  void
 244:Generated_Source\PSoC4/cyfitter_cfg.c **** *
 245:Generated_Source\PSoC4/cyfitter_cfg.c **** *******************************************************************************/
 246:Generated_Source\PSoC4/cyfitter_cfg.c **** void SetAnalogRoutingPumps(uint8 enabled)
 247:Generated_Source\PSoC4/cyfitter_cfg.c **** {
 121              		.loc 1 247 0
 122              		.cfi_startproc
 123              		@ args = 0, pretend = 0, frame = 0
 124              		@ frame_needed = 0, uses_anonymous_args = 0
 125              		@ link register save eliminated.
 126              	.LVL4:
 248:Generated_Source\PSoC4/cyfitter_cfg.c **** 	uint32 regValue = CY_GET_XTND_REG32((void *)(CYREG_SAR_PUMP_CTRL));
 127              		.loc 1 248 0
 128 0000 0B4B     		ldr	r3, .L9
 129 0002 1B68     		ldr	r3, [r3]
 130              	.LVL5:
 249:Generated_Source\PSoC4/cyfitter_cfg.c **** 	if (enabled != 0u)
 131              		.loc 1 249 0
 132 0004 0028     		cmp	r0, #0
 133 0006 03D0     		beq	.L5
 250:Generated_Source\PSoC4/cyfitter_cfg.c **** 	{
 251:Generated_Source\PSoC4/cyfitter_cfg.c **** 		regValue |= 0x80000000u;
 134              		.loc 1 251 0
 135 0008 8022     		movs	r2, #128
 136 000a 1206     		lsls	r2, r2, #24
 137 000c 1343     		orrs	r3, r2
 138              	.LVL6:
 139 000e 01E0     		b	.L6
 140              	.L5:
 252:Generated_Source\PSoC4/cyfitter_cfg.c **** 	}
 253:Generated_Source\PSoC4/cyfitter_cfg.c **** 	else
 254:Generated_Source\PSoC4/cyfitter_cfg.c **** 	{
 255:Generated_Source\PSoC4/cyfitter_cfg.c **** 		regValue &= ~0x80000000u;
 141              		.loc 1 255 0
 142 0010 5B00     		lsls	r3, r3, #1
 143              	.LVL7:
 144 0012 5B08     		lsrs	r3, r3, #1
ARM GAS  C:\Users\ubald\AppData\Local\Temp\ccBRGH4b.s 			page 8


 145              	.LVL8:
 146              	.L6:
 256:Generated_Source\PSoC4/cyfitter_cfg.c **** 	}
 257:Generated_Source\PSoC4/cyfitter_cfg.c **** 	CY_SET_XTND_REG32((void *)(CYREG_SAR_PUMP_CTRL), regValue);
 147              		.loc 1 257 0
 148 0014 064A     		ldr	r2, .L9
 149 0016 1360     		str	r3, [r2]
 258:Generated_Source\PSoC4/cyfitter_cfg.c **** 	regValue = CY_GET_XTND_REG32((void *)(CYREG_CLK_SELECT));
 150              		.loc 1 258 0
 151 0018 064B     		ldr	r3, .L9+4
 152              	.LVL9:
 153 001a 1B68     		ldr	r3, [r3]
 154              	.LVL10:
 259:Generated_Source\PSoC4/cyfitter_cfg.c **** 	if (enabled != 0u)
 155              		.loc 1 259 0
 156 001c 0028     		cmp	r0, #0
 157 001e 02D0     		beq	.L7
 260:Generated_Source\PSoC4/cyfitter_cfg.c **** 	{
 261:Generated_Source\PSoC4/cyfitter_cfg.c **** 		regValue |= 0x00000020u;
 158              		.loc 1 261 0
 159 0020 2022     		movs	r2, #32
 160 0022 1343     		orrs	r3, r2
 161              	.LVL11:
 162 0024 01E0     		b	.L8
 163              	.L7:
 262:Generated_Source\PSoC4/cyfitter_cfg.c **** 	}
 263:Generated_Source\PSoC4/cyfitter_cfg.c **** 	else
 264:Generated_Source\PSoC4/cyfitter_cfg.c **** 	{
 265:Generated_Source\PSoC4/cyfitter_cfg.c **** 		regValue &= ~0x00000020u;
 164              		.loc 1 265 0
 165 0026 2022     		movs	r2, #32
 166 0028 9343     		bics	r3, r2
 167              	.LVL12:
 168              	.L8:
 266:Generated_Source\PSoC4/cyfitter_cfg.c **** 	}
 267:Generated_Source\PSoC4/cyfitter_cfg.c **** 	CY_SET_XTND_REG32((void *)(CYREG_CLK_SELECT), regValue);
 169              		.loc 1 267 0
 170 002a 024A     		ldr	r2, .L9+4
 171 002c 1360     		str	r3, [r2]
 268:Generated_Source\PSoC4/cyfitter_cfg.c **** }
 172              		.loc 1 268 0
 173              		@ sp needed
 174 002e 7047     		bx	lr
 175              	.L10:
 176              		.align	2
 177              	.L9:
 178 0030 80033A40 		.word	1077543808
 179 0034 28000340 		.word	1073938472
 180              		.cfi_endproc
 181              	.LFE6:
 182              		.size	SetAnalogRoutingPumps, .-SetAnalogRoutingPumps
 183              		.section	.text.AnalogSetDefault,"ax",%progbits
 184              		.align	2
 185              		.code	16
 186              		.thumb_func
 187              		.type	AnalogSetDefault, %function
 188              	AnalogSetDefault:
ARM GAS  C:\Users\ubald\AppData\Local\Temp\ccBRGH4b.s 			page 9


 189              	.LFB5:
 222:Generated_Source\PSoC4/cyfitter_cfg.c **** 	CY_SET_XTND_REG32((void CYFAR *)CYREG_HSIOM_AMUX_SPLIT_CTL0, 0x00000003u);
 190              		.loc 1 222 0
 191              		.cfi_startproc
 192              		@ args = 0, pretend = 0, frame = 0
 193              		@ frame_needed = 0, uses_anonymous_args = 0
 194 0000 10B5     		push	{r4, lr}
 195              		.cfi_def_cfa_offset 8
 196              		.cfi_offset 4, -8
 197              		.cfi_offset 14, -4
 223:Generated_Source\PSoC4/cyfitter_cfg.c **** 	CY_SET_XTND_REG32((void CYFAR *)CYREG_CTBM0_DFT_CTRL, 0x00000003u);
 198              		.loc 1 223 0
 199 0002 0323     		movs	r3, #3
 200 0004 054A     		ldr	r2, .L12
 201 0006 1360     		str	r3, [r2]
 224:Generated_Source\PSoC4/cyfitter_cfg.c **** 	CY_SET_XTND_REG32((void CYFAR *)CYREG_PASS_DSAB_DSAB_CTRL, 0x00000020u);
 202              		.loc 1 224 0
 203 0008 054A     		ldr	r2, .L12+4
 204 000a 1360     		str	r3, [r2]
 225:Generated_Source\PSoC4/cyfitter_cfg.c **** 	SetAnalogRoutingPumps(1);
 205              		.loc 1 225 0
 206 000c 2022     		movs	r2, #32
 207 000e 054B     		ldr	r3, .L12+8
 208 0010 1A60     		str	r2, [r3]
 226:Generated_Source\PSoC4/cyfitter_cfg.c **** }
 209              		.loc 1 226 0
 210 0012 0120     		movs	r0, #1
 211 0014 FFF7FEFF 		bl	SetAnalogRoutingPumps
 212              	.LVL13:
 227:Generated_Source\PSoC4/cyfitter_cfg.c **** 
 213              		.loc 1 227 0
 214              		@ sp needed
 215 0018 10BD     		pop	{r4, pc}
 216              	.L13:
 217 001a C046     		.align	2
 218              	.L12:
 219 001c 00210240 		.word	1073881344
 220 0020 30003040 		.word	1076887600
 221 0024 000E3F40 		.word	1077874176
 222              		.cfi_endproc
 223              	.LFE5:
 224              		.size	AnalogSetDefault, .-AnalogSetDefault
 225              		.section	.psocinit
 226              		.align	2
 227              		.global	cyfitter_cfg
 228              		.code	16
 229              		.thumb_func
 230              		.type	cyfitter_cfg, %function
 231              	cyfitter_cfg:
 232              	.LFB7:
 269:Generated_Source\PSoC4/cyfitter_cfg.c **** 
 270:Generated_Source\PSoC4/cyfitter_cfg.c **** 
 271:Generated_Source\PSoC4/cyfitter_cfg.c **** 
 272:Generated_Source\PSoC4/cyfitter_cfg.c **** 
 273:Generated_Source\PSoC4/cyfitter_cfg.c **** /*******************************************************************************
 274:Generated_Source\PSoC4/cyfitter_cfg.c **** * Function Name: cyfitter_cfg
 275:Generated_Source\PSoC4/cyfitter_cfg.c **** ********************************************************************************
ARM GAS  C:\Users\ubald\AppData\Local\Temp\ccBRGH4b.s 			page 10


 276:Generated_Source\PSoC4/cyfitter_cfg.c **** * Summary:
 277:Generated_Source\PSoC4/cyfitter_cfg.c **** *  This function is called by the start-up code for the selected device. It
 278:Generated_Source\PSoC4/cyfitter_cfg.c **** *  performs all of the necessary device configuration based on the design
 279:Generated_Source\PSoC4/cyfitter_cfg.c **** *  settings.  This includes settings from the Design Wide Resources (DWR) such
 280:Generated_Source\PSoC4/cyfitter_cfg.c **** *  as Clocks and Pins as well as any component configuration that is necessary.
 281:Generated_Source\PSoC4/cyfitter_cfg.c **** *
 282:Generated_Source\PSoC4/cyfitter_cfg.c **** * Parameters:
 283:Generated_Source\PSoC4/cyfitter_cfg.c **** *   void
 284:Generated_Source\PSoC4/cyfitter_cfg.c **** *
 285:Generated_Source\PSoC4/cyfitter_cfg.c **** * Return:
 286:Generated_Source\PSoC4/cyfitter_cfg.c **** *   void
 287:Generated_Source\PSoC4/cyfitter_cfg.c **** *
 288:Generated_Source\PSoC4/cyfitter_cfg.c **** *******************************************************************************/
 289:Generated_Source\PSoC4/cyfitter_cfg.c **** CY_CFG_SECTION
 290:Generated_Source\PSoC4/cyfitter_cfg.c **** void cyfitter_cfg(void)
 291:Generated_Source\PSoC4/cyfitter_cfg.c **** {
 233              		.loc 1 291 0
 234              		.cfi_startproc
 235              		@ args = 0, pretend = 0, frame = 0
 236              		@ frame_needed = 0, uses_anonymous_args = 0
 237 0084 10B5     		push	{r4, lr}
 238              		.cfi_def_cfa_offset 8
 239              		.cfi_offset 4, -8
 240              		.cfi_offset 14, -4
 292:Generated_Source\PSoC4/cyfitter_cfg.c **** 	/* Disable interrupts by default. Let user enable if/when they want. */
 293:Generated_Source\PSoC4/cyfitter_cfg.c **** 	CyGlobalIntDisable;
 241              		.loc 1 293 0
 242              		.syntax divided
 243              	@ 293 "Generated_Source\PSoC4\cyfitter_cfg.c" 1
 244 0086 72B6     		CPSID   i
 245              	@ 0 "" 2
 294:Generated_Source\PSoC4/cyfitter_cfg.c **** 
 295:Generated_Source\PSoC4/cyfitter_cfg.c **** 	{
 296:Generated_Source\PSoC4/cyfitter_cfg.c **** 		/* HSIOM Starting address: CYDEV_HSIOM_BASE */
 297:Generated_Source\PSoC4/cyfitter_cfg.c **** 		CY_SET_REG32((void *)(CYREG_HSIOM_PORT_SEL3), 0x0000EE00u);
 246              		.loc 1 297 0
 247              		.thumb
 248              		.syntax unified
 249 0088 EE22     		movs	r2, #238
 250 008a 1202     		lsls	r2, r2, #8
 251 008c 0F4B     		ldr	r3, .L15
 252 008e 1A60     		str	r2, [r3]
 298:Generated_Source\PSoC4/cyfitter_cfg.c **** 		CY_SET_REG32((void *)(CYREG_HSIOM_PORT_SEL7), 0x00000090u);
 253              		.loc 1 298 0
 254 0090 9022     		movs	r2, #144
 255 0092 0F4B     		ldr	r3, .L15+4
 256 0094 1A60     		str	r2, [r3]
 299:Generated_Source\PSoC4/cyfitter_cfg.c **** 
 300:Generated_Source\PSoC4/cyfitter_cfg.c **** 	}
 301:Generated_Source\PSoC4/cyfitter_cfg.c **** 
 302:Generated_Source\PSoC4/cyfitter_cfg.c **** 	/* Perform second pass device configuration. These items must be configured in specific order afte
 303:Generated_Source\PSoC4/cyfitter_cfg.c **** 	/* IOPINS0_2 Starting address: CYDEV_GPIO_PRT2_BASE */
 304:Generated_Source\PSoC4/cyfitter_cfg.c **** 	CY_SET_REG32((void *)(CYREG_GPIO_PRT2_PC2), 0x00000080u);
 257              		.loc 1 304 0
 258 0096 103A     		subs	r2, r2, #16
 259 0098 0E4B     		ldr	r3, .L15+8
 260 009a 1A60     		str	r2, [r3]
ARM GAS  C:\Users\ubald\AppData\Local\Temp\ccBRGH4b.s 			page 11


 305:Generated_Source\PSoC4/cyfitter_cfg.c **** 
 306:Generated_Source\PSoC4/cyfitter_cfg.c **** 	/* IOPINS0_3 Starting address: CYDEV_GPIO_PRT3_BASE */
 307:Generated_Source\PSoC4/cyfitter_cfg.c **** 	CY_SET_REG32((void *)(CYREG_GPIO_PRT3_PC), 0x00000D80u);
 261              		.loc 1 307 0
 262 009c D822     		movs	r2, #216
 263 009e 1201     		lsls	r2, r2, #4
 264 00a0 0D4B     		ldr	r3, .L15+12
 265 00a2 1A60     		str	r2, [r3]
 308:Generated_Source\PSoC4/cyfitter_cfg.c **** 
 309:Generated_Source\PSoC4/cyfitter_cfg.c **** 	/* IOPINS0_4 Starting address: CYDEV_GPIO_PRT4_BASE */
 310:Generated_Source\PSoC4/cyfitter_cfg.c **** 	CY_SET_REG32((void *)(CYREG_GPIO_PRT4_PC2), 0x00000002u);
 266              		.loc 1 310 0
 267 00a4 0223     		movs	r3, #2
 268 00a6 0D4A     		ldr	r2, .L15+16
 269 00a8 1360     		str	r3, [r2]
 311:Generated_Source\PSoC4/cyfitter_cfg.c **** 
 312:Generated_Source\PSoC4/cyfitter_cfg.c **** 	/* IOPINS0_6 Starting address: CYDEV_GPIO_PRT6_BASE */
 313:Generated_Source\PSoC4/cyfitter_cfg.c **** 	CY_SET_REG32((void *)(CYDEV_GPIO_PRT6_BASE), 0x00000037u);
 270              		.loc 1 313 0
 271 00aa 3722     		movs	r2, #55
 272 00ac 0C49     		ldr	r1, .L15+20
 273 00ae 0A60     		str	r2, [r1]
 314:Generated_Source\PSoC4/cyfitter_cfg.c **** 	CY_SET_REG32((void *)(CYREG_GPIO_PRT6_PC2), 0x00000037u);
 274              		.loc 1 314 0
 275 00b0 0C49     		ldr	r1, .L15+24
 276 00b2 0A60     		str	r2, [r1]
 315:Generated_Source\PSoC4/cyfitter_cfg.c **** 
 316:Generated_Source\PSoC4/cyfitter_cfg.c **** 	/* IOPINS0_7 Starting address: CYDEV_GPIO_PRT7_BASE */
 317:Generated_Source\PSoC4/cyfitter_cfg.c **** 	CY_SET_REG32((void *)(CYDEV_GPIO_PRT7_BASE), 0x00000002u);
 277              		.loc 1 317 0
 278 00b4 0C4A     		ldr	r2, .L15+28
 279 00b6 1360     		str	r3, [r2]
 318:Generated_Source\PSoC4/cyfitter_cfg.c **** 	CY_SET_REG32((void *)(CYREG_GPIO_PRT7_PC), 0x00000030u);
 280              		.loc 1 318 0
 281 00b8 3021     		movs	r1, #48
 282 00ba 0C4A     		ldr	r2, .L15+32
 283 00bc 1160     		str	r1, [r2]
 319:Generated_Source\PSoC4/cyfitter_cfg.c **** 	CY_SET_REG32((void *)(CYREG_GPIO_PRT7_PC2), 0x00000002u);
 284              		.loc 1 319 0
 285 00be 0C4A     		ldr	r2, .L15+36
 286 00c0 1360     		str	r3, [r2]
 320:Generated_Source\PSoC4/cyfitter_cfg.c **** 
 321:Generated_Source\PSoC4/cyfitter_cfg.c **** 
 322:Generated_Source\PSoC4/cyfitter_cfg.c **** 	/* Setup clocks based on selections from Clock DWR */
 323:Generated_Source\PSoC4/cyfitter_cfg.c **** 	ClockSetup();
 287              		.loc 1 323 0
 288 00c2 FFF79DFF 		bl	ClockSetup
 289              	.LVL14:
 324:Generated_Source\PSoC4/cyfitter_cfg.c **** 
 325:Generated_Source\PSoC4/cyfitter_cfg.c **** 	/* Perform basic analog initialization to defaults */
 326:Generated_Source\PSoC4/cyfitter_cfg.c **** 	AnalogSetDefault();
 290              		.loc 1 326 0
 291 00c6 FFF7FEFF 		bl	AnalogSetDefault
 292              	.LVL15:
 327:Generated_Source\PSoC4/cyfitter_cfg.c **** 
 328:Generated_Source\PSoC4/cyfitter_cfg.c **** }
 293              		.loc 1 328 0
ARM GAS  C:\Users\ubald\AppData\Local\Temp\ccBRGH4b.s 			page 12


 294              		@ sp needed
 295 00ca 10BD     		pop	{r4, pc}
 296              	.L16:
 297              		.align	2
 298              	.L15:
 299 00cc 00030240 		.word	1073873664
 300 00d0 00070240 		.word	1073874688
 301 00d4 18020440 		.word	1074004504
 302 00d8 08030440 		.word	1074004744
 303 00dc 18040440 		.word	1074005016
 304 00e0 00060440 		.word	1074005504
 305 00e4 18060440 		.word	1074005528
 306 00e8 00070440 		.word	1074005760
 307 00ec 08070440 		.word	1074005768
 308 00f0 18070440 		.word	1074005784
 309              		.cfi_endproc
 310              	.LFE7:
 311              		.size	cyfitter_cfg, .-cyfitter_cfg
 312              		.text
 313              	.Letext0:
 314              		.file 2 "Generated_Source\\PSoC4\\cytypes.h"
 315              		.file 3 "Generated_Source\\PSoC4\\CyLib.h"
 316              		.file 4 "Generated_Source\\PSoC4\\CyLFClk.h"
 317              		.section	.debug_info,"",%progbits
 318              	.Ldebug_info0:
 319 0000 BF010000 		.4byte	0x1bf
 320 0004 0400     		.2byte	0x4
 321 0006 00000000 		.4byte	.Ldebug_abbrev0
 322 000a 04       		.byte	0x4
 323 000b 01       		.uleb128 0x1
 324 000c 80010000 		.4byte	.LASF25
 325 0010 0C       		.byte	0xc
 326 0011 1E020000 		.4byte	.LASF26
 327 0015 E8000000 		.4byte	.LASF27
 328 0019 00000000 		.4byte	.Ldebug_ranges0+0
 329 001d 00000000 		.4byte	0
 330 0021 00000000 		.4byte	.Ldebug_line0
 331 0025 02       		.uleb128 0x2
 332 0026 04       		.byte	0x4
 333 0027 05       		.byte	0x5
 334 0028 696E7400 		.ascii	"int\000"
 335 002c 03       		.uleb128 0x3
 336 002d 04       		.byte	0x4
 337 002e 07       		.byte	0x7
 338 002f C4000000 		.4byte	.LASF0
 339 0033 03       		.uleb128 0x3
 340 0034 08       		.byte	0x8
 341 0035 05       		.byte	0x5
 342 0036 31010000 		.4byte	.LASF1
 343 003a 03       		.uleb128 0x3
 344 003b 08       		.byte	0x8
 345 003c 04       		.byte	0x4
 346 003d 74010000 		.4byte	.LASF2
 347 0041 03       		.uleb128 0x3
 348 0042 01       		.byte	0x1
 349 0043 06       		.byte	0x6
 350 0044 12020000 		.4byte	.LASF3
ARM GAS  C:\Users\ubald\AppData\Local\Temp\ccBRGH4b.s 			page 13


 351 0048 03       		.uleb128 0x3
 352 0049 01       		.byte	0x1
 353 004a 08       		.byte	0x8
 354 004b 61000000 		.4byte	.LASF4
 355 004f 03       		.uleb128 0x3
 356 0050 02       		.byte	0x2
 357 0051 05       		.byte	0x5
 358 0052 4C010000 		.4byte	.LASF5
 359 0056 03       		.uleb128 0x3
 360 0057 02       		.byte	0x2
 361 0058 07       		.byte	0x7
 362 0059 48000000 		.4byte	.LASF6
 363 005d 03       		.uleb128 0x3
 364 005e 04       		.byte	0x4
 365 005f 05       		.byte	0x5
 366 0060 6B010000 		.4byte	.LASF7
 367 0064 03       		.uleb128 0x3
 368 0065 04       		.byte	0x4
 369 0066 07       		.byte	0x7
 370 0067 6F000000 		.4byte	.LASF8
 371 006b 03       		.uleb128 0x3
 372 006c 08       		.byte	0x8
 373 006d 07       		.byte	0x7
 374 006e D1000000 		.4byte	.LASF9
 375 0072 03       		.uleb128 0x3
 376 0073 04       		.byte	0x4
 377 0074 07       		.byte	0x7
 378 0075 28010000 		.4byte	.LASF10
 379 0079 03       		.uleb128 0x3
 380 007a 01       		.byte	0x1
 381 007b 08       		.byte	0x8
 382 007c 3F010000 		.4byte	.LASF11
 383 0080 04       		.uleb128 0x4
 384 0081 81000000 		.4byte	.LASF12
 385 0085 02       		.byte	0x2
 386 0086 FB01     		.2byte	0x1fb
 387 0088 48000000 		.4byte	0x48
 388 008c 04       		.uleb128 0x4
 389 008d BD000000 		.4byte	.LASF13
 390 0091 02       		.byte	0x2
 391 0092 FD01     		.2byte	0x1fd
 392 0094 64000000 		.4byte	0x64
 393 0098 03       		.uleb128 0x3
 394 0099 04       		.byte	0x4
 395 009a 04       		.byte	0x4
 396 009b 5B000000 		.4byte	.LASF14
 397 009f 03       		.uleb128 0x3
 398 00a0 08       		.byte	0x8
 399 00a1 04       		.byte	0x4
 400 00a2 AA000000 		.4byte	.LASF15
 401 00a6 04       		.uleb128 0x4
 402 00a7 00000000 		.4byte	.LASF16
 403 00ab 02       		.byte	0x2
 404 00ac A702     		.2byte	0x2a7
 405 00ae B2000000 		.4byte	0xb2
 406 00b2 05       		.uleb128 0x5
 407 00b3 8C000000 		.4byte	0x8c
ARM GAS  C:\Users\ubald\AppData\Local\Temp\ccBRGH4b.s 			page 14


 408 00b7 06       		.uleb128 0x6
 409 00b8 3D000000 		.4byte	.LASF17
 410 00bc 01       		.byte	0x1
 411 00bd AA       		.byte	0xaa
 412 00be 00000000 		.4byte	.LFB4
 413 00c2 84000000 		.4byte	.LFE4-.LFB4
 414 00c6 01       		.uleb128 0x1
 415 00c7 9C       		.byte	0x9c
 416 00c8 16010000 		.4byte	0x116
 417 00cc 07       		.uleb128 0x7
 418 00cd 0E000000 		.4byte	.LVL0
 419 00d1 96010000 		.4byte	0x196
 420 00d5 DF000000 		.4byte	0xdf
 421 00d9 08       		.uleb128 0x8
 422 00da 01       		.uleb128 0x1
 423 00db 50       		.byte	0x50
 424 00dc 01       		.uleb128 0x1
 425 00dd 48       		.byte	0x48
 426 00de 00       		.byte	0
 427 00df 07       		.uleb128 0x7
 428 00e0 42000000 		.4byte	.LVL1
 429 00e4 A1010000 		.4byte	0x1a1
 430 00e8 F2000000 		.4byte	0xf2
 431 00ec 08       		.uleb128 0x8
 432 00ed 01       		.uleb128 0x1
 433 00ee 50       		.byte	0x50
 434 00ef 01       		.uleb128 0x1
 435 00f0 3D       		.byte	0x3d
 436 00f1 00       		.byte	0
 437 00f2 07       		.uleb128 0x7
 438 00f3 48000000 		.4byte	.LVL2
 439 00f7 AC010000 		.4byte	0x1ac
 440 00fb 05010000 		.4byte	0x105
 441 00ff 08       		.uleb128 0x8
 442 0100 01       		.uleb128 0x1
 443 0101 50       		.byte	0x50
 444 0102 01       		.uleb128 0x1
 445 0103 3D       		.byte	0x3d
 446 0104 00       		.byte	0
 447 0105 09       		.uleb128 0x9
 448 0106 52000000 		.4byte	.LVL3
 449 010a B7010000 		.4byte	0x1b7
 450 010e 08       		.uleb128 0x8
 451 010f 01       		.uleb128 0x1
 452 0110 50       		.byte	0x50
 453 0111 02       		.uleb128 0x2
 454 0112 75       		.byte	0x75
 455 0113 00       		.sleb128 0
 456 0114 00       		.byte	0
 457 0115 00       		.byte	0
 458 0116 0A       		.uleb128 0xa
 459 0117 94000000 		.4byte	.LASF19
 460 011b 01       		.byte	0x1
 461 011c F6       		.byte	0xf6
 462 011d 00000000 		.4byte	.LFB6
 463 0121 38000000 		.4byte	.LFE6-.LFB6
 464 0125 01       		.uleb128 0x1
ARM GAS  C:\Users\ubald\AppData\Local\Temp\ccBRGH4b.s 			page 15


 465 0126 9C       		.byte	0x9c
 466 0127 48010000 		.4byte	0x148
 467 012b 0B       		.uleb128 0xb
 468 012c 44010000 		.4byte	.LASF28
 469 0130 01       		.byte	0x1
 470 0131 F6       		.byte	0xf6
 471 0132 80000000 		.4byte	0x80
 472 0136 01       		.uleb128 0x1
 473 0137 50       		.byte	0x50
 474 0138 0C       		.uleb128 0xc
 475 0139 44020000 		.4byte	.LASF29
 476 013d 01       		.byte	0x1
 477 013e F8       		.byte	0xf8
 478 013f 8C000000 		.4byte	0x8c
 479 0143 00000000 		.4byte	.LLST0
 480 0147 00       		.byte	0
 481 0148 06       		.uleb128 0x6
 482 0149 06000000 		.4byte	.LASF18
 483 014d 01       		.byte	0x1
 484 014e DD       		.byte	0xdd
 485 014f 00000000 		.4byte	.LFB5
 486 0153 28000000 		.4byte	.LFE5-.LFB5
 487 0157 01       		.uleb128 0x1
 488 0158 9C       		.byte	0x9c
 489 0159 6D010000 		.4byte	0x16d
 490 015d 09       		.uleb128 0x9
 491 015e 18000000 		.4byte	.LVL13
 492 0162 16010000 		.4byte	0x116
 493 0166 08       		.uleb128 0x8
 494 0167 01       		.uleb128 0x1
 495 0168 50       		.byte	0x50
 496 0169 01       		.uleb128 0x1
 497 016a 31       		.byte	0x31
 498 016b 00       		.byte	0
 499 016c 00       		.byte	0
 500 016d 0D       		.uleb128 0xd
 501 016e 87000000 		.4byte	.LASF20
 502 0172 01       		.byte	0x1
 503 0173 2201     		.2byte	0x122
 504 0175 84000000 		.4byte	.LFB7
 505 0179 70000000 		.4byte	.LFE7-.LFB7
 506 017d 01       		.uleb128 0x1
 507 017e 9C       		.byte	0x9c
 508 017f 96010000 		.4byte	0x196
 509 0183 0E       		.uleb128 0xe
 510 0184 C6000000 		.4byte	.LVL14
 511 0188 B7000000 		.4byte	0xb7
 512 018c 0E       		.uleb128 0xe
 513 018d CA000000 		.4byte	.LVL15
 514 0191 48010000 		.4byte	0x148
 515 0195 00       		.byte	0
 516 0196 0F       		.uleb128 0xf
 517 0197 56010000 		.4byte	.LASF21
 518 019b 56010000 		.4byte	.LASF21
 519 019f 03       		.byte	0x3
 520 01a0 6C       		.byte	0x6c
 521 01a1 0F       		.uleb128 0xf
ARM GAS  C:\Users\ubald\AppData\Local\Temp\ccBRGH4b.s 			page 16


 522 01a2 2E000000 		.4byte	.LASF22
 523 01a6 2E000000 		.4byte	.LASF22
 524 01aa 03       		.byte	0x3
 525 01ab D0       		.byte	0xd0
 526 01ac 0F       		.uleb128 0xf
 527 01ad B1000000 		.4byte	.LASF23
 528 01b1 B1000000 		.4byte	.LASF23
 529 01b5 03       		.byte	0x3
 530 01b6 D6       		.byte	0xd6
 531 01b7 0F       		.uleb128 0xf
 532 01b8 17000000 		.4byte	.LASF24
 533 01bc 17000000 		.4byte	.LASF24
 534 01c0 04       		.byte	0x4
 535 01c1 9F       		.byte	0x9f
 536 01c2 00       		.byte	0
 537              		.section	.debug_abbrev,"",%progbits
 538              	.Ldebug_abbrev0:
 539 0000 01       		.uleb128 0x1
 540 0001 11       		.uleb128 0x11
 541 0002 01       		.byte	0x1
 542 0003 25       		.uleb128 0x25
 543 0004 0E       		.uleb128 0xe
 544 0005 13       		.uleb128 0x13
 545 0006 0B       		.uleb128 0xb
 546 0007 03       		.uleb128 0x3
 547 0008 0E       		.uleb128 0xe
 548 0009 1B       		.uleb128 0x1b
 549 000a 0E       		.uleb128 0xe
 550 000b 55       		.uleb128 0x55
 551 000c 17       		.uleb128 0x17
 552 000d 11       		.uleb128 0x11
 553 000e 01       		.uleb128 0x1
 554 000f 10       		.uleb128 0x10
 555 0010 17       		.uleb128 0x17
 556 0011 00       		.byte	0
 557 0012 00       		.byte	0
 558 0013 02       		.uleb128 0x2
 559 0014 24       		.uleb128 0x24
 560 0015 00       		.byte	0
 561 0016 0B       		.uleb128 0xb
 562 0017 0B       		.uleb128 0xb
 563 0018 3E       		.uleb128 0x3e
 564 0019 0B       		.uleb128 0xb
 565 001a 03       		.uleb128 0x3
 566 001b 08       		.uleb128 0x8
 567 001c 00       		.byte	0
 568 001d 00       		.byte	0
 569 001e 03       		.uleb128 0x3
 570 001f 24       		.uleb128 0x24
 571 0020 00       		.byte	0
 572 0021 0B       		.uleb128 0xb
 573 0022 0B       		.uleb128 0xb
 574 0023 3E       		.uleb128 0x3e
 575 0024 0B       		.uleb128 0xb
 576 0025 03       		.uleb128 0x3
 577 0026 0E       		.uleb128 0xe
 578 0027 00       		.byte	0
ARM GAS  C:\Users\ubald\AppData\Local\Temp\ccBRGH4b.s 			page 17


 579 0028 00       		.byte	0
 580 0029 04       		.uleb128 0x4
 581 002a 16       		.uleb128 0x16
 582 002b 00       		.byte	0
 583 002c 03       		.uleb128 0x3
 584 002d 0E       		.uleb128 0xe
 585 002e 3A       		.uleb128 0x3a
 586 002f 0B       		.uleb128 0xb
 587 0030 3B       		.uleb128 0x3b
 588 0031 05       		.uleb128 0x5
 589 0032 49       		.uleb128 0x49
 590 0033 13       		.uleb128 0x13
 591 0034 00       		.byte	0
 592 0035 00       		.byte	0
 593 0036 05       		.uleb128 0x5
 594 0037 35       		.uleb128 0x35
 595 0038 00       		.byte	0
 596 0039 49       		.uleb128 0x49
 597 003a 13       		.uleb128 0x13
 598 003b 00       		.byte	0
 599 003c 00       		.byte	0
 600 003d 06       		.uleb128 0x6
 601 003e 2E       		.uleb128 0x2e
 602 003f 01       		.byte	0x1
 603 0040 03       		.uleb128 0x3
 604 0041 0E       		.uleb128 0xe
 605 0042 3A       		.uleb128 0x3a
 606 0043 0B       		.uleb128 0xb
 607 0044 3B       		.uleb128 0x3b
 608 0045 0B       		.uleb128 0xb
 609 0046 27       		.uleb128 0x27
 610 0047 19       		.uleb128 0x19
 611 0048 11       		.uleb128 0x11
 612 0049 01       		.uleb128 0x1
 613 004a 12       		.uleb128 0x12
 614 004b 06       		.uleb128 0x6
 615 004c 40       		.uleb128 0x40
 616 004d 18       		.uleb128 0x18
 617 004e 9742     		.uleb128 0x2117
 618 0050 19       		.uleb128 0x19
 619 0051 01       		.uleb128 0x1
 620 0052 13       		.uleb128 0x13
 621 0053 00       		.byte	0
 622 0054 00       		.byte	0
 623 0055 07       		.uleb128 0x7
 624 0056 898201   		.uleb128 0x4109
 625 0059 01       		.byte	0x1
 626 005a 11       		.uleb128 0x11
 627 005b 01       		.uleb128 0x1
 628 005c 31       		.uleb128 0x31
 629 005d 13       		.uleb128 0x13
 630 005e 01       		.uleb128 0x1
 631 005f 13       		.uleb128 0x13
 632 0060 00       		.byte	0
 633 0061 00       		.byte	0
 634 0062 08       		.uleb128 0x8
 635 0063 8A8201   		.uleb128 0x410a
ARM GAS  C:\Users\ubald\AppData\Local\Temp\ccBRGH4b.s 			page 18


 636 0066 00       		.byte	0
 637 0067 02       		.uleb128 0x2
 638 0068 18       		.uleb128 0x18
 639 0069 9142     		.uleb128 0x2111
 640 006b 18       		.uleb128 0x18
 641 006c 00       		.byte	0
 642 006d 00       		.byte	0
 643 006e 09       		.uleb128 0x9
 644 006f 898201   		.uleb128 0x4109
 645 0072 01       		.byte	0x1
 646 0073 11       		.uleb128 0x11
 647 0074 01       		.uleb128 0x1
 648 0075 31       		.uleb128 0x31
 649 0076 13       		.uleb128 0x13
 650 0077 00       		.byte	0
 651 0078 00       		.byte	0
 652 0079 0A       		.uleb128 0xa
 653 007a 2E       		.uleb128 0x2e
 654 007b 01       		.byte	0x1
 655 007c 3F       		.uleb128 0x3f
 656 007d 19       		.uleb128 0x19
 657 007e 03       		.uleb128 0x3
 658 007f 0E       		.uleb128 0xe
 659 0080 3A       		.uleb128 0x3a
 660 0081 0B       		.uleb128 0xb
 661 0082 3B       		.uleb128 0x3b
 662 0083 0B       		.uleb128 0xb
 663 0084 27       		.uleb128 0x27
 664 0085 19       		.uleb128 0x19
 665 0086 11       		.uleb128 0x11
 666 0087 01       		.uleb128 0x1
 667 0088 12       		.uleb128 0x12
 668 0089 06       		.uleb128 0x6
 669 008a 40       		.uleb128 0x40
 670 008b 18       		.uleb128 0x18
 671 008c 9742     		.uleb128 0x2117
 672 008e 19       		.uleb128 0x19
 673 008f 01       		.uleb128 0x1
 674 0090 13       		.uleb128 0x13
 675 0091 00       		.byte	0
 676 0092 00       		.byte	0
 677 0093 0B       		.uleb128 0xb
 678 0094 05       		.uleb128 0x5
 679 0095 00       		.byte	0
 680 0096 03       		.uleb128 0x3
 681 0097 0E       		.uleb128 0xe
 682 0098 3A       		.uleb128 0x3a
 683 0099 0B       		.uleb128 0xb
 684 009a 3B       		.uleb128 0x3b
 685 009b 0B       		.uleb128 0xb
 686 009c 49       		.uleb128 0x49
 687 009d 13       		.uleb128 0x13
 688 009e 02       		.uleb128 0x2
 689 009f 18       		.uleb128 0x18
 690 00a0 00       		.byte	0
 691 00a1 00       		.byte	0
 692 00a2 0C       		.uleb128 0xc
ARM GAS  C:\Users\ubald\AppData\Local\Temp\ccBRGH4b.s 			page 19


 693 00a3 34       		.uleb128 0x34
 694 00a4 00       		.byte	0
 695 00a5 03       		.uleb128 0x3
 696 00a6 0E       		.uleb128 0xe
 697 00a7 3A       		.uleb128 0x3a
 698 00a8 0B       		.uleb128 0xb
 699 00a9 3B       		.uleb128 0x3b
 700 00aa 0B       		.uleb128 0xb
 701 00ab 49       		.uleb128 0x49
 702 00ac 13       		.uleb128 0x13
 703 00ad 02       		.uleb128 0x2
 704 00ae 17       		.uleb128 0x17
 705 00af 00       		.byte	0
 706 00b0 00       		.byte	0
 707 00b1 0D       		.uleb128 0xd
 708 00b2 2E       		.uleb128 0x2e
 709 00b3 01       		.byte	0x1
 710 00b4 3F       		.uleb128 0x3f
 711 00b5 19       		.uleb128 0x19
 712 00b6 03       		.uleb128 0x3
 713 00b7 0E       		.uleb128 0xe
 714 00b8 3A       		.uleb128 0x3a
 715 00b9 0B       		.uleb128 0xb
 716 00ba 3B       		.uleb128 0x3b
 717 00bb 05       		.uleb128 0x5
 718 00bc 27       		.uleb128 0x27
 719 00bd 19       		.uleb128 0x19
 720 00be 11       		.uleb128 0x11
 721 00bf 01       		.uleb128 0x1
 722 00c0 12       		.uleb128 0x12
 723 00c1 06       		.uleb128 0x6
 724 00c2 40       		.uleb128 0x40
 725 00c3 18       		.uleb128 0x18
 726 00c4 9742     		.uleb128 0x2117
 727 00c6 19       		.uleb128 0x19
 728 00c7 01       		.uleb128 0x1
 729 00c8 13       		.uleb128 0x13
 730 00c9 00       		.byte	0
 731 00ca 00       		.byte	0
 732 00cb 0E       		.uleb128 0xe
 733 00cc 898201   		.uleb128 0x4109
 734 00cf 00       		.byte	0
 735 00d0 11       		.uleb128 0x11
 736 00d1 01       		.uleb128 0x1
 737 00d2 31       		.uleb128 0x31
 738 00d3 13       		.uleb128 0x13
 739 00d4 00       		.byte	0
 740 00d5 00       		.byte	0
 741 00d6 0F       		.uleb128 0xf
 742 00d7 2E       		.uleb128 0x2e
 743 00d8 00       		.byte	0
 744 00d9 3F       		.uleb128 0x3f
 745 00da 19       		.uleb128 0x19
 746 00db 3C       		.uleb128 0x3c
 747 00dc 19       		.uleb128 0x19
 748 00dd 6E       		.uleb128 0x6e
 749 00de 0E       		.uleb128 0xe
ARM GAS  C:\Users\ubald\AppData\Local\Temp\ccBRGH4b.s 			page 20


 750 00df 03       		.uleb128 0x3
 751 00e0 0E       		.uleb128 0xe
 752 00e1 3A       		.uleb128 0x3a
 753 00e2 0B       		.uleb128 0xb
 754 00e3 3B       		.uleb128 0x3b
 755 00e4 0B       		.uleb128 0xb
 756 00e5 00       		.byte	0
 757 00e6 00       		.byte	0
 758 00e7 00       		.byte	0
 759              		.section	.debug_loc,"",%progbits
 760              	.Ldebug_loc0:
 761              	.LLST0:
 762 0000 04000000 		.4byte	.LVL5
 763 0004 12000000 		.4byte	.LVL7
 764 0008 0100     		.2byte	0x1
 765 000a 53       		.byte	0x53
 766 000b 14000000 		.4byte	.LVL8
 767 000f 1A000000 		.4byte	.LVL9
 768 0013 0100     		.2byte	0x1
 769 0015 53       		.byte	0x53
 770 0016 1A000000 		.4byte	.LVL9
 771 001a 1C000000 		.4byte	.LVL10
 772 001e 0200     		.2byte	0x2
 773 0020 72       		.byte	0x72
 774 0021 00       		.sleb128 0
 775 0022 1C000000 		.4byte	.LVL10
 776 0026 38000000 		.4byte	.LFE6
 777 002a 0100     		.2byte	0x1
 778 002c 53       		.byte	0x53
 779 002d 00000000 		.4byte	0
 780 0031 00000000 		.4byte	0
 781              		.section	.debug_aranges,"",%progbits
 782 0000 34000000 		.4byte	0x34
 783 0004 0200     		.2byte	0x2
 784 0006 00000000 		.4byte	.Ldebug_info0
 785 000a 04       		.byte	0x4
 786 000b 00       		.byte	0
 787 000c 0000     		.2byte	0
 788 000e 0000     		.2byte	0
 789 0010 00000000 		.4byte	.LFB4
 790 0014 84000000 		.4byte	.LFE4-.LFB4
 791 0018 00000000 		.4byte	.LFB6
 792 001c 38000000 		.4byte	.LFE6-.LFB6
 793 0020 00000000 		.4byte	.LFB5
 794 0024 28000000 		.4byte	.LFE5-.LFB5
 795 0028 84000000 		.4byte	.LFB7
 796 002c 70000000 		.4byte	.LFE7-.LFB7
 797 0030 00000000 		.4byte	0
 798 0034 00000000 		.4byte	0
 799              		.section	.debug_ranges,"",%progbits
 800              	.Ldebug_ranges0:
 801 0000 00000000 		.4byte	.LFB4
 802 0004 84000000 		.4byte	.LFE4
 803 0008 00000000 		.4byte	.LFB6
 804 000c 38000000 		.4byte	.LFE6
 805 0010 00000000 		.4byte	.LFB5
 806 0014 28000000 		.4byte	.LFE5
ARM GAS  C:\Users\ubald\AppData\Local\Temp\ccBRGH4b.s 			page 21


 807 0018 84000000 		.4byte	.LFB7
 808 001c F4000000 		.4byte	.LFE7
 809 0020 00000000 		.4byte	0
 810 0024 00000000 		.4byte	0
 811              		.section	.debug_line,"",%progbits
 812              	.Ldebug_line0:
 813 0000 C9000000 		.section	.debug_str,"MS",%progbits,1
 813      02006100 
 813      00000201 
 813      FB0E0D00 
 813      01010101 
 814              	.LASF16:
 815 0000 72656733 		.ascii	"reg32\000"
 815      3200
 816              	.LASF18:
 817 0006 416E616C 		.ascii	"AnalogSetDefault\000"
 817      6F675365 
 817      74446566 
 817      61756C74 
 817      00
 818              	.LASF24:
 819 0017 43795379 		.ascii	"CySysClkSetTimerSource\000"
 819      73436C6B 
 819      53657454 
 819      696D6572 
 819      536F7572 
 820              	.LASF22:
 821 002e 4379496E 		.ascii	"CyIntSetVector\000"
 821      74536574 
 821      56656374 
 821      6F7200
 822              	.LASF17:
 823 003d 436C6F63 		.ascii	"ClockSetup\000"
 823      6B536574 
 823      757000
 824              	.LASF6:
 825 0048 73686F72 		.ascii	"short unsigned int\000"
 825      7420756E 
 825      7369676E 
 825      65642069 
 825      6E7400
 826              	.LASF14:
 827 005b 666C6F61 		.ascii	"float\000"
 827      7400
 828              	.LASF4:
 829 0061 756E7369 		.ascii	"unsigned char\000"
 829      676E6564 
 829      20636861 
 829      7200
 830              	.LASF8:
 831 006f 6C6F6E67 		.ascii	"long unsigned int\000"
 831      20756E73 
 831      69676E65 
 831      6420696E 
 831      7400
 832              	.LASF12:
 833 0081 75696E74 		.ascii	"uint8\000"
ARM GAS  C:\Users\ubald\AppData\Local\Temp\ccBRGH4b.s 			page 22


 833      3800
 834              	.LASF20:
 835 0087 63796669 		.ascii	"cyfitter_cfg\000"
 835      74746572 
 835      5F636667 
 835      00
 836              	.LASF19:
 837 0094 53657441 		.ascii	"SetAnalogRoutingPumps\000"
 837      6E616C6F 
 837      67526F75 
 837      74696E67 
 837      50756D70 
 838              	.LASF15:
 839 00aa 646F7562 		.ascii	"double\000"
 839      6C6500
 840              	.LASF23:
 841 00b1 4379496E 		.ascii	"CyIntEnable\000"
 841      74456E61 
 841      626C6500 
 842              	.LASF13:
 843 00bd 75696E74 		.ascii	"uint32\000"
 843      333200
 844              	.LASF0:
 845 00c4 756E7369 		.ascii	"unsigned int\000"
 845      676E6564 
 845      20696E74 
 845      00
 846              	.LASF9:
 847 00d1 6C6F6E67 		.ascii	"long long unsigned int\000"
 847      206C6F6E 
 847      6720756E 
 847      7369676E 
 847      65642069 
 848              	.LASF27:
 849 00e8 433A5C55 		.ascii	"C:\\Users\\ubald\\Documents\\PSoC Creator\\Ejercici"
 849      73657273 
 849      5C756261 
 849      6C645C44 
 849      6F63756D 
 850 0116 6F335C43 		.ascii	"o3\\CapSense.cydsn\000"
 850      61705365 
 850      6E73652E 
 850      63796473 
 850      6E00
 851              	.LASF10:
 852 0128 73697A65 		.ascii	"sizetype\000"
 852      74797065 
 852      00
 853              	.LASF1:
 854 0131 6C6F6E67 		.ascii	"long long int\000"
 854      206C6F6E 
 854      6720696E 
 854      7400
 855              	.LASF11:
 856 013f 63686172 		.ascii	"char\000"
 856      00
 857              	.LASF28:
ARM GAS  C:\Users\ubald\AppData\Local\Temp\ccBRGH4b.s 			page 23


 858 0144 656E6162 		.ascii	"enabled\000"
 858      6C656400 
 859              	.LASF5:
 860 014c 73686F72 		.ascii	"short int\000"
 860      7420696E 
 860      7400
 861              	.LASF21:
 862 0156 43795379 		.ascii	"CySysClkWriteImoFreq\000"
 862      73436C6B 
 862      57726974 
 862      65496D6F 
 862      46726571 
 863              	.LASF7:
 864 016b 6C6F6E67 		.ascii	"long int\000"
 864      20696E74 
 864      00
 865              	.LASF2:
 866 0174 6C6F6E67 		.ascii	"long double\000"
 866      20646F75 
 866      626C6500 
 867              	.LASF25:
 868 0180 474E5520 		.ascii	"GNU C11 5.4.1 20160609 (release) [ARM/embedded-5-br"
 868      43313120 
 868      352E342E 
 868      31203230 
 868      31363036 
 869 01b3 616E6368 		.ascii	"anch revision 237715] -mcpu=cortex-m0plus -mthumb -"
 869      20726576 
 869      6973696F 
 869      6E203233 
 869      37373135 
 870 01e6 67202D4F 		.ascii	"g -Og -ffunction-sections -ffat-lto-objects\000"
 870      67202D66 
 870      66756E63 
 870      74696F6E 
 870      2D736563 
 871              	.LASF3:
 872 0212 7369676E 		.ascii	"signed char\000"
 872      65642063 
 872      68617200 
 873              	.LASF26:
 874 021e 47656E65 		.ascii	"Generated_Source\\PSoC4\\cyfitter_cfg.c\000"
 874      72617465 
 874      645F536F 
 874      75726365 
 874      5C50536F 
 875              	.LASF29:
 876 0244 72656756 		.ascii	"regValue\000"
 876      616C7565 
 876      00
 877              		.ident	"GCC: (GNU Tools for ARM Embedded Processors) 5.4.1 20160609 (release) [ARM/embedded-5-bran
