ARM GAS  C:\Users\ubald\AppData\Local\Temp\ccpcLfDS.s 			page 1


   1              		.syntax unified
   2              		.cpu cortex-m0plus
   3              		.fpu softvfp
   4              		.eabi_attribute 20, 1
   5              		.eabi_attribute 21, 1
   6              		.eabi_attribute 23, 3
   7              		.eabi_attribute 24, 1
   8              		.eabi_attribute 25, 1
   9              		.eabi_attribute 26, 1
  10              		.eabi_attribute 30, 1
  11              		.eabi_attribute 34, 0
  12              		.eabi_attribute 18, 4
  13              		.thumb
  14              		.syntax unified
  15              		.file	"cyfitter_cfg.c"
  16              		.text
  17              	.Ltext0:
  18              		.cfi_sections	.debug_frame
  19              		.section	.text.AnalogSetDefault,"ax",%progbits
  20              		.align	2
  21              		.code	16
  22              		.thumb_func
  23              		.type	AnalogSetDefault, %function
  24              	AnalogSetDefault:
  25              	.LFB5:
  26              		.file 1 "Generated_Source\\PSoC4\\cyfitter_cfg.c"
   1:Generated_Source\PSoC4/cyfitter_cfg.c **** 
   2:Generated_Source\PSoC4/cyfitter_cfg.c **** /*******************************************************************************
   3:Generated_Source\PSoC4/cyfitter_cfg.c **** * File Name: cyfitter_cfg.c
   4:Generated_Source\PSoC4/cyfitter_cfg.c **** * 
   5:Generated_Source\PSoC4/cyfitter_cfg.c **** * PSoC Creator  4.4
   6:Generated_Source\PSoC4/cyfitter_cfg.c **** *
   7:Generated_Source\PSoC4/cyfitter_cfg.c **** * Description:
   8:Generated_Source\PSoC4/cyfitter_cfg.c **** * This file contains device initialization code.
   9:Generated_Source\PSoC4/cyfitter_cfg.c **** * Except for the user defined sections in CyClockStartupError(), this file should not be modified.
  10:Generated_Source\PSoC4/cyfitter_cfg.c **** * This file is automatically generated by PSoC Creator.
  11:Generated_Source\PSoC4/cyfitter_cfg.c **** *
  12:Generated_Source\PSoC4/cyfitter_cfg.c **** ********************************************************************************
  13:Generated_Source\PSoC4/cyfitter_cfg.c **** * Copyright (c) 2007-2020 Cypress Semiconductor.  All rights reserved.
  14:Generated_Source\PSoC4/cyfitter_cfg.c **** * You may use this file only in accordance with the license, terms, conditions, 
  15:Generated_Source\PSoC4/cyfitter_cfg.c **** * disclaimers, and limitations in the end user license agreement accompanying 
  16:Generated_Source\PSoC4/cyfitter_cfg.c **** * the software package with which this file was provided.
  17:Generated_Source\PSoC4/cyfitter_cfg.c **** ********************************************************************************/
  18:Generated_Source\PSoC4/cyfitter_cfg.c **** 
  19:Generated_Source\PSoC4/cyfitter_cfg.c **** #include <string.h>
  20:Generated_Source\PSoC4/cyfitter_cfg.c **** #include "cytypes.h"
  21:Generated_Source\PSoC4/cyfitter_cfg.c **** #include "cydevice_trm.h"
  22:Generated_Source\PSoC4/cyfitter_cfg.c **** #include "cyfitter.h"
  23:Generated_Source\PSoC4/cyfitter_cfg.c **** #include "CyLib.h"
  24:Generated_Source\PSoC4/cyfitter_cfg.c **** #include "CyLFClk.h"
  25:Generated_Source\PSoC4/cyfitter_cfg.c **** #include "cyfitter_cfg.h"
  26:Generated_Source\PSoC4/cyfitter_cfg.c **** #include "cyapicallbacks.h"
  27:Generated_Source\PSoC4/cyfitter_cfg.c **** 
  28:Generated_Source\PSoC4/cyfitter_cfg.c **** 
  29:Generated_Source\PSoC4/cyfitter_cfg.c **** #if defined(__GNUC__) || defined(__ARMCC_VERSION)
  30:Generated_Source\PSoC4/cyfitter_cfg.c ****     #define CYPACKED 
  31:Generated_Source\PSoC4/cyfitter_cfg.c ****     #define CYPACKED_ATTR __attribute__ ((packed))
ARM GAS  C:\Users\ubald\AppData\Local\Temp\ccpcLfDS.s 			page 2


  32:Generated_Source\PSoC4/cyfitter_cfg.c ****     #define CYALIGNED __attribute__ ((aligned))
  33:Generated_Source\PSoC4/cyfitter_cfg.c ****     #define CY_CFG_UNUSED __attribute__ ((unused))
  34:Generated_Source\PSoC4/cyfitter_cfg.c ****     #ifndef CY_CFG_SECTION
  35:Generated_Source\PSoC4/cyfitter_cfg.c ****         #define CY_CFG_SECTION __attribute__ ((section(".psocinit")))
  36:Generated_Source\PSoC4/cyfitter_cfg.c ****     #endif
  37:Generated_Source\PSoC4/cyfitter_cfg.c ****     
  38:Generated_Source\PSoC4/cyfitter_cfg.c ****     #if defined(__ARMCC_VERSION)
  39:Generated_Source\PSoC4/cyfitter_cfg.c ****         #define CY_CFG_MEMORY_BARRIER() __memory_changed()
  40:Generated_Source\PSoC4/cyfitter_cfg.c ****     #else
  41:Generated_Source\PSoC4/cyfitter_cfg.c ****         #define CY_CFG_MEMORY_BARRIER() __sync_synchronize()
  42:Generated_Source\PSoC4/cyfitter_cfg.c ****     #endif
  43:Generated_Source\PSoC4/cyfitter_cfg.c ****     
  44:Generated_Source\PSoC4/cyfitter_cfg.c **** #elif defined(__ICCARM__)
  45:Generated_Source\PSoC4/cyfitter_cfg.c ****     #include <intrinsics.h>
  46:Generated_Source\PSoC4/cyfitter_cfg.c **** 
  47:Generated_Source\PSoC4/cyfitter_cfg.c ****     #define CYPACKED __packed
  48:Generated_Source\PSoC4/cyfitter_cfg.c ****     #define CYPACKED_ATTR 
  49:Generated_Source\PSoC4/cyfitter_cfg.c ****     #define CYALIGNED _Pragma("data_alignment=4")
  50:Generated_Source\PSoC4/cyfitter_cfg.c ****     #define CY_CFG_UNUSED _Pragma("diag_suppress=Pe177")
  51:Generated_Source\PSoC4/cyfitter_cfg.c ****     #define CY_CFG_SECTION _Pragma("location=\".psocinit\"")
  52:Generated_Source\PSoC4/cyfitter_cfg.c ****     
  53:Generated_Source\PSoC4/cyfitter_cfg.c ****     #define CY_CFG_MEMORY_BARRIER() __DMB()
  54:Generated_Source\PSoC4/cyfitter_cfg.c ****     
  55:Generated_Source\PSoC4/cyfitter_cfg.c **** #else
  56:Generated_Source\PSoC4/cyfitter_cfg.c ****     #error Unsupported toolchain
  57:Generated_Source\PSoC4/cyfitter_cfg.c **** #endif
  58:Generated_Source\PSoC4/cyfitter_cfg.c **** 
  59:Generated_Source\PSoC4/cyfitter_cfg.c **** #ifndef CYCODE
  60:Generated_Source\PSoC4/cyfitter_cfg.c ****     #define CYCODE
  61:Generated_Source\PSoC4/cyfitter_cfg.c **** #endif
  62:Generated_Source\PSoC4/cyfitter_cfg.c **** #ifndef CYDATA
  63:Generated_Source\PSoC4/cyfitter_cfg.c ****     #define CYDATA
  64:Generated_Source\PSoC4/cyfitter_cfg.c **** #endif
  65:Generated_Source\PSoC4/cyfitter_cfg.c **** #ifndef CYFAR
  66:Generated_Source\PSoC4/cyfitter_cfg.c ****     #define CYFAR
  67:Generated_Source\PSoC4/cyfitter_cfg.c **** #endif
  68:Generated_Source\PSoC4/cyfitter_cfg.c **** #ifndef CYXDATA
  69:Generated_Source\PSoC4/cyfitter_cfg.c ****     #define CYXDATA
  70:Generated_Source\PSoC4/cyfitter_cfg.c **** #endif
  71:Generated_Source\PSoC4/cyfitter_cfg.c **** 
  72:Generated_Source\PSoC4/cyfitter_cfg.c **** 
  73:Generated_Source\PSoC4/cyfitter_cfg.c **** CY_CFG_UNUSED
  74:Generated_Source\PSoC4/cyfitter_cfg.c **** static void CYMEMZERO(void *s, size_t n);
  75:Generated_Source\PSoC4/cyfitter_cfg.c **** CY_CFG_UNUSED
  76:Generated_Source\PSoC4/cyfitter_cfg.c **** static void CYMEMZERO(void *s, size_t n)
  77:Generated_Source\PSoC4/cyfitter_cfg.c **** {
  78:Generated_Source\PSoC4/cyfitter_cfg.c **** 	(void)memset(s, 0, n);
  79:Generated_Source\PSoC4/cyfitter_cfg.c **** }
  80:Generated_Source\PSoC4/cyfitter_cfg.c **** CY_CFG_UNUSED
  81:Generated_Source\PSoC4/cyfitter_cfg.c **** static void CYCONFIGCPY(void *dest, const void *src, size_t n);
  82:Generated_Source\PSoC4/cyfitter_cfg.c **** CY_CFG_UNUSED
  83:Generated_Source\PSoC4/cyfitter_cfg.c **** static void CYCONFIGCPY(void *dest, const void *src, size_t n)
  84:Generated_Source\PSoC4/cyfitter_cfg.c **** {
  85:Generated_Source\PSoC4/cyfitter_cfg.c **** 	(void)memcpy(dest, src, n);
  86:Generated_Source\PSoC4/cyfitter_cfg.c **** }
  87:Generated_Source\PSoC4/cyfitter_cfg.c **** CY_CFG_UNUSED
  88:Generated_Source\PSoC4/cyfitter_cfg.c **** static void CYCONFIGCPYCODE(void *dest, const void *src, size_t n);
ARM GAS  C:\Users\ubald\AppData\Local\Temp\ccpcLfDS.s 			page 3


  89:Generated_Source\PSoC4/cyfitter_cfg.c **** CY_CFG_UNUSED
  90:Generated_Source\PSoC4/cyfitter_cfg.c **** static void CYCONFIGCPYCODE(void *dest, const void *src, size_t n)
  91:Generated_Source\PSoC4/cyfitter_cfg.c **** {
  92:Generated_Source\PSoC4/cyfitter_cfg.c **** 	(void)memcpy(dest, src, n);
  93:Generated_Source\PSoC4/cyfitter_cfg.c **** }
  94:Generated_Source\PSoC4/cyfitter_cfg.c **** 
  95:Generated_Source\PSoC4/cyfitter_cfg.c **** 
  96:Generated_Source\PSoC4/cyfitter_cfg.c **** 
  97:Generated_Source\PSoC4/cyfitter_cfg.c **** 
  98:Generated_Source\PSoC4/cyfitter_cfg.c **** /* Clock startup error codes                                                   */
  99:Generated_Source\PSoC4/cyfitter_cfg.c **** #define CYCLOCKSTART_NO_ERROR    0u
 100:Generated_Source\PSoC4/cyfitter_cfg.c **** #define CYCLOCKSTART_XTAL_ERROR  1u
 101:Generated_Source\PSoC4/cyfitter_cfg.c **** #define CYCLOCKSTART_32KHZ_ERROR 2u
 102:Generated_Source\PSoC4/cyfitter_cfg.c **** #define CYCLOCKSTART_PLL_ERROR   3u
 103:Generated_Source\PSoC4/cyfitter_cfg.c **** #define CYCLOCKSTART_FLL_ERROR   4u
 104:Generated_Source\PSoC4/cyfitter_cfg.c **** #define CYCLOCKSTART_WCO_ERROR   5u
 105:Generated_Source\PSoC4/cyfitter_cfg.c **** 
 106:Generated_Source\PSoC4/cyfitter_cfg.c **** 
 107:Generated_Source\PSoC4/cyfitter_cfg.c **** #ifdef CY_NEED_CYCLOCKSTARTUPERROR
 108:Generated_Source\PSoC4/cyfitter_cfg.c **** /*******************************************************************************
 109:Generated_Source\PSoC4/cyfitter_cfg.c **** * Function Name: CyClockStartupError
 110:Generated_Source\PSoC4/cyfitter_cfg.c **** ********************************************************************************
 111:Generated_Source\PSoC4/cyfitter_cfg.c **** * Summary:
 112:Generated_Source\PSoC4/cyfitter_cfg.c **** *  If an error is encountered during clock configuration (crystal startup error,
 113:Generated_Source\PSoC4/cyfitter_cfg.c **** *  PLL lock error, etc.), the system will end up here.  Unless reimplemented by
 114:Generated_Source\PSoC4/cyfitter_cfg.c **** *  the customer, this function will stop in an infinite loop.
 115:Generated_Source\PSoC4/cyfitter_cfg.c **** *
 116:Generated_Source\PSoC4/cyfitter_cfg.c **** * Parameters:
 117:Generated_Source\PSoC4/cyfitter_cfg.c **** *   void
 118:Generated_Source\PSoC4/cyfitter_cfg.c **** *
 119:Generated_Source\PSoC4/cyfitter_cfg.c **** * Return:
 120:Generated_Source\PSoC4/cyfitter_cfg.c **** *   void
 121:Generated_Source\PSoC4/cyfitter_cfg.c **** *
 122:Generated_Source\PSoC4/cyfitter_cfg.c **** *******************************************************************************/
 123:Generated_Source\PSoC4/cyfitter_cfg.c **** CY_CFG_UNUSED
 124:Generated_Source\PSoC4/cyfitter_cfg.c **** static void CyClockStartupError(uint8 errorCode);
 125:Generated_Source\PSoC4/cyfitter_cfg.c **** CY_CFG_UNUSED
 126:Generated_Source\PSoC4/cyfitter_cfg.c **** static void CyClockStartupError(uint8 errorCode)
 127:Generated_Source\PSoC4/cyfitter_cfg.c **** {
 128:Generated_Source\PSoC4/cyfitter_cfg.c ****     /* To remove the compiler warning if errorCode not used.                */
 129:Generated_Source\PSoC4/cyfitter_cfg.c ****     errorCode = errorCode;
 130:Generated_Source\PSoC4/cyfitter_cfg.c **** 
 131:Generated_Source\PSoC4/cyfitter_cfg.c ****     /* If we have a clock startup error (bad MHz crystal, PLL lock, etc.),  */
 132:Generated_Source\PSoC4/cyfitter_cfg.c ****     /* we will end up here to allow the customer to implement something to  */
 133:Generated_Source\PSoC4/cyfitter_cfg.c ****     /* deal with the clock condition.                                       */
 134:Generated_Source\PSoC4/cyfitter_cfg.c **** 
 135:Generated_Source\PSoC4/cyfitter_cfg.c **** #ifdef CY_CFG_CLOCK_STARTUP_ERROR_CALLBACK
 136:Generated_Source\PSoC4/cyfitter_cfg.c ****     CY_CFG_Clock_Startup_ErrorCallback();
 137:Generated_Source\PSoC4/cyfitter_cfg.c **** #else
 138:Generated_Source\PSoC4/cyfitter_cfg.c ****     /*  If not using CY_CFG_CLOCK_STARTUP_ERROR_CALLBACK, place your clock startup code here. */
 139:Generated_Source\PSoC4/cyfitter_cfg.c ****     /* `#START CyClockStartupError` */
 140:Generated_Source\PSoC4/cyfitter_cfg.c **** 
 141:Generated_Source\PSoC4/cyfitter_cfg.c **** 
 142:Generated_Source\PSoC4/cyfitter_cfg.c **** 
 143:Generated_Source\PSoC4/cyfitter_cfg.c ****     /* `#END` */
 144:Generated_Source\PSoC4/cyfitter_cfg.c **** 
 145:Generated_Source\PSoC4/cyfitter_cfg.c ****     while(1) {}
ARM GAS  C:\Users\ubald\AppData\Local\Temp\ccpcLfDS.s 			page 4


 146:Generated_Source\PSoC4/cyfitter_cfg.c **** #endif /* CY_CFG_CLOCK_STARTUP_ERROR_CALLBACK */
 147:Generated_Source\PSoC4/cyfitter_cfg.c **** }
 148:Generated_Source\PSoC4/cyfitter_cfg.c **** #endif
 149:Generated_Source\PSoC4/cyfitter_cfg.c **** 
 150:Generated_Source\PSoC4/cyfitter_cfg.c **** 
 151:Generated_Source\PSoC4/cyfitter_cfg.c **** 
 152:Generated_Source\PSoC4/cyfitter_cfg.c **** /*******************************************************************************
 153:Generated_Source\PSoC4/cyfitter_cfg.c **** * Function Name: ClockSetup
 154:Generated_Source\PSoC4/cyfitter_cfg.c **** ********************************************************************************
 155:Generated_Source\PSoC4/cyfitter_cfg.c **** *
 156:Generated_Source\PSoC4/cyfitter_cfg.c **** * Summary:
 157:Generated_Source\PSoC4/cyfitter_cfg.c **** *   Performs the initialization of all of the clocks in the device based on the
 158:Generated_Source\PSoC4/cyfitter_cfg.c **** *   settings in the Clock tab of the DWR.  This includes enabling the requested
 159:Generated_Source\PSoC4/cyfitter_cfg.c **** *   clocks and setting the necessary dividers to produce the desired frequency. 
 160:Generated_Source\PSoC4/cyfitter_cfg.c **** *
 161:Generated_Source\PSoC4/cyfitter_cfg.c **** * Parameters:
 162:Generated_Source\PSoC4/cyfitter_cfg.c **** *   void
 163:Generated_Source\PSoC4/cyfitter_cfg.c **** *
 164:Generated_Source\PSoC4/cyfitter_cfg.c **** * Return:
 165:Generated_Source\PSoC4/cyfitter_cfg.c **** *   void
 166:Generated_Source\PSoC4/cyfitter_cfg.c **** *
 167:Generated_Source\PSoC4/cyfitter_cfg.c **** *******************************************************************************/
 168:Generated_Source\PSoC4/cyfitter_cfg.c **** static void ClockSetup(void);
 169:Generated_Source\PSoC4/cyfitter_cfg.c **** CY_CFG_SECTION
 170:Generated_Source\PSoC4/cyfitter_cfg.c **** static void ClockSetup(void)
 171:Generated_Source\PSoC4/cyfitter_cfg.c **** {
 172:Generated_Source\PSoC4/cyfitter_cfg.c **** 
 173:Generated_Source\PSoC4/cyfitter_cfg.c **** 	/* Set Flash Cycles based on max possible frequency in case a glitch occurs during ClockSetup(). *
 174:Generated_Source\PSoC4/cyfitter_cfg.c **** 	CY_SET_REG32((void CYXDATA *)(CYREG_CPUSS_FLASH_CTL), (0x0012u));
 175:Generated_Source\PSoC4/cyfitter_cfg.c **** 	/* Update IMO to new clock speed. */
 176:Generated_Source\PSoC4/cyfitter_cfg.c **** 	CySysClkWriteImoFreq(24u);
 177:Generated_Source\PSoC4/cyfitter_cfg.c **** 
 178:Generated_Source\PSoC4/cyfitter_cfg.c **** 	/* Setup phase aligned clocks */
 179:Generated_Source\PSoC4/cyfitter_cfg.c **** 
 180:Generated_Source\PSoC4/cyfitter_cfg.c **** 	/* CYDEV_CLK_SELECT Starting address: CYDEV_CLK_SELECT */
 181:Generated_Source\PSoC4/cyfitter_cfg.c **** 	CY_SET_REG32((void *)(CYREG_CLK_SELECT), 0x00000000u);
 182:Generated_Source\PSoC4/cyfitter_cfg.c **** 
 183:Generated_Source\PSoC4/cyfitter_cfg.c **** 	(void)CyIntSetVector(13u, &CySysTimerIsr);
 184:Generated_Source\PSoC4/cyfitter_cfg.c **** 	CyIntEnable(13u);
 185:Generated_Source\PSoC4/cyfitter_cfg.c **** 	CY_SET_REG32((void *)(CYREG_WCO_WDT_CONFIG), 0x00000000u);
 186:Generated_Source\PSoC4/cyfitter_cfg.c **** 	CySysClkSetTimerSource(CY_SYS_CLK_TIMER_SRC_ILO);
 187:Generated_Source\PSoC4/cyfitter_cfg.c **** 	/* Set Flash Cycles based on newly configured 24.00MHz HFCLK. */
 188:Generated_Source\PSoC4/cyfitter_cfg.c **** 	CY_SET_REG32((void CYXDATA *)(CYREG_CPUSS_FLASH_CTL), (0x0011u));
 189:Generated_Source\PSoC4/cyfitter_cfg.c **** }
 190:Generated_Source\PSoC4/cyfitter_cfg.c **** 
 191:Generated_Source\PSoC4/cyfitter_cfg.c **** 
 192:Generated_Source\PSoC4/cyfitter_cfg.c **** /* Analog API Functions */
 193:Generated_Source\PSoC4/cyfitter_cfg.c **** 
 194:Generated_Source\PSoC4/cyfitter_cfg.c **** 
 195:Generated_Source\PSoC4/cyfitter_cfg.c **** /*******************************************************************************
 196:Generated_Source\PSoC4/cyfitter_cfg.c **** * Function Name: AnalogSetDefault
 197:Generated_Source\PSoC4/cyfitter_cfg.c **** ********************************************************************************
 198:Generated_Source\PSoC4/cyfitter_cfg.c **** *
 199:Generated_Source\PSoC4/cyfitter_cfg.c **** * Summary:
 200:Generated_Source\PSoC4/cyfitter_cfg.c **** *  Sets up the analog portions of the chip to default values based on chip
 201:Generated_Source\PSoC4/cyfitter_cfg.c **** *  configuration options from the project.
 202:Generated_Source\PSoC4/cyfitter_cfg.c **** *
ARM GAS  C:\Users\ubald\AppData\Local\Temp\ccpcLfDS.s 			page 5


 203:Generated_Source\PSoC4/cyfitter_cfg.c **** * Parameters:
 204:Generated_Source\PSoC4/cyfitter_cfg.c **** *  void
 205:Generated_Source\PSoC4/cyfitter_cfg.c **** *
 206:Generated_Source\PSoC4/cyfitter_cfg.c **** * Return:
 207:Generated_Source\PSoC4/cyfitter_cfg.c **** *  void
 208:Generated_Source\PSoC4/cyfitter_cfg.c **** *
 209:Generated_Source\PSoC4/cyfitter_cfg.c **** *******************************************************************************/
 210:Generated_Source\PSoC4/cyfitter_cfg.c **** static void AnalogSetDefault(void);
 211:Generated_Source\PSoC4/cyfitter_cfg.c **** static void AnalogSetDefault(void)
 212:Generated_Source\PSoC4/cyfitter_cfg.c **** {
  27              		.loc 1 212 0
  28              		.cfi_startproc
  29              		@ args = 0, pretend = 0, frame = 0
  30              		@ frame_needed = 0, uses_anonymous_args = 0
  31              		@ link register save eliminated.
 213:Generated_Source\PSoC4/cyfitter_cfg.c **** 	CY_SET_XTND_REG32((void CYFAR *)CYREG_CTBM0_DFT_CTRL, 0x00000003u);
  32              		.loc 1 213 0
  33 0000 0322     		movs	r2, #3
  34 0002 034B     		ldr	r3, .L2
  35 0004 1A60     		str	r2, [r3]
 214:Generated_Source\PSoC4/cyfitter_cfg.c **** 	CY_SET_XTND_REG32((void CYFAR *)CYREG_PASS_DSAB_DSAB_CTRL, 0x00000020u);
  36              		.loc 1 214 0
  37 0006 1D32     		adds	r2, r2, #29
  38 0008 024B     		ldr	r3, .L2+4
  39 000a 1A60     		str	r2, [r3]
 215:Generated_Source\PSoC4/cyfitter_cfg.c **** }
  40              		.loc 1 215 0
  41              		@ sp needed
  42 000c 7047     		bx	lr
  43              	.L3:
  44 000e C046     		.align	2
  45              	.L2:
  46 0010 30003040 		.word	1076887600
  47 0014 000E3F40 		.word	1077874176
  48              		.cfi_endproc
  49              	.LFE5:
  50              		.size	AnalogSetDefault, .-AnalogSetDefault
  51              		.section	.psocinit,"ax",%progbits
  52              		.align	2
  53              		.code	16
  54              		.thumb_func
  55              		.type	ClockSetup, %function
  56              	ClockSetup:
  57              	.LFB4:
 171:Generated_Source\PSoC4/cyfitter_cfg.c **** 
  58              		.loc 1 171 0
  59              		.cfi_startproc
  60              		@ args = 0, pretend = 0, frame = 0
  61              		@ frame_needed = 0, uses_anonymous_args = 0
  62 0000 70B5     		push	{r4, r5, r6, lr}
  63              		.cfi_def_cfa_offset 16
  64              		.cfi_offset 4, -16
  65              		.cfi_offset 5, -12
  66              		.cfi_offset 6, -8
  67              		.cfi_offset 14, -4
 174:Generated_Source\PSoC4/cyfitter_cfg.c **** 	/* Update IMO to new clock speed. */
  68              		.loc 1 174 0
ARM GAS  C:\Users\ubald\AppData\Local\Temp\ccpcLfDS.s 			page 6


  69 0002 0C4C     		ldr	r4, .L5
  70 0004 1223     		movs	r3, #18
  71 0006 2360     		str	r3, [r4]
 176:Generated_Source\PSoC4/cyfitter_cfg.c **** 
  72              		.loc 1 176 0
  73 0008 1820     		movs	r0, #24
  74 000a FFF7FEFF 		bl	CySysClkWriteImoFreq
  75              	.LVL0:
 181:Generated_Source\PSoC4/cyfitter_cfg.c **** 
  76              		.loc 1 181 0
  77 000e 0025     		movs	r5, #0
  78 0010 094B     		ldr	r3, .L5+4
  79 0012 1D60     		str	r5, [r3]
 183:Generated_Source\PSoC4/cyfitter_cfg.c **** 	CyIntEnable(13u);
  80              		.loc 1 183 0
  81 0014 0949     		ldr	r1, .L5+8
  82 0016 0D20     		movs	r0, #13
  83 0018 FFF7FEFF 		bl	CyIntSetVector
  84              	.LVL1:
 184:Generated_Source\PSoC4/cyfitter_cfg.c **** 	CY_SET_REG32((void *)(CYREG_WCO_WDT_CONFIG), 0x00000000u);
  85              		.loc 1 184 0
  86 001c 0D20     		movs	r0, #13
  87 001e FFF7FEFF 		bl	CyIntEnable
  88              	.LVL2:
 185:Generated_Source\PSoC4/cyfitter_cfg.c **** 	CySysClkSetTimerSource(CY_SYS_CLK_TIMER_SRC_ILO);
  89              		.loc 1 185 0
  90 0022 074B     		ldr	r3, .L5+12
  91 0024 1D60     		str	r5, [r3]
 186:Generated_Source\PSoC4/cyfitter_cfg.c **** 	/* Set Flash Cycles based on newly configured 24.00MHz HFCLK. */
  92              		.loc 1 186 0
  93 0026 0020     		movs	r0, #0
  94 0028 FFF7FEFF 		bl	CySysClkSetTimerSource
  95              	.LVL3:
 188:Generated_Source\PSoC4/cyfitter_cfg.c **** }
  96              		.loc 1 188 0
  97 002c 1123     		movs	r3, #17
  98 002e 2360     		str	r3, [r4]
 189:Generated_Source\PSoC4/cyfitter_cfg.c **** 
  99              		.loc 1 189 0
 100              		@ sp needed
 101 0030 70BD     		pop	{r4, r5, r6, pc}
 102              	.L6:
 103 0032 C046     		.align	2
 104              	.L5:
 105 0034 30001040 		.word	1074790448
 106 0038 28000340 		.word	1073938472
 107 003c 00000000 		.word	CySysTimerIsr
 108 0040 0C022240 		.word	1075970572
 109              		.cfi_endproc
 110              	.LFE4:
 111              		.size	ClockSetup, .-ClockSetup
 112              		.align	2
 113              		.global	cyfitter_cfg
 114              		.code	16
 115              		.thumb_func
 116              		.type	cyfitter_cfg, %function
 117              	cyfitter_cfg:
ARM GAS  C:\Users\ubald\AppData\Local\Temp\ccpcLfDS.s 			page 7


 118              	.LFB6:
 216:Generated_Source\PSoC4/cyfitter_cfg.c **** 
 217:Generated_Source\PSoC4/cyfitter_cfg.c **** 
 218:Generated_Source\PSoC4/cyfitter_cfg.c **** 
 219:Generated_Source\PSoC4/cyfitter_cfg.c **** 
 220:Generated_Source\PSoC4/cyfitter_cfg.c **** /*******************************************************************************
 221:Generated_Source\PSoC4/cyfitter_cfg.c **** * Function Name: cyfitter_cfg
 222:Generated_Source\PSoC4/cyfitter_cfg.c **** ********************************************************************************
 223:Generated_Source\PSoC4/cyfitter_cfg.c **** * Summary:
 224:Generated_Source\PSoC4/cyfitter_cfg.c **** *  This function is called by the start-up code for the selected device. It
 225:Generated_Source\PSoC4/cyfitter_cfg.c **** *  performs all of the necessary device configuration based on the design
 226:Generated_Source\PSoC4/cyfitter_cfg.c **** *  settings.  This includes settings from the Design Wide Resources (DWR) such
 227:Generated_Source\PSoC4/cyfitter_cfg.c **** *  as Clocks and Pins as well as any component configuration that is necessary.
 228:Generated_Source\PSoC4/cyfitter_cfg.c **** *
 229:Generated_Source\PSoC4/cyfitter_cfg.c **** * Parameters:
 230:Generated_Source\PSoC4/cyfitter_cfg.c **** *   void
 231:Generated_Source\PSoC4/cyfitter_cfg.c **** *
 232:Generated_Source\PSoC4/cyfitter_cfg.c **** * Return:
 233:Generated_Source\PSoC4/cyfitter_cfg.c **** *   void
 234:Generated_Source\PSoC4/cyfitter_cfg.c **** *
 235:Generated_Source\PSoC4/cyfitter_cfg.c **** *******************************************************************************/
 236:Generated_Source\PSoC4/cyfitter_cfg.c **** CY_CFG_SECTION
 237:Generated_Source\PSoC4/cyfitter_cfg.c **** void cyfitter_cfg(void)
 238:Generated_Source\PSoC4/cyfitter_cfg.c **** {
 119              		.loc 1 238 0
 120              		.cfi_startproc
 121              		@ args = 0, pretend = 0, frame = 0
 122              		@ frame_needed = 0, uses_anonymous_args = 0
 123 0044 10B5     		push	{r4, lr}
 124              		.cfi_def_cfa_offset 8
 125              		.cfi_offset 4, -8
 126              		.cfi_offset 14, -4
 239:Generated_Source\PSoC4/cyfitter_cfg.c **** 	/* Disable interrupts by default. Let user enable if/when they want. */
 240:Generated_Source\PSoC4/cyfitter_cfg.c **** 	CyGlobalIntDisable;
 127              		.loc 1 240 0
 128              		.syntax divided
 129              	@ 240 "Generated_Source\PSoC4\cyfitter_cfg.c" 1
 130 0046 72B6     		CPSID   i
 131              	@ 0 "" 2
 241:Generated_Source\PSoC4/cyfitter_cfg.c **** 
 242:Generated_Source\PSoC4/cyfitter_cfg.c **** 	{
 243:Generated_Source\PSoC4/cyfitter_cfg.c **** 		/* HSIOM Starting address: CYDEV_HSIOM_BASE */
 244:Generated_Source\PSoC4/cyfitter_cfg.c **** 		CY_SET_REG32((void *)(CYREG_HSIOM_PORT_SEL3), 0x0000EE00u);
 132              		.loc 1 244 0
 133              		.thumb
 134              		.syntax unified
 135 0048 EE22     		movs	r2, #238
 136 004a 1202     		lsls	r2, r2, #8
 137 004c 054B     		ldr	r3, .L8
 138 004e 1A60     		str	r2, [r3]
 245:Generated_Source\PSoC4/cyfitter_cfg.c **** 
 246:Generated_Source\PSoC4/cyfitter_cfg.c **** 	}
 247:Generated_Source\PSoC4/cyfitter_cfg.c **** 
 248:Generated_Source\PSoC4/cyfitter_cfg.c **** 	/* Perform second pass device configuration. These items must be configured in specific order afte
 249:Generated_Source\PSoC4/cyfitter_cfg.c **** 	/* IOPINS0_3 Starting address: CYDEV_GPIO_PRT3_BASE */
 250:Generated_Source\PSoC4/cyfitter_cfg.c **** 	CY_SET_REG32((void *)(CYREG_GPIO_PRT3_PC), 0x00006D80u);
 139              		.loc 1 250 0
ARM GAS  C:\Users\ubald\AppData\Local\Temp\ccpcLfDS.s 			page 8


 140 0050 DB22     		movs	r2, #219
 141 0052 D201     		lsls	r2, r2, #7
 142 0054 044B     		ldr	r3, .L8+4
 143 0056 1A60     		str	r2, [r3]
 251:Generated_Source\PSoC4/cyfitter_cfg.c **** 
 252:Generated_Source\PSoC4/cyfitter_cfg.c **** 
 253:Generated_Source\PSoC4/cyfitter_cfg.c **** 	/* Setup clocks based on selections from Clock DWR */
 254:Generated_Source\PSoC4/cyfitter_cfg.c **** 	ClockSetup();
 144              		.loc 1 254 0
 145 0058 FFF7D2FF 		bl	ClockSetup
 146              	.LVL4:
 255:Generated_Source\PSoC4/cyfitter_cfg.c **** 
 256:Generated_Source\PSoC4/cyfitter_cfg.c **** 	/* Perform basic analog initialization to defaults */
 257:Generated_Source\PSoC4/cyfitter_cfg.c **** 	AnalogSetDefault();
 147              		.loc 1 257 0
 148 005c FFF7FEFF 		bl	AnalogSetDefault
 149              	.LVL5:
 258:Generated_Source\PSoC4/cyfitter_cfg.c **** 
 259:Generated_Source\PSoC4/cyfitter_cfg.c **** }
 150              		.loc 1 259 0
 151              		@ sp needed
 152 0060 10BD     		pop	{r4, pc}
 153              	.L9:
 154 0062 C046     		.align	2
 155              	.L8:
 156 0064 00030240 		.word	1073873664
 157 0068 08030440 		.word	1074004744
 158              		.cfi_endproc
 159              	.LFE6:
 160              		.size	cyfitter_cfg, .-cyfitter_cfg
 161              		.text
 162              	.Letext0:
 163              		.file 2 "Generated_Source\\PSoC4\\cytypes.h"
 164              		.file 3 "Generated_Source\\PSoC4\\CyLib.h"
 165              		.file 4 "Generated_Source\\PSoC4\\CyLFClk.h"
 166              		.section	.debug_info,"",%progbits
 167              	.Ldebug_info0:
 168 0000 6C010000 		.4byte	0x16c
 169 0004 0400     		.2byte	0x4
 170 0006 00000000 		.4byte	.Ldebug_abbrev0
 171 000a 04       		.byte	0x4
 172 000b 01       		.uleb128 0x1
 173 000c 85010000 		.4byte	.LASF20
 174 0010 0C       		.byte	0xc
 175 0011 15000000 		.4byte	.LASF21
 176 0015 A7000000 		.4byte	.LASF22
 177 0019 00000000 		.4byte	.Ldebug_ranges0+0
 178 001d 00000000 		.4byte	0
 179 0021 00000000 		.4byte	.Ldebug_line0
 180 0025 02       		.uleb128 0x2
 181 0026 04       		.byte	0x4
 182 0027 05       		.byte	0x5
 183 0028 696E7400 		.ascii	"int\000"
 184 002c 03       		.uleb128 0x3
 185 002d 04       		.byte	0x4
 186 002e 07       		.byte	0x7
 187 002f 3B000000 		.4byte	.LASF0
ARM GAS  C:\Users\ubald\AppData\Local\Temp\ccpcLfDS.s 			page 9


 188 0033 03       		.uleb128 0x3
 189 0034 08       		.byte	0x8
 190 0035 05       		.byte	0x5
 191 0036 00000000 		.4byte	.LASF1
 192 003a 03       		.uleb128 0x3
 193 003b 08       		.byte	0x8
 194 003c 04       		.byte	0x4
 195 003d 6F010000 		.4byte	.LASF2
 196 0041 03       		.uleb128 0x3
 197 0042 01       		.byte	0x1
 198 0043 06       		.byte	0x6
 199 0044 57010000 		.4byte	.LASF3
 200 0048 03       		.uleb128 0x3
 201 0049 01       		.byte	0x1
 202 004a 08       		.byte	0x8
 203 004b 48000000 		.4byte	.LASF4
 204 004f 03       		.uleb128 0x3
 205 0050 02       		.byte	0x2
 206 0051 05       		.byte	0x5
 207 0052 7B010000 		.4byte	.LASF5
 208 0056 03       		.uleb128 0x3
 209 0057 02       		.byte	0x2
 210 0058 07       		.byte	0x7
 211 0059 44010000 		.4byte	.LASF6
 212 005d 03       		.uleb128 0x3
 213 005e 04       		.byte	0x4
 214 005f 05       		.byte	0x5
 215 0060 FB000000 		.4byte	.LASF7
 216 0064 03       		.uleb128 0x3
 217 0065 04       		.byte	0x4
 218 0066 07       		.byte	0x7
 219 0067 6B000000 		.4byte	.LASF8
 220 006b 03       		.uleb128 0x3
 221 006c 08       		.byte	0x8
 222 006d 07       		.byte	0x7
 223 006e 8A000000 		.4byte	.LASF9
 224 0072 03       		.uleb128 0x3
 225 0073 04       		.byte	0x4
 226 0074 07       		.byte	0x7
 227 0075 17020000 		.4byte	.LASF10
 228 0079 03       		.uleb128 0x3
 229 007a 01       		.byte	0x1
 230 007b 08       		.byte	0x8
 231 007c F6000000 		.4byte	.LASF11
 232 0080 04       		.uleb128 0x4
 233 0081 0E000000 		.4byte	.LASF14
 234 0085 02       		.byte	0x2
 235 0086 FD01     		.2byte	0x1fd
 236 0088 64000000 		.4byte	0x64
 237 008c 03       		.uleb128 0x3
 238 008d 04       		.byte	0x4
 239 008e 04       		.byte	0x4
 240 008f A1000000 		.4byte	.LASF12
 241 0093 03       		.uleb128 0x3
 242 0094 08       		.byte	0x8
 243 0095 04       		.byte	0x4
 244 0096 37010000 		.4byte	.LASF13
ARM GAS  C:\Users\ubald\AppData\Local\Temp\ccpcLfDS.s 			page 10


 245 009a 04       		.uleb128 0x4
 246 009b 3E010000 		.4byte	.LASF15
 247 009f 02       		.byte	0x2
 248 00a0 A702     		.2byte	0x2a7
 249 00a2 A6000000 		.4byte	0xa6
 250 00a6 05       		.uleb128 0x5
 251 00a7 80000000 		.4byte	0x80
 252 00ab 06       		.uleb128 0x6
 253 00ac 04010000 		.4byte	.LASF23
 254 00b0 01       		.byte	0x1
 255 00b1 D3       		.byte	0xd3
 256 00b2 00000000 		.4byte	.LFB5
 257 00b6 18000000 		.4byte	.LFE5-.LFB5
 258 00ba 01       		.uleb128 0x1
 259 00bb 9C       		.byte	0x9c
 260 00bc 07       		.uleb128 0x7
 261 00bd 15010000 		.4byte	.LASF24
 262 00c1 01       		.byte	0x1
 263 00c2 AA       		.byte	0xaa
 264 00c3 00000000 		.4byte	.LFB4
 265 00c7 44000000 		.4byte	.LFE4-.LFB4
 266 00cb 01       		.uleb128 0x1
 267 00cc 9C       		.byte	0x9c
 268 00cd 1B010000 		.4byte	0x11b
 269 00d1 08       		.uleb128 0x8
 270 00d2 0E000000 		.4byte	.LVL0
 271 00d6 43010000 		.4byte	0x143
 272 00da E4000000 		.4byte	0xe4
 273 00de 09       		.uleb128 0x9
 274 00df 01       		.uleb128 0x1
 275 00e0 50       		.byte	0x50
 276 00e1 01       		.uleb128 0x1
 277 00e2 48       		.byte	0x48
 278 00e3 00       		.byte	0
 279 00e4 08       		.uleb128 0x8
 280 00e5 1C000000 		.4byte	.LVL1
 281 00e9 4E010000 		.4byte	0x14e
 282 00ed F7000000 		.4byte	0xf7
 283 00f1 09       		.uleb128 0x9
 284 00f2 01       		.uleb128 0x1
 285 00f3 50       		.byte	0x50
 286 00f4 01       		.uleb128 0x1
 287 00f5 3D       		.byte	0x3d
 288 00f6 00       		.byte	0
 289 00f7 08       		.uleb128 0x8
 290 00f8 22000000 		.4byte	.LVL2
 291 00fc 59010000 		.4byte	0x159
 292 0100 0A010000 		.4byte	0x10a
 293 0104 09       		.uleb128 0x9
 294 0105 01       		.uleb128 0x1
 295 0106 50       		.byte	0x50
 296 0107 01       		.uleb128 0x1
 297 0108 3D       		.byte	0x3d
 298 0109 00       		.byte	0
 299 010a 0A       		.uleb128 0xa
 300 010b 2C000000 		.4byte	.LVL3
 301 010f 64010000 		.4byte	0x164
ARM GAS  C:\Users\ubald\AppData\Local\Temp\ccpcLfDS.s 			page 11


 302 0113 09       		.uleb128 0x9
 303 0114 01       		.uleb128 0x1
 304 0115 50       		.byte	0x50
 305 0116 02       		.uleb128 0x2
 306 0117 75       		.byte	0x75
 307 0118 00       		.sleb128 0
 308 0119 00       		.byte	0
 309 011a 00       		.byte	0
 310 011b 0B       		.uleb128 0xb
 311 011c 7D000000 		.4byte	.LASF25
 312 0120 01       		.byte	0x1
 313 0121 ED       		.byte	0xed
 314 0122 44000000 		.4byte	.LFB6
 315 0126 28000000 		.4byte	.LFE6-.LFB6
 316 012a 01       		.uleb128 0x1
 317 012b 9C       		.byte	0x9c
 318 012c 43010000 		.4byte	0x143
 319 0130 0C       		.uleb128 0xc
 320 0131 5C000000 		.4byte	.LVL4
 321 0135 BC000000 		.4byte	0xbc
 322 0139 0C       		.uleb128 0xc
 323 013a 60000000 		.4byte	.LVL5
 324 013e AB000000 		.4byte	0xab
 325 0142 00       		.byte	0
 326 0143 0D       		.uleb128 0xd
 327 0144 56000000 		.4byte	.LASF16
 328 0148 56000000 		.4byte	.LASF16
 329 014c 03       		.byte	0x3
 330 014d 6C       		.byte	0x6c
 331 014e 0D       		.uleb128 0xd
 332 014f E7000000 		.4byte	.LASF17
 333 0153 E7000000 		.4byte	.LASF17
 334 0157 03       		.byte	0x3
 335 0158 D0       		.byte	0xd0
 336 0159 0D       		.uleb128 0xd
 337 015a 63010000 		.4byte	.LASF18
 338 015e 63010000 		.4byte	.LASF18
 339 0162 03       		.byte	0x3
 340 0163 D6       		.byte	0xd6
 341 0164 0D       		.uleb128 0xd
 342 0165 20010000 		.4byte	.LASF19
 343 0169 20010000 		.4byte	.LASF19
 344 016d 04       		.byte	0x4
 345 016e 9F       		.byte	0x9f
 346 016f 00       		.byte	0
 347              		.section	.debug_abbrev,"",%progbits
 348              	.Ldebug_abbrev0:
 349 0000 01       		.uleb128 0x1
 350 0001 11       		.uleb128 0x11
 351 0002 01       		.byte	0x1
 352 0003 25       		.uleb128 0x25
 353 0004 0E       		.uleb128 0xe
 354 0005 13       		.uleb128 0x13
 355 0006 0B       		.uleb128 0xb
 356 0007 03       		.uleb128 0x3
 357 0008 0E       		.uleb128 0xe
 358 0009 1B       		.uleb128 0x1b
ARM GAS  C:\Users\ubald\AppData\Local\Temp\ccpcLfDS.s 			page 12


 359 000a 0E       		.uleb128 0xe
 360 000b 55       		.uleb128 0x55
 361 000c 17       		.uleb128 0x17
 362 000d 11       		.uleb128 0x11
 363 000e 01       		.uleb128 0x1
 364 000f 10       		.uleb128 0x10
 365 0010 17       		.uleb128 0x17
 366 0011 00       		.byte	0
 367 0012 00       		.byte	0
 368 0013 02       		.uleb128 0x2
 369 0014 24       		.uleb128 0x24
 370 0015 00       		.byte	0
 371 0016 0B       		.uleb128 0xb
 372 0017 0B       		.uleb128 0xb
 373 0018 3E       		.uleb128 0x3e
 374 0019 0B       		.uleb128 0xb
 375 001a 03       		.uleb128 0x3
 376 001b 08       		.uleb128 0x8
 377 001c 00       		.byte	0
 378 001d 00       		.byte	0
 379 001e 03       		.uleb128 0x3
 380 001f 24       		.uleb128 0x24
 381 0020 00       		.byte	0
 382 0021 0B       		.uleb128 0xb
 383 0022 0B       		.uleb128 0xb
 384 0023 3E       		.uleb128 0x3e
 385 0024 0B       		.uleb128 0xb
 386 0025 03       		.uleb128 0x3
 387 0026 0E       		.uleb128 0xe
 388 0027 00       		.byte	0
 389 0028 00       		.byte	0
 390 0029 04       		.uleb128 0x4
 391 002a 16       		.uleb128 0x16
 392 002b 00       		.byte	0
 393 002c 03       		.uleb128 0x3
 394 002d 0E       		.uleb128 0xe
 395 002e 3A       		.uleb128 0x3a
 396 002f 0B       		.uleb128 0xb
 397 0030 3B       		.uleb128 0x3b
 398 0031 05       		.uleb128 0x5
 399 0032 49       		.uleb128 0x49
 400 0033 13       		.uleb128 0x13
 401 0034 00       		.byte	0
 402 0035 00       		.byte	0
 403 0036 05       		.uleb128 0x5
 404 0037 35       		.uleb128 0x35
 405 0038 00       		.byte	0
 406 0039 49       		.uleb128 0x49
 407 003a 13       		.uleb128 0x13
 408 003b 00       		.byte	0
 409 003c 00       		.byte	0
 410 003d 06       		.uleb128 0x6
 411 003e 2E       		.uleb128 0x2e
 412 003f 00       		.byte	0
 413 0040 03       		.uleb128 0x3
 414 0041 0E       		.uleb128 0xe
 415 0042 3A       		.uleb128 0x3a
ARM GAS  C:\Users\ubald\AppData\Local\Temp\ccpcLfDS.s 			page 13


 416 0043 0B       		.uleb128 0xb
 417 0044 3B       		.uleb128 0x3b
 418 0045 0B       		.uleb128 0xb
 419 0046 27       		.uleb128 0x27
 420 0047 19       		.uleb128 0x19
 421 0048 11       		.uleb128 0x11
 422 0049 01       		.uleb128 0x1
 423 004a 12       		.uleb128 0x12
 424 004b 06       		.uleb128 0x6
 425 004c 40       		.uleb128 0x40
 426 004d 18       		.uleb128 0x18
 427 004e 9742     		.uleb128 0x2117
 428 0050 19       		.uleb128 0x19
 429 0051 00       		.byte	0
 430 0052 00       		.byte	0
 431 0053 07       		.uleb128 0x7
 432 0054 2E       		.uleb128 0x2e
 433 0055 01       		.byte	0x1
 434 0056 03       		.uleb128 0x3
 435 0057 0E       		.uleb128 0xe
 436 0058 3A       		.uleb128 0x3a
 437 0059 0B       		.uleb128 0xb
 438 005a 3B       		.uleb128 0x3b
 439 005b 0B       		.uleb128 0xb
 440 005c 27       		.uleb128 0x27
 441 005d 19       		.uleb128 0x19
 442 005e 11       		.uleb128 0x11
 443 005f 01       		.uleb128 0x1
 444 0060 12       		.uleb128 0x12
 445 0061 06       		.uleb128 0x6
 446 0062 40       		.uleb128 0x40
 447 0063 18       		.uleb128 0x18
 448 0064 9742     		.uleb128 0x2117
 449 0066 19       		.uleb128 0x19
 450 0067 01       		.uleb128 0x1
 451 0068 13       		.uleb128 0x13
 452 0069 00       		.byte	0
 453 006a 00       		.byte	0
 454 006b 08       		.uleb128 0x8
 455 006c 898201   		.uleb128 0x4109
 456 006f 01       		.byte	0x1
 457 0070 11       		.uleb128 0x11
 458 0071 01       		.uleb128 0x1
 459 0072 31       		.uleb128 0x31
 460 0073 13       		.uleb128 0x13
 461 0074 01       		.uleb128 0x1
 462 0075 13       		.uleb128 0x13
 463 0076 00       		.byte	0
 464 0077 00       		.byte	0
 465 0078 09       		.uleb128 0x9
 466 0079 8A8201   		.uleb128 0x410a
 467 007c 00       		.byte	0
 468 007d 02       		.uleb128 0x2
 469 007e 18       		.uleb128 0x18
 470 007f 9142     		.uleb128 0x2111
 471 0081 18       		.uleb128 0x18
 472 0082 00       		.byte	0
ARM GAS  C:\Users\ubald\AppData\Local\Temp\ccpcLfDS.s 			page 14


 473 0083 00       		.byte	0
 474 0084 0A       		.uleb128 0xa
 475 0085 898201   		.uleb128 0x4109
 476 0088 01       		.byte	0x1
 477 0089 11       		.uleb128 0x11
 478 008a 01       		.uleb128 0x1
 479 008b 31       		.uleb128 0x31
 480 008c 13       		.uleb128 0x13
 481 008d 00       		.byte	0
 482 008e 00       		.byte	0
 483 008f 0B       		.uleb128 0xb
 484 0090 2E       		.uleb128 0x2e
 485 0091 01       		.byte	0x1
 486 0092 3F       		.uleb128 0x3f
 487 0093 19       		.uleb128 0x19
 488 0094 03       		.uleb128 0x3
 489 0095 0E       		.uleb128 0xe
 490 0096 3A       		.uleb128 0x3a
 491 0097 0B       		.uleb128 0xb
 492 0098 3B       		.uleb128 0x3b
 493 0099 0B       		.uleb128 0xb
 494 009a 27       		.uleb128 0x27
 495 009b 19       		.uleb128 0x19
 496 009c 11       		.uleb128 0x11
 497 009d 01       		.uleb128 0x1
 498 009e 12       		.uleb128 0x12
 499 009f 06       		.uleb128 0x6
 500 00a0 40       		.uleb128 0x40
 501 00a1 18       		.uleb128 0x18
 502 00a2 9742     		.uleb128 0x2117
 503 00a4 19       		.uleb128 0x19
 504 00a5 01       		.uleb128 0x1
 505 00a6 13       		.uleb128 0x13
 506 00a7 00       		.byte	0
 507 00a8 00       		.byte	0
 508 00a9 0C       		.uleb128 0xc
 509 00aa 898201   		.uleb128 0x4109
 510 00ad 00       		.byte	0
 511 00ae 11       		.uleb128 0x11
 512 00af 01       		.uleb128 0x1
 513 00b0 31       		.uleb128 0x31
 514 00b1 13       		.uleb128 0x13
 515 00b2 00       		.byte	0
 516 00b3 00       		.byte	0
 517 00b4 0D       		.uleb128 0xd
 518 00b5 2E       		.uleb128 0x2e
 519 00b6 00       		.byte	0
 520 00b7 3F       		.uleb128 0x3f
 521 00b8 19       		.uleb128 0x19
 522 00b9 3C       		.uleb128 0x3c
 523 00ba 19       		.uleb128 0x19
 524 00bb 6E       		.uleb128 0x6e
 525 00bc 0E       		.uleb128 0xe
 526 00bd 03       		.uleb128 0x3
 527 00be 0E       		.uleb128 0xe
 528 00bf 3A       		.uleb128 0x3a
 529 00c0 0B       		.uleb128 0xb
ARM GAS  C:\Users\ubald\AppData\Local\Temp\ccpcLfDS.s 			page 15


 530 00c1 3B       		.uleb128 0x3b
 531 00c2 0B       		.uleb128 0xb
 532 00c3 00       		.byte	0
 533 00c4 00       		.byte	0
 534 00c5 00       		.byte	0
 535              		.section	.debug_aranges,"",%progbits
 536 0000 2C000000 		.4byte	0x2c
 537 0004 0200     		.2byte	0x2
 538 0006 00000000 		.4byte	.Ldebug_info0
 539 000a 04       		.byte	0x4
 540 000b 00       		.byte	0
 541 000c 0000     		.2byte	0
 542 000e 0000     		.2byte	0
 543 0010 00000000 		.4byte	.LFB5
 544 0014 18000000 		.4byte	.LFE5-.LFB5
 545 0018 00000000 		.4byte	.LFB4
 546 001c 44000000 		.4byte	.LFE4-.LFB4
 547 0020 44000000 		.4byte	.LFB6
 548 0024 28000000 		.4byte	.LFE6-.LFB6
 549 0028 00000000 		.4byte	0
 550 002c 00000000 		.4byte	0
 551              		.section	.debug_ranges,"",%progbits
 552              	.Ldebug_ranges0:
 553 0000 00000000 		.4byte	.LFB5
 554 0004 18000000 		.4byte	.LFE5
 555 0008 00000000 		.4byte	.LFB4
 556 000c 44000000 		.4byte	.LFE4
 557 0010 44000000 		.4byte	.LFB6
 558 0014 6C000000 		.4byte	.LFE6
 559 0018 00000000 		.4byte	0
 560 001c 00000000 		.4byte	0
 561              		.section	.debug_line,"",%progbits
 562              	.Ldebug_line0:
 563 0000 9C000000 		.section	.debug_str,"MS",%progbits,1
 563      02006100 
 563      00000201 
 563      FB0E0D00 
 563      01010101 
 564              	.LASF1:
 565 0000 6C6F6E67 		.ascii	"long long int\000"
 565      206C6F6E 
 565      6720696E 
 565      7400
 566              	.LASF14:
 567 000e 75696E74 		.ascii	"uint32\000"
 567      333200
 568              	.LASF21:
 569 0015 47656E65 		.ascii	"Generated_Source\\PSoC4\\cyfitter_cfg.c\000"
 569      72617465 
 569      645F536F 
 569      75726365 
 569      5C50536F 
 570              	.LASF0:
 571 003b 756E7369 		.ascii	"unsigned int\000"
 571      676E6564 
 571      20696E74 
 571      00
ARM GAS  C:\Users\ubald\AppData\Local\Temp\ccpcLfDS.s 			page 16


 572              	.LASF4:
 573 0048 756E7369 		.ascii	"unsigned char\000"
 573      676E6564 
 573      20636861 
 573      7200
 574              	.LASF16:
 575 0056 43795379 		.ascii	"CySysClkWriteImoFreq\000"
 575      73436C6B 
 575      57726974 
 575      65496D6F 
 575      46726571 
 576              	.LASF8:
 577 006b 6C6F6E67 		.ascii	"long unsigned int\000"
 577      20756E73 
 577      69676E65 
 577      6420696E 
 577      7400
 578              	.LASF25:
 579 007d 63796669 		.ascii	"cyfitter_cfg\000"
 579      74746572 
 579      5F636667 
 579      00
 580              	.LASF9:
 581 008a 6C6F6E67 		.ascii	"long long unsigned int\000"
 581      206C6F6E 
 581      6720756E 
 581      7369676E 
 581      65642069 
 582              	.LASF12:
 583 00a1 666C6F61 		.ascii	"float\000"
 583      7400
 584              	.LASF22:
 585 00a7 433A5C55 		.ascii	"C:\\Users\\ubald\\Documents\\PSoC Creator\\Ejercici"
 585      73657273 
 585      5C756261 
 585      6C645C44 
 585      6F63756D 
 586 00d5 6F315C44 		.ascii	"o1\\Design01.cydsn\000"
 586      65736967 
 586      6E30312E 
 586      63796473 
 586      6E00
 587              	.LASF17:
 588 00e7 4379496E 		.ascii	"CyIntSetVector\000"
 588      74536574 
 588      56656374 
 588      6F7200
 589              	.LASF11:
 590 00f6 63686172 		.ascii	"char\000"
 590      00
 591              	.LASF7:
 592 00fb 6C6F6E67 		.ascii	"long int\000"
 592      20696E74 
 592      00
 593              	.LASF23:
 594 0104 416E616C 		.ascii	"AnalogSetDefault\000"
 594      6F675365 
ARM GAS  C:\Users\ubald\AppData\Local\Temp\ccpcLfDS.s 			page 17


 594      74446566 
 594      61756C74 
 594      00
 595              	.LASF24:
 596 0115 436C6F63 		.ascii	"ClockSetup\000"
 596      6B536574 
 596      757000
 597              	.LASF19:
 598 0120 43795379 		.ascii	"CySysClkSetTimerSource\000"
 598      73436C6B 
 598      53657454 
 598      696D6572 
 598      536F7572 
 599              	.LASF13:
 600 0137 646F7562 		.ascii	"double\000"
 600      6C6500
 601              	.LASF15:
 602 013e 72656733 		.ascii	"reg32\000"
 602      3200
 603              	.LASF6:
 604 0144 73686F72 		.ascii	"short unsigned int\000"
 604      7420756E 
 604      7369676E 
 604      65642069 
 604      6E7400
 605              	.LASF3:
 606 0157 7369676E 		.ascii	"signed char\000"
 606      65642063 
 606      68617200 
 607              	.LASF18:
 608 0163 4379496E 		.ascii	"CyIntEnable\000"
 608      74456E61 
 608      626C6500 
 609              	.LASF2:
 610 016f 6C6F6E67 		.ascii	"long double\000"
 610      20646F75 
 610      626C6500 
 611              	.LASF5:
 612 017b 73686F72 		.ascii	"short int\000"
 612      7420696E 
 612      7400
 613              	.LASF20:
 614 0185 474E5520 		.ascii	"GNU C11 5.4.1 20160609 (release) [ARM/embedded-5-br"
 614      43313120 
 614      352E342E 
 614      31203230 
 614      31363036 
 615 01b8 616E6368 		.ascii	"anch revision 237715] -mcpu=cortex-m0plus -mthumb -"
 615      20726576 
 615      6973696F 
 615      6E203233 
 615      37373135 
 616 01eb 67202D4F 		.ascii	"g -Og -ffunction-sections -ffat-lto-objects\000"
 616      67202D66 
 616      66756E63 
 616      74696F6E 
 616      2D736563 
ARM GAS  C:\Users\ubald\AppData\Local\Temp\ccpcLfDS.s 			page 18


 617              	.LASF10:
 618 0217 73697A65 		.ascii	"sizetype\000"
 618      74797065 
 618      00
 619              		.ident	"GCC: (GNU Tools for ARM Embedded Processors) 5.4.1 20160609 (release) [ARM/embedded-5-bran
